Archive member included to satisfy reference by file (symbol)

c:/program files (x86)/atmel/studio/7.0/toolchain/avr8/avr8-gnu-toolchain/bin/../lib/gcc/avr/5.4.0/avrxmega3/short-calls\libgcc.a(_exit.o)
                              C:/Program Files (x86)/Atmel/Studio/7.0/Packs/Atmel/ATtiny_DFP/1.3.172/gcc/dev/attiny817/avrxmega3/short-calls/crtattiny817.o (exit)
c:/program files (x86)/atmel/studio/7.0/toolchain/avr8/avr8-gnu-toolchain/bin/../lib/gcc/avr/5.4.0/avrxmega3/short-calls\libgcc.a(_clear_bss.o)
                              main.o (__do_clear_bss)
C:/Program Files (x86)/Atmel/Studio/7.0/Packs/Atmel/ATtiny_DFP/1.3.172/gcc/dev/attiny817/avrxmega3/short-calls\libattiny817.a(ccp_write.o)
                              main.o (ccp_write_io)

Allocating common symbols
Common symbol       size              file

p_BIGrcvData        0x2               main.o
g_ul_tick_count     0x2               main.o
mState              0x1               main.o
p_GPSrcvData        0x2               main.o
uBloxStatus         0x1               main.o
GPSSearchPtr        0x2               main.o

Discarded input sections

 .data          0x00000000        0x0 C:/Program Files (x86)/Atmel/Studio/7.0/Packs/Atmel/ATtiny_DFP/1.3.172/gcc/dev/attiny817/avrxmega3/short-calls/crtattiny817.o
 .bss           0x00000000        0x0 C:/Program Files (x86)/Atmel/Studio/7.0/Packs/Atmel/ATtiny_DFP/1.3.172/gcc/dev/attiny817/avrxmega3/short-calls/crtattiny817.o
 .text          0x00000000        0x0 atmel_start.o
 .data          0x00000000        0x0 atmel_start.o
 .bss           0x00000000        0x0 atmel_start.o
 .text          0x00000000        0x0 main.o
 .data          0x00000000        0x0 main.o
 .bss           0x00000000        0x0 main.o
 .text.searchRcvBuff
                0x00000000       0x42 main.o
 .text.uBloxChecksum
                0x00000000        0x4 main.o
 .text.pirSUdelay
                0x00000000       0x10 main.o
 .text.pirCLKdelay
                0x00000000        0x4 main.o
 .text.sendSPIbuff
                0x00000000       0x3e main.o
 .text.sendSPIbyte
                0x00000000       0x1a main.o
 .text.rcvSPIbuff
                0x00000000       0x1e main.o
 .text.USART_0_putc
                0x00000000       0x12 main.o
 .text.LCDshort
                0x00000000        0x2 main.o
 .text.hex1ToAscii
                0x00000000       0x4c main.o
 .progmem.gcc_sw_table.hex1ToAscii
                0x00000000       0x20 main.o
 .text.hex2ToAscii
                0x00000000       0x32 main.o
 .text.LCDclear
                0x00000000        0x2 main.o
 .avr.prop      0x00000000       0x5e main.o
 .text          0x00000000        0x0 src/bod.o
 .data          0x00000000        0x0 src/bod.o
 .bss           0x00000000        0x0 src/bod.o
 .text          0x00000000        0x0 src/clkctrl.o
 .data          0x00000000        0x0 src/clkctrl.o
 .bss           0x00000000        0x0 src/clkctrl.o
 .text          0x00000000        0x0 src/cpuint.o
 .data          0x00000000        0x0 src/cpuint.o
 .bss           0x00000000        0x0 src/cpuint.o
 .text          0x00000000        0x0 src/driver_init.o
 .data          0x00000000        0x0 src/driver_init.o
 .bss           0x00000000        0x0 src/driver_init.o
 .text          0x00000000        0x0 src/protected_io.o
 .data          0x00000000        0x0 src/protected_io.o
 .bss           0x00000000        0x0 src/protected_io.o
 .text          0x00000000        0x0 src/rtc.o
 .data          0x00000000        0x0 src/rtc.o
 .bss           0x00000000        0x0 src/rtc.o
 .text          0x00000000        0x0 src/slpctrl.o
 .data          0x00000000        0x0 src/slpctrl.o
 .bss           0x00000000        0x0 src/slpctrl.o
 .text          0x00000000        0x0 src/usart.o
 .data          0x00000000        0x0 src/usart.o
 .bss           0x00000000        0x0 src/usart.o
 .text          0x00000000        0x0 TWI_BitBang.o
 .data          0x00000000        0x0 TWI_BitBang.o
 .bss           0x00000000        0x0 TWI_BitBang.o
 .text.twi_disable
                0x00000000        0xa TWI_BitBang.o
 .text.write_scl
                0x00000000       0x14 TWI_BitBang.o
 .text.write_sda
                0x00000000        0xe TWI_BitBang.o
 .text.twi_init
                0x00000000       0x18 TWI_BitBang.o
 .text.myDelay_twi
                0x00000000       0x22 TWI_BitBang.o
 .text.twi_start_cond
                0x00000000       0x20 TWI_BitBang.o
 .text.twi_stop_cond
                0x00000000       0x14 TWI_BitBang.o
 .text.i2c_write_byte
                0x00000000       0x5c TWI_BitBang.o
 .text.send_slave_address
                0x00000000        0x6 TWI_BitBang.o
 .text.i2cAddressTest
                0x00000000       0x16 TWI_BitBang.o
 .text.i2cAddressTestRd
                0x00000000       0x16 TWI_BitBang.o
 .text.write_data
                0x00000000       0x6c TWI_BitBang.o
 .text.i2c_read_byte
                0x00000000       0xb2 TWI_BitBang.o
 .text.read_bytes
                0x00000000       0x54 TWI_BitBang.o
 .debug_info    0x00000000     0x11ba TWI_BitBang.o
 .debug_abbrev  0x00000000      0x328 TWI_BitBang.o
 .debug_loc     0x00000000      0xb6c TWI_BitBang.o
 .debug_aranges
                0x00000000       0x88 TWI_BitBang.o
 .debug_ranges  0x00000000       0x78 TWI_BitBang.o
 .debug_line    0x00000000      0x567 TWI_BitBang.o
 .debug_str     0x00000000      0x512 TWI_BitBang.o
 .comment       0x00000000       0x31 TWI_BitBang.o
 .debug_frame   0x00000000      0x180 TWI_BitBang.o
 .text          0x00000000        0x0 utils/initTinyBoard.o
 .data          0x00000000        0x0 utils/initTinyBoard.o
 .bss           0x00000000        0x0 utils/initTinyBoard.o
 .debug_info    0x00000000       0x5d utils/initTinyBoard.o
 .debug_abbrev  0x00000000       0x26 utils/initTinyBoard.o
 .debug_aranges
                0x00000000       0x18 utils/initTinyBoard.o
 .debug_line    0x00000000       0x1a utils/initTinyBoard.o
 .debug_str     0x00000000      0x1b5 utils/initTinyBoard.o
 .comment       0x00000000       0x31 utils/initTinyBoard.o
 .text          0x00000000        0x0 c:/program files (x86)/atmel/studio/7.0/toolchain/avr8/avr8-gnu-toolchain/bin/../lib/gcc/avr/5.4.0/avrxmega3/short-calls\libgcc.a(_exit.o)
 .data          0x00000000        0x0 c:/program files (x86)/atmel/studio/7.0/toolchain/avr8/avr8-gnu-toolchain/bin/../lib/gcc/avr/5.4.0/avrxmega3/short-calls\libgcc.a(_exit.o)
 .bss           0x00000000        0x0 c:/program files (x86)/atmel/studio/7.0/toolchain/avr8/avr8-gnu-toolchain/bin/../lib/gcc/avr/5.4.0/avrxmega3/short-calls\libgcc.a(_exit.o)
 .text.libgcc.mul
                0x00000000        0x0 c:/program files (x86)/atmel/studio/7.0/toolchain/avr8/avr8-gnu-toolchain/bin/../lib/gcc/avr/5.4.0/avrxmega3/short-calls\libgcc.a(_exit.o)
 .text.libgcc.div
                0x00000000        0x0 c:/program files (x86)/atmel/studio/7.0/toolchain/avr8/avr8-gnu-toolchain/bin/../lib/gcc/avr/5.4.0/avrxmega3/short-calls\libgcc.a(_exit.o)
 .text.libgcc   0x00000000        0x0 c:/program files (x86)/atmel/studio/7.0/toolchain/avr8/avr8-gnu-toolchain/bin/../lib/gcc/avr/5.4.0/avrxmega3/short-calls\libgcc.a(_exit.o)
 .text.libgcc.prologue
                0x00000000        0x0 c:/program files (x86)/atmel/studio/7.0/toolchain/avr8/avr8-gnu-toolchain/bin/../lib/gcc/avr/5.4.0/avrxmega3/short-calls\libgcc.a(_exit.o)
 .text.libgcc.builtins
                0x00000000        0x0 c:/program files (x86)/atmel/studio/7.0/toolchain/avr8/avr8-gnu-toolchain/bin/../lib/gcc/avr/5.4.0/avrxmega3/short-calls\libgcc.a(_exit.o)
 .text.libgcc.fmul
                0x00000000        0x0 c:/program files (x86)/atmel/studio/7.0/toolchain/avr8/avr8-gnu-toolchain/bin/../lib/gcc/avr/5.4.0/avrxmega3/short-calls\libgcc.a(_exit.o)
 .text.libgcc.fixed
                0x00000000        0x0 c:/program files (x86)/atmel/studio/7.0/toolchain/avr8/avr8-gnu-toolchain/bin/../lib/gcc/avr/5.4.0/avrxmega3/short-calls\libgcc.a(_exit.o)
 .text          0x00000000        0x0 c:/program files (x86)/atmel/studio/7.0/toolchain/avr8/avr8-gnu-toolchain/bin/../lib/gcc/avr/5.4.0/avrxmega3/short-calls\libgcc.a(_clear_bss.o)
 .data          0x00000000        0x0 c:/program files (x86)/atmel/studio/7.0/toolchain/avr8/avr8-gnu-toolchain/bin/../lib/gcc/avr/5.4.0/avrxmega3/short-calls\libgcc.a(_clear_bss.o)
 .bss           0x00000000        0x0 c:/program files (x86)/atmel/studio/7.0/toolchain/avr8/avr8-gnu-toolchain/bin/../lib/gcc/avr/5.4.0/avrxmega3/short-calls\libgcc.a(_clear_bss.o)
 .text.libgcc.mul
                0x00000000        0x0 c:/program files (x86)/atmel/studio/7.0/toolchain/avr8/avr8-gnu-toolchain/bin/../lib/gcc/avr/5.4.0/avrxmega3/short-calls\libgcc.a(_clear_bss.o)
 .text.libgcc.div
                0x00000000        0x0 c:/program files (x86)/atmel/studio/7.0/toolchain/avr8/avr8-gnu-toolchain/bin/../lib/gcc/avr/5.4.0/avrxmega3/short-calls\libgcc.a(_clear_bss.o)
 .text.libgcc   0x00000000        0x0 c:/program files (x86)/atmel/studio/7.0/toolchain/avr8/avr8-gnu-toolchain/bin/../lib/gcc/avr/5.4.0/avrxmega3/short-calls\libgcc.a(_clear_bss.o)
 .text.libgcc.prologue
                0x00000000        0x0 c:/program files (x86)/atmel/studio/7.0/toolchain/avr8/avr8-gnu-toolchain/bin/../lib/gcc/avr/5.4.0/avrxmega3/short-calls\libgcc.a(_clear_bss.o)
 .text.libgcc.builtins
                0x00000000        0x0 c:/program files (x86)/atmel/studio/7.0/toolchain/avr8/avr8-gnu-toolchain/bin/../lib/gcc/avr/5.4.0/avrxmega3/short-calls\libgcc.a(_clear_bss.o)
 .text.libgcc.fmul
                0x00000000        0x0 c:/program files (x86)/atmel/studio/7.0/toolchain/avr8/avr8-gnu-toolchain/bin/../lib/gcc/avr/5.4.0/avrxmega3/short-calls\libgcc.a(_clear_bss.o)
 .text.libgcc.fixed
                0x00000000        0x0 c:/program files (x86)/atmel/studio/7.0/toolchain/avr8/avr8-gnu-toolchain/bin/../lib/gcc/avr/5.4.0/avrxmega3/short-calls\libgcc.a(_clear_bss.o)
 .text          0x00000000        0x0 C:/Program Files (x86)/Atmel/Studio/7.0/Packs/Atmel/ATtiny_DFP/1.3.172/gcc/dev/attiny817/avrxmega3/short-calls\libattiny817.a(ccp_write.o)
 .data          0x00000000        0x0 C:/Program Files (x86)/Atmel/Studio/7.0/Packs/Atmel/ATtiny_DFP/1.3.172/gcc/dev/attiny817/avrxmega3/short-calls\libattiny817.a(ccp_write.o)
 .bss           0x00000000        0x0 C:/Program Files (x86)/Atmel/Studio/7.0/Packs/Atmel/ATtiny_DFP/1.3.172/gcc/dev/attiny817/avrxmega3/short-calls\libattiny817.a(ccp_write.o)

Memory Configuration

Name             Origin             Length             Attributes
text             0x00000000         0x00100000         xr
data             0x00802000         0x0000ffa0         rw !x
eeprom           0x00810000         0x00010000         rw !x
fuse             0x00820000         0x00000009         rw !x
lock             0x00830000         0x00000400         rw !x
signature        0x00840000         0x00000400         rw !x
user_signatures  0x00850000         0x00000400         rw !x
*default*        0x00000000         0xffffffff

Linker script and memory map

Address of section .data set to 0x803e00
                0x00008000                __RODATA_PM_OFFSET__ = 0x8000
LOAD C:/Program Files (x86)/Atmel/Studio/7.0/Packs/Atmel/ATtiny_DFP/1.3.172/gcc/dev/attiny817/avrxmega3/short-calls/crtattiny817.o
LOAD atmel_start.o
LOAD main.o
LOAD src/bod.o
LOAD src/clkctrl.o
LOAD src/cpuint.o
LOAD src/driver_init.o
LOAD src/protected_io.o
LOAD src/rtc.o
LOAD src/slpctrl.o
LOAD src/usart.o
LOAD TWI_BitBang.o
LOAD utils/initTinyBoard.o
START GROUP
LOAD c:/program files (x86)/atmel/studio/7.0/toolchain/avr8/avr8-gnu-toolchain/bin/../lib/gcc/avr/5.4.0/../../../../avr/lib/avrxmega3/short-calls\libm.a
END GROUP
START GROUP
LOAD c:/program files (x86)/atmel/studio/7.0/toolchain/avr8/avr8-gnu-toolchain/bin/../lib/gcc/avr/5.4.0/avrxmega3/short-calls\libgcc.a
LOAD c:/program files (x86)/atmel/studio/7.0/toolchain/avr8/avr8-gnu-toolchain/bin/../lib/gcc/avr/5.4.0/../../../../avr/lib/avrxmega3/short-calls\libm.a
LOAD c:/program files (x86)/atmel/studio/7.0/toolchain/avr8/avr8-gnu-toolchain/bin/../lib/gcc/avr/5.4.0/../../../../avr/lib/avrxmega3/short-calls\libc.a
LOAD C:/Program Files (x86)/Atmel/Studio/7.0/Packs/Atmel/ATtiny_DFP/1.3.172/gcc/dev/attiny817/avrxmega3/short-calls\libattiny817.a
END GROUP
                0x00100000                __TEXT_REGION_LENGTH__ = DEFINED (__TEXT_REGION_LENGTH__)?__TEXT_REGION_LENGTH__:0x100000
                0x0000ffa0                __DATA_REGION_LENGTH__ = DEFINED (__DATA_REGION_LENGTH__)?__DATA_REGION_LENGTH__:0xffa0
                0x00010000                __EEPROM_REGION_LENGTH__ = DEFINED (__EEPROM_REGION_LENGTH__)?__EEPROM_REGION_LENGTH__:0x10000
                [0x00000009]                __FUSE_REGION_LENGTH__ = DEFINED (__FUSE_REGION_LENGTH__)?__FUSE_REGION_LENGTH__:0x400
                0x00000400                __LOCK_REGION_LENGTH__ = DEFINED (__LOCK_REGION_LENGTH__)?__LOCK_REGION_LENGTH__:0x400
                0x00000400                __SIGNATURE_REGION_LENGTH__ = DEFINED (__SIGNATURE_REGION_LENGTH__)?__SIGNATURE_REGION_LENGTH__:0x400
                0x00000400                __USER_SIGNATURE_REGION_LENGTH__ = DEFINED (__USER_SIGNATURE_REGION_LENGTH__)?__USER_SIGNATURE_REGION_LENGTH__:0x400
                0x00008000                __RODATA_PM_OFFSET__ = DEFINED (__RODATA_PM_OFFSET__)?__RODATA_PM_OFFSET__:0x8000

.hash
 *(.hash)

.dynsym
 *(.dynsym)

.dynstr
 *(.dynstr)

.gnu.version
 *(.gnu.version)

.gnu.version_d
 *(.gnu.version_d)

.gnu.version_r
 *(.gnu.version_r)

.rel.init
 *(.rel.init)

.rela.init
 *(.rela.init)

.rel.text
 *(.rel.text)
 *(.rel.text.*)
 *(.rel.gnu.linkonce.t*)

.rela.text
 *(.rela.text)
 *(.rela.text.*)
 *(.rela.gnu.linkonce.t*)

.rel.fini
 *(.rel.fini)

.rela.fini
 *(.rela.fini)

.rel.rodata
 *(.rel.rodata)
 *(.rel.rodata.*)
 *(.rel.gnu.linkonce.r*)

.rela.rodata
 *(.rela.rodata)
 *(.rela.rodata.*)
 *(.rela.gnu.linkonce.r*)

.rel.data
 *(.rel.data)
 *(.rel.data.*)
 *(.rel.gnu.linkonce.d*)

.rela.data
 *(.rela.data)
 *(.rela.data.*)
 *(.rela.gnu.linkonce.d*)

.rel.ctors
 *(.rel.ctors)

.rela.ctors
 *(.rela.ctors)

.rel.dtors
 *(.rel.dtors)

.rela.dtors
 *(.rela.dtors)

.rel.got
 *(.rel.got)

.rela.got
 *(.rela.got)

.rel.bss
 *(.rel.bss)

.rela.bss
 *(.rela.bss)

.rel.plt
 *(.rel.plt)

.rela.plt
 *(.rela.plt)

.text           0x00000000     0x1c16
 *(.vectors)
 .vectors       0x00000000       0x34 C:/Program Files (x86)/Atmel/Studio/7.0/Packs/Atmel/ATtiny_DFP/1.3.172/gcc/dev/attiny817/avrxmega3/short-calls/crtattiny817.o
                0x00000000                __vector_default
                0x00000000                __vectors
 *(.vectors)
 *(.progmem.gcc*)
 .progmem.gcc_sw_table.asciiToHex
                0x00000034       0x26 main.o
 .progmem.gcc_sw_table.asciiHexToHex
                0x0000005a       0x5a main.o
 .progmem.gcc_sw_table.main
                0x000000b4       0x1c main.o
                0x000000d0                . = ALIGN (0x2)
                0x000000d0                __trampolines_start = .
 *(.trampolines)
 .trampolines   0x000000d0        0x0 linker stubs
 *(.trampolines*)
                0x000000d0                __trampolines_end = .
 *libprintf_flt.a:*(.progmem.data)
 *libc.a:*(.progmem.data)
 *(.progmem*)
                0x000000d0                . = ALIGN (0x2)
 *(.jumptables)
 *(.jumptables*)
 *(.lowtext)
 *(.lowtext*)
                0x000000d0                __ctors_start = .
 *(.ctors)
                0x000000d0                __ctors_end = .
                0x000000d0                __dtors_start = .
 *(.dtors)
                0x000000d0                __dtors_end = .
 SORT(*)(.ctors)
 SORT(*)(.dtors)
 *(.init0)
 .init0         0x000000d0        0x0 C:/Program Files (x86)/Atmel/Studio/7.0/Packs/Atmel/ATtiny_DFP/1.3.172/gcc/dev/attiny817/avrxmega3/short-calls/crtattiny817.o
                0x000000d0                __init
 *(.init0)
 *(.init1)
 *(.init1)
 *(.init2)
 .init2         0x000000d0        0xc C:/Program Files (x86)/Atmel/Studio/7.0/Packs/Atmel/ATtiny_DFP/1.3.172/gcc/dev/attiny817/avrxmega3/short-calls/crtattiny817.o
 *(.init2)
 *(.init3)
 *(.init3)
 *(.init4)
 .init4         0x000000dc       0x10 c:/program files (x86)/atmel/studio/7.0/toolchain/avr8/avr8-gnu-toolchain/bin/../lib/gcc/avr/5.4.0/avrxmega3/short-calls\libgcc.a(_clear_bss.o)
                0x000000dc                __do_clear_bss
 *(.init4)
 *(.init5)
 *(.init5)
 *(.init6)
 *(.init6)
 *(.init7)
 *(.init7)
 *(.init8)
 *(.init8)
 *(.init9)
 .init9         0x000000ec        0x4 C:/Program Files (x86)/Atmel/Studio/7.0/Packs/Atmel/ATtiny_DFP/1.3.172/gcc/dev/attiny817/avrxmega3/short-calls/crtattiny817.o
 *(.init9)
 *(.text)
 .text          0x000000f0        0x2 C:/Program Files (x86)/Atmel/Studio/7.0/Packs/Atmel/ATtiny_DFP/1.3.172/gcc/dev/attiny817/avrxmega3/short-calls/crtattiny817.o
                0x000000f0                __vector_1
                0x000000f0                __vector_24
                0x000000f0                __vector_12
                0x000000f0                __bad_interrupt
                0x000000f0                __vector_3
                0x000000f0                __vector_23
                0x000000f0                __vector_25
                0x000000f0                __vector_11
                0x000000f0                __vector_13
                0x000000f0                __vector_17
                0x000000f0                __vector_19
                0x000000f0                __vector_7
                0x000000f0                __vector_9
                0x000000f0                __vector_2
                0x000000f0                __vector_21
                0x000000f0                __vector_15
                0x000000f0                __vector_8
                0x000000f0                __vector_14
                0x000000f0                __vector_10
                0x000000f0                __vector_16
                0x000000f0                __vector_18
                0x000000f0                __vector_20
                0x000000f2                . = ALIGN (0x2)
 *(.text.*)
 .text.atmel_start_init
                0x000000f2        0x4 atmel_start.o
                0x000000f2                atmel_start_init
 .text.getBatt  0x000000f6       0xb2 main.o
                0x000000f6                getBatt
 .text.searchRcvBuffuBlox
                0x000001a8       0x50 main.o
                0x000001a8                searchRcvBuffuBlox
 .text.asciiToHex
                0x000001f8       0x96 main.o
                0x000001f8                asciiToHex
 .text.asciiHexToHex
                0x0000028e       0xe4 main.o
                0x0000028e                asciiHexToHex
 .text.delay_ms
                0x00000372       0x2e main.o
                0x00000372                delay_ms
 .text.redBlink
                0x000003a0       0x36 main.o
                0x000003a0                redBlink
 .text.redBlinkLong
                0x000003d6       0x36 main.o
                0x000003d6                redBlinkLong
 .text.myDelay_hus
                0x0000040c       0x2c main.o
                0x0000040c                myDelay_hus
 .text.usart_put_string
                0x00000438       0x22 main.o
                0x00000438                usart_put_string
 .text.initGPSuBlox
                0x0000045a       0xb2 main.o
                0x0000045a                initGPSuBlox
 .text.clrRx    0x0000050c       0x36 main.o
                0x0000050c                clrRx
 .text.gpsReqDateUblox
                0x00000542      0x2ae main.o
                0x00000542                gpsReqDateUblox
 .text.GPSgetDate
                0x000007f0       0x5e main.o
                0x000007f0                GPSgetDate
 .text.gpsReqStatusUblox
                0x0000084e      0x170 main.o
                0x0000084e                gpsReqStatusUblox
 .text.gpsReqLocUblox
                0x000009be      0x47e main.o
                0x000009be                gpsReqLocUblox
 .text.GPSgetTime
                0x00000e3c       0xa2 main.o
                0x00000e3c                GPSgetTime
 .text.chkMagnetFast
                0x00000ede       0x2c main.o
                0x00000ede                chkMagnetFast
 .text.chkMagnetSlow
                0x00000f0a       0x4c main.o
                0x00000f0a                chkMagnetSlow
 .text.calcCRC  0x00000f56       0x90 main.o
                0x00000f56                calcCRC
 .text.getByteFromBig
                0x00000fe6      0x140 main.o
                0x00000fe6                getByteFromBig
 .text.sendByteToBig
                0x00001126      0x1a0 main.o
                0x00001126                sendByteToBig
 .text.getPacketFromBig
                0x000012c6      0x17e main.o
                0x000012c6                getPacketFromBig
 .text.send23BytesToBig
                0x00001444       0x76 main.o
                0x00001444                send23BytesToBig
 .text.USART0_ON
                0x000014ba       0x18 main.o
                0x000014ba                USART0_ON
 .text.openGPSuBlox
                0x000014d2       0x16 main.o
                0x000014d2                openGPSuBlox
 .text.USART0_OFF
                0x000014e8        0xe main.o
                0x000014e8                USART0_OFF
 .text.closeGPS
                0x000014f6        0x8 main.o
                0x000014f6                closeGPS
 .text.gTryUblox
                0x000014fe       0xc0 main.o
                0x000014fe                gTryUblox
 .text.sleepPins
                0x000015be       0xf2 main.o
                0x000015be                sleepPins
 .text.getGPS   0x000016b0       0x8a main.o
                0x000016b0                getGPS
 .text.main     0x0000173a      0x288 main.o
                0x0000173a                main
 .text.__vector_5
                0x000019c2       0x88 main.o
                0x000019c2                __vector_5
 .text.__vector_22
                0x00001a4a       0x74 main.o
                0x00001a4a                __vector_22
 .text.__vector_4
                0x00001abe       0x42 main.o
                0x00001abe                __vector_4
 .text.__vector_6
                0x00001b00       0x48 main.o
                0x00001b00                __vector_6
 .text.BOD_init
                0x00001b48        0x4 src/bod.o
                0x00001b48                BOD_init
 .text.CLKCTRL_init
                0x00001b4c       0x22 src/clkctrl.o
                0x00001b4c                CLKCTRL_init
 .text.CPUINT_init
                0x00001b6e        0x4 src/cpuint.o
                0x00001b6e                CPUINT_init
 .text.mcu_init
                0x00001b72       0x26 src/driver_init.o
                0x00001b72                mcu_init
 .text.USART_0_initialization
                0x00001b98       0x14 src/driver_init.o
                0x00001b98                USART_0_initialization
 .text.system_init
                0x00001bac       0x10 src/driver_init.o
                0x00001bac                system_init
 .text.protected_write_io
                0x00001bbc        0x8 src/protected_io.o
                0x00001bbc                protected_write_io
 .text.RTC_0_init
                0x00001bc4       0x26 src/rtc.o
                0x00001bc4                RTC_0_init
 .text.SLPCTRL_init
                0x00001bea        0x4 src/slpctrl.o
                0x00001bea                SLPCTRL_init
 .text.USART_0_init
                0x00001bee       0x18 src/usart.o
                0x00001bee                USART_0_init
 .text.avr-libc
                0x00001c06        0xc C:/Program Files (x86)/Atmel/Studio/7.0/Packs/Atmel/ATtiny_DFP/1.3.172/gcc/dev/attiny817/avrxmega3/short-calls\libattiny817.a(ccp_write.o)
                0x00001c06                ccp_write_io
                0x00001c12                . = ALIGN (0x2)
 *(.fini9)
 .fini9         0x00001c12        0x0 c:/program files (x86)/atmel/studio/7.0/toolchain/avr8/avr8-gnu-toolchain/bin/../lib/gcc/avr/5.4.0/avrxmega3/short-calls\libgcc.a(_exit.o)
                0x00001c12                _exit
                0x00001c12                exit
 *(.fini9)
 *(.fini8)
 *(.fini8)
 *(.fini7)
 *(.fini7)
 *(.fini6)
 *(.fini6)
 *(.fini5)
 *(.fini5)
 *(.fini4)
 *(.fini4)
 *(.fini3)
 *(.fini3)
 *(.fini2)
 *(.fini2)
 *(.fini1)
 *(.fini1)
 *(.fini0)
 .fini0         0x00001c12        0x4 c:/program files (x86)/atmel/studio/7.0/toolchain/avr8/avr8-gnu-toolchain/bin/../lib/gcc/avr/5.4.0/avrxmega3/short-calls\libgcc.a(_exit.o)
 *(.fini0)
                0x00001c16                _etext = .

.rodata         0x00009c16       0xaf load address 0x00001c16
 *(.rodata)
 .rodata        0x00009c16       0xaf main.o
 *(.rodata*)
 *(.gnu.linkonce.r*)

.data           0x00803e00        0x0 load address 0x00001cc5
                [!provide]                PROVIDE (__data_start, .)
 *(.data)
 *(.data*)
 *(.gnu.linkonce.d*)
                0x00803e00                . = ALIGN (0x2)
                0x00803e00                _edata = .
                [!provide]                PROVIDE (__data_end, .)

.bss            0x00803e00       0xfe
                0x00803e00                PROVIDE (__bss_start, .)
 *(.bss)
 *(.bss*)
 .bss.g_motionMinTotal
                0x00803e00        0x1 main.o
 .bss.g_gotMotion
                0x00803e01        0x1 main.o
 .bss.g_GPSrcv_buffer
                0x00803e02       0xb6 main.o
 .bss.motParams
                0x00803eb8       0x1c main.o
 .bss.gpsParams
                0x00803ed4       0x1c main.o
 .bss.timeToFix
                0x00803ef0        0x2 main.o
 .bss.endOfLineFlag
                0x00803ef2        0x1 main.o
 .bss.rcvdCmd   0x00803ef3        0x1 main.o
                0x00803ef3                rcvdCmd
 *(COMMON)
 COMMON         0x00803ef4        0xa main.o
                0x00803ef4                p_BIGrcvData
                0x00803ef6                g_ul_tick_count
                0x00803ef8                mState
                0x00803ef9                p_GPSrcvData
                0x00803efb                uBloxStatus
                0x00803efc                GPSSearchPtr
                0x00803efe                PROVIDE (__bss_end, .)
                0x00001cc5                __data_load_start = LOADADDR (.data)
                0x00001cc5                __data_load_end = (__data_load_start + SIZEOF (.data))

.noinit         0x00803efe        0x0
                [!provide]                PROVIDE (__noinit_start, .)
 *(.noinit*)
                [!provide]                PROVIDE (__noinit_end, .)
                0x00803efe                _end = .
                [!provide]                PROVIDE (__heap_start, .)

.eeprom         0x00810000        0x0
 *(.eeprom*)
                0x00810000                __eeprom_end = .

.fuse
 *(.fuse)
 *(.lfuse)
 *(.hfuse)
 *(.efuse)

.lock
 *(.lock*)

.signature
 *(.signature*)

.user_signatures
 *(.user_signatures*)

.stab
 *(.stab)

.stabstr
 *(.stabstr)

.stab.excl
 *(.stab.excl)

.stab.exclstr
 *(.stab.exclstr)

.stab.index
 *(.stab.index)

.stab.indexstr
 *(.stab.indexstr)

.comment        0x00000000       0x30
 *(.comment)
 .comment       0x00000000       0x30 atmel_start.o
                                 0x31 (size before relaxing)
 .comment       0x00000030       0x31 main.o
 .comment       0x00000030       0x31 src/bod.o
 .comment       0x00000030       0x31 src/clkctrl.o
 .comment       0x00000030       0x31 src/cpuint.o
 .comment       0x00000030       0x31 src/driver_init.o
 .comment       0x00000030       0x31 src/rtc.o
 .comment       0x00000030       0x31 src/slpctrl.o
 .comment       0x00000030       0x31 src/usart.o

.note.gnu.avr.deviceinfo
                0x00000000       0x3c
 .note.gnu.avr.deviceinfo
                0x00000000       0x3c C:/Program Files (x86)/Atmel/Studio/7.0/Packs/Atmel/ATtiny_DFP/1.3.172/gcc/dev/attiny817/avrxmega3/short-calls/crtattiny817.o

.note.gnu.build-id
 *(.note.gnu.build-id)

.debug
 *(.debug)

.line
 *(.line)

.debug_srcinfo
 *(.debug_srcinfo)

.debug_sfnames
 *(.debug_sfnames)

.debug_aranges  0x00000000      0x2e0
 *(.debug_aranges)
 .debug_aranges
                0x00000000       0x20 atmel_start.o
 .debug_aranges
                0x00000020      0x190 main.o
 .debug_aranges
                0x000001b0       0x20 src/bod.o
 .debug_aranges
                0x000001d0       0x20 src/clkctrl.o
 .debug_aranges
                0x000001f0       0x20 src/cpuint.o
 .debug_aranges
                0x00000210       0x30 src/driver_init.o
 .debug_aranges
                0x00000240       0x20 src/protected_io.o
 .debug_aranges
                0x00000260       0x20 src/rtc.o
 .debug_aranges
                0x00000280       0x20 src/slpctrl.o
 .debug_aranges
                0x000002a0       0x20 src/usart.o
 .debug_aranges
                0x000002c0       0x20 C:/Program Files (x86)/Atmel/Studio/7.0/Packs/Atmel/ATtiny_DFP/1.3.172/gcc/dev/attiny817/avrxmega3/short-calls\libattiny817.a(ccp_write.o)

.debug_pubnames
 *(.debug_pubnames)

.debug_info     0x00000000     0x7280
 *(.debug_info .gnu.linkonce.wi.*)
 .debug_info    0x00000000     0x16bc C:/Program Files (x86)/Atmel/Studio/7.0/Packs/Atmel/ATtiny_DFP/1.3.172/gcc/dev/attiny817/avrxmega3/short-calls/crtattiny817.o
 .debug_info    0x000016bc       0x9a atmel_start.o
 .debug_info    0x00001756     0x476c main.o
 .debug_info    0x00005ec2       0x8d src/bod.o
 .debug_info    0x00005f4f      0x3f0 src/clkctrl.o
 .debug_info    0x0000633f       0x8d src/cpuint.o
 .debug_info    0x000063cc      0x653 src/driver_init.o
 .debug_info    0x00006a1f       0xab src/protected_io.o
 .debug_info    0x00006aca      0x422 src/rtc.o
 .debug_info    0x00006eec       0x8d src/slpctrl.o
 .debug_info    0x00006f79      0x248 src/usart.o
 .debug_info    0x000071c1       0xbf C:/Program Files (x86)/Atmel/Studio/7.0/Packs/Atmel/ATtiny_DFP/1.3.172/gcc/dev/attiny817/avrxmega3/short-calls\libattiny817.a(ccp_write.o)

.debug_abbrev   0x00000000     0x1fb3
 *(.debug_abbrev)
 .debug_abbrev  0x00000000     0x1582 C:/Program Files (x86)/Atmel/Studio/7.0/Packs/Atmel/ATtiny_DFP/1.3.172/gcc/dev/attiny817/avrxmega3/short-calls/crtattiny817.o
 .debug_abbrev  0x00001582       0x63 atmel_start.o
 .debug_abbrev  0x000015e5      0x43b main.o
 .debug_abbrev  0x00001a20       0x51 src/bod.o
 .debug_abbrev  0x00001a71      0x116 src/clkctrl.o
 .debug_abbrev  0x00001b87       0x51 src/cpuint.o
 .debug_abbrev  0x00001bd8      0x1ba src/driver_init.o
 .debug_abbrev  0x00001d92       0x14 src/protected_io.o
 .debug_abbrev  0x00001da6       0xd4 src/rtc.o
 .debug_abbrev  0x00001e7a       0x51 src/slpctrl.o
 .debug_abbrev  0x00001ecb       0xd4 src/usart.o
 .debug_abbrev  0x00001f9f       0x14 C:/Program Files (x86)/Atmel/Studio/7.0/Packs/Atmel/ATtiny_DFP/1.3.172/gcc/dev/attiny817/avrxmega3/short-calls\libattiny817.a(ccp_write.o)

.debug_line     0x00000000     0x2acd
 *(.debug_line .debug_line.* .debug_line_end)
 .debug_line    0x00000000      0x136 C:/Program Files (x86)/Atmel/Studio/7.0/Packs/Atmel/ATtiny_DFP/1.3.172/gcc/dev/attiny817/avrxmega3/short-calls/crtattiny817.o
 .debug_line    0x00000136       0x60 atmel_start.o
 .debug_line    0x00000196     0x20f3 main.o
 .debug_line    0x00002289       0xa2 src/bod.o
 .debug_line    0x0000232b      0x136 src/clkctrl.o
 .debug_line    0x00002461       0xa5 src/cpuint.o
 .debug_line    0x00002506      0x21a src/driver_init.o
 .debug_line    0x00002720       0x55 src/protected_io.o
 .debug_line    0x00002775      0x132 src/rtc.o
 .debug_line    0x000028a7       0xa6 src/slpctrl.o
 .debug_line    0x0000294d      0x116 src/usart.o
 .debug_line    0x00002a63       0x6a C:/Program Files (x86)/Atmel/Studio/7.0/Packs/Atmel/ATtiny_DFP/1.3.172/gcc/dev/attiny817/avrxmega3/short-calls\libattiny817.a(ccp_write.o)

.debug_frame    0x00000000      0x668
 *(.debug_frame)
 .debug_frame   0x00000000       0x24 atmel_start.o
 .debug_frame   0x00000024      0x528 main.o
 .debug_frame   0x0000054c       0x24 src/bod.o
 .debug_frame   0x00000570       0x24 src/clkctrl.o
 .debug_frame   0x00000594       0x24 src/cpuint.o
 .debug_frame   0x000005b8       0x44 src/driver_init.o
 .debug_frame   0x000005fc       0x24 src/rtc.o
 .debug_frame   0x00000620       0x24 src/slpctrl.o
 .debug_frame   0x00000644       0x24 src/usart.o

.debug_str      0x00000000     0x202d
 *(.debug_str)
 .debug_str     0x00000000      0x9a7 C:/Program Files (x86)/Atmel/Studio/7.0/Packs/Atmel/ATtiny_DFP/1.3.172/gcc/dev/attiny817/avrxmega3/short-calls/crtattiny817.o
 .debug_str     0x000009a7      0x199 atmel_start.o
                                0x1cd (size before relaxing)
 .debug_str     0x00000b40      0xfc6 main.o
                               0x1171 (size before relaxing)
 .debug_str     0x00001b06       0x16 src/bod.o
                                0x1ba (size before relaxing)
 .debug_str     0x00001b1c       0xd9 src/clkctrl.o
                                0x45f (size before relaxing)
 .debug_str     0x00001bf5       0x1c src/cpuint.o
                                0x1c0 (size before relaxing)
 .debug_str     0x00001c11       0x5a src/driver_init.o
                                0x496 (size before relaxing)
 .debug_str     0x00001c6b      0x358 src/rtc.o
                                0x61c (size before relaxing)
 .debug_str     0x00001fc3       0x11 src/slpctrl.o
                                0x1c2 (size before relaxing)
 .debug_str     0x00001fd4       0x59 src/usart.o
                                0x33f (size before relaxing)

.debug_loc      0x00000000     0x3791
 *(.debug_loc)
 .debug_loc     0x00000000     0x363f main.o
 .debug_loc     0x0000363f       0x7b src/clkctrl.o
 .debug_loc     0x000036ba       0xd7 src/driver_init.o

.debug_macinfo
 *(.debug_macinfo)

.debug_weaknames
 *(.debug_weaknames)

.debug_funcnames
 *(.debug_funcnames)

.debug_typenames
 *(.debug_typenames)

.debug_varnames
 *(.debug_varnames)

.debug_pubtypes
 *(.debug_pubtypes)

.debug_ranges   0x00000000      0x288
 *(.debug_ranges)
 .debug_ranges  0x00000000       0x10 atmel_start.o
 .debug_ranges  0x00000010      0x1f8 main.o
 .debug_ranges  0x00000208       0x10 src/bod.o
 .debug_ranges  0x00000218       0x10 src/clkctrl.o
 .debug_ranges  0x00000228       0x10 src/cpuint.o
 .debug_ranges  0x00000238       0x20 src/driver_init.o
 .debug_ranges  0x00000258       0x10 src/rtc.o
 .debug_ranges  0x00000268       0x10 src/slpctrl.o
 .debug_ranges  0x00000278       0x10 src/usart.o

.debug_macro
 *(.debug_macro)
OUTPUT(ADSW_TINY.elf elf32-avr)
LOAD linker stubs
