Archive member included to satisfy reference by file (symbol)

c:/program files (x86)/atmel/studio/7.0/toolchain/avr8/avr8-gnu-toolchain/bin/../lib/gcc/avr/5.4.0/avrxmega3/short-calls\libgcc.a(_exit.o)
                              C:/Program Files (x86)/Atmel/Studio/7.0/Packs/atmel/ATtiny_DFP/1.3.169/gcc/dev/attiny817/avrxmega3/short-calls/crtattiny817.o (exit)
c:/program files (x86)/atmel/studio/7.0/toolchain/avr8/avr8-gnu-toolchain/bin/../lib/gcc/avr/5.4.0/avrxmega3/short-calls\libgcc.a(_clear_bss.o)
                              driver_isr.o (__do_clear_bss)

Allocating common symbols
Common symbol       size              file

g_motionArchive     0x10e             driver_isr.o
g_ul_tick_count     0x2               driver_isr.o
g_ulcount           0x2               driver_isr.o
p_rcvData           0x2               driver_isr.o
g_uc_receive_buffer
                    0xa               driver_isr.o

Discarded input sections

 .data          0x00000000        0x0 C:/Program Files (x86)/Atmel/Studio/7.0/Packs/atmel/ATtiny_DFP/1.3.169/gcc/dev/attiny817/avrxmega3/short-calls/crtattiny817.o
 .bss           0x00000000        0x0 C:/Program Files (x86)/Atmel/Studio/7.0/Packs/atmel/ATtiny_DFP/1.3.169/gcc/dev/attiny817/avrxmega3/short-calls/crtattiny817.o
 .text          0x00000000        0x0 atmel_start.o
 .data          0x00000000        0x0 atmel_start.o
 .bss           0x00000000        0x0 atmel_start.o
 .text          0x00000000        0x0 driver_isr.o
 .data          0x00000000        0x0 driver_isr.o
 .bss           0x00000000        0x0 driver_isr.o
 COMMON         0x00000000      0x11e driver_isr.o
 .text          0x00000000        0x0 main.o
 .data          0x00000000        0x0 main.o
 .bss           0x00000000        0x0 main.o
 .text.sendSPIbuff
                0x00000000       0x3e main.o
 .text.sendSPIbyte
                0x00000000       0x1a main.o
 .text.rcvSPIbuff
                0x00000000       0x1e main.o
 .text.USART_0_putc
                0x00000000       0x12 main.o
 .text.fillTestArchive
                0x00000000       0x2a main.o
 .text.LCDbottomLine
                0x00000000       0x36 main.o
 .rodata.str1.1
                0x00000000       0x52 main.o
 .text.ATBD     0x00000000       0x3e main.o
 .text.ATAC     0x00000000       0x3e main.o
 .text.ATWR     0x00000000       0x3e main.o
 .text.ATCN     0x00000000       0x3e main.o
 .text.ATinit   0x00000000       0x3e main.o
 .text.clrRx    0x00000000       0x30 main.o
 .text.openXBee
                0x00000000       0x42 main.o
 .text.xbeeReset
                0x00000000       0x1a main.o
 .text.ATCommandMode
                0x00000000      0x23e main.o
 .text.xBeeInit
                0x00000000       0x4a main.o
 .text.closeXBee
                0x00000000       0x10 main.o
 .avr.prop      0x00000000       0x16 main.o
 .text          0x00000000        0x0 src/bod.o
 .data          0x00000000        0x0 src/bod.o
 .bss           0x00000000        0x0 src/bod.o
 .text          0x00000000        0x0 src/clkctrl.o
 .data          0x00000000        0x0 src/clkctrl.o
 .bss           0x00000000        0x0 src/clkctrl.o
 .text          0x00000000        0x0 src/cpuint.o
 .data          0x00000000        0x0 src/cpuint.o
 .bss           0x00000000        0x0 src/cpuint.o
 .text          0x00000000        0x0 src/driver_init.o
 .data          0x00000000        0x0 src/driver_init.o
 .bss           0x00000000        0x0 src/driver_init.o
 .text          0x00000000        0x0 src/protected_io.o
 .data          0x00000000        0x0 src/protected_io.o
 .bss           0x00000000        0x0 src/protected_io.o
 .text.protected_write_io
                0x00000000        0x8 src/protected_io.o
 .debug_line    0x00000000       0x55 src/protected_io.o
 .debug_info    0x00000000       0xaa src/protected_io.o
 .debug_abbrev  0x00000000       0x14 src/protected_io.o
 .debug_aranges
                0x00000000       0x20 src/protected_io.o
 .text          0x00000000        0x0 src/rtc.o
 .data          0x00000000        0x0 src/rtc.o
 .bss           0x00000000        0x0 src/rtc.o
 .text          0x00000000        0x0 src/slpctrl.o
 .data          0x00000000        0x0 src/slpctrl.o
 .bss           0x00000000        0x0 src/slpctrl.o
 .text          0x00000000        0x0 src/usart.o
 .data          0x00000000        0x0 src/usart.o
 .bss           0x00000000        0x0 src/usart.o
 .text          0x00000000        0x0 TWI_BitBang.o
 .data          0x00000000        0x0 TWI_BitBang.o
 .bss           0x00000000        0x0 TWI_BitBang.o
 .text.twi_disable
                0x00000000        0xa TWI_BitBang.o
 .text.twi_init
                0x00000000       0x1e TWI_BitBang.o
 .text.send_slave_address
                0x00000000        0x6 TWI_BitBang.o
 .text.i2cAddressTest
                0x00000000       0x16 TWI_BitBang.o
 .text.i2cAddressTestRd
                0x00000000       0x16 TWI_BitBang.o
 .text.write_data
                0x00000000       0x6c TWI_BitBang.o
 .text.read_bytes
                0x00000000       0x54 TWI_BitBang.o
 .text          0x00000000        0x0 utils/initTinyBoard.o
 .data          0x00000000        0x0 utils/initTinyBoard.o
 .bss           0x00000000        0x0 utils/initTinyBoard.o
 .debug_info    0x00000000       0x5d utils/initTinyBoard.o
 .debug_abbrev  0x00000000       0x26 utils/initTinyBoard.o
 .debug_aranges
                0x00000000       0x18 utils/initTinyBoard.o
 .debug_line    0x00000000       0x1a utils/initTinyBoard.o
 .debug_str     0x00000000      0x1b5 utils/initTinyBoard.o
 .comment       0x00000000       0x31 utils/initTinyBoard.o
 .text          0x00000000        0x0 c:/program files (x86)/atmel/studio/7.0/toolchain/avr8/avr8-gnu-toolchain/bin/../lib/gcc/avr/5.4.0/avrxmega3/short-calls\libgcc.a(_exit.o)
 .data          0x00000000        0x0 c:/program files (x86)/atmel/studio/7.0/toolchain/avr8/avr8-gnu-toolchain/bin/../lib/gcc/avr/5.4.0/avrxmega3/short-calls\libgcc.a(_exit.o)
 .bss           0x00000000        0x0 c:/program files (x86)/atmel/studio/7.0/toolchain/avr8/avr8-gnu-toolchain/bin/../lib/gcc/avr/5.4.0/avrxmega3/short-calls\libgcc.a(_exit.o)
 .text.libgcc.mul
                0x00000000        0x0 c:/program files (x86)/atmel/studio/7.0/toolchain/avr8/avr8-gnu-toolchain/bin/../lib/gcc/avr/5.4.0/avrxmega3/short-calls\libgcc.a(_exit.o)
 .text.libgcc.div
                0x00000000        0x0 c:/program files (x86)/atmel/studio/7.0/toolchain/avr8/avr8-gnu-toolchain/bin/../lib/gcc/avr/5.4.0/avrxmega3/short-calls\libgcc.a(_exit.o)
 .text.libgcc   0x00000000        0x0 c:/program files (x86)/atmel/studio/7.0/toolchain/avr8/avr8-gnu-toolchain/bin/../lib/gcc/avr/5.4.0/avrxmega3/short-calls\libgcc.a(_exit.o)
 .text.libgcc.prologue
                0x00000000        0x0 c:/program files (x86)/atmel/studio/7.0/toolchain/avr8/avr8-gnu-toolchain/bin/../lib/gcc/avr/5.4.0/avrxmega3/short-calls\libgcc.a(_exit.o)
 .text.libgcc.builtins
                0x00000000        0x0 c:/program files (x86)/atmel/studio/7.0/toolchain/avr8/avr8-gnu-toolchain/bin/../lib/gcc/avr/5.4.0/avrxmega3/short-calls\libgcc.a(_exit.o)
 .text.libgcc.fmul
                0x00000000        0x0 c:/program files (x86)/atmel/studio/7.0/toolchain/avr8/avr8-gnu-toolchain/bin/../lib/gcc/avr/5.4.0/avrxmega3/short-calls\libgcc.a(_exit.o)
 .text.libgcc.fixed
                0x00000000        0x0 c:/program files (x86)/atmel/studio/7.0/toolchain/avr8/avr8-gnu-toolchain/bin/../lib/gcc/avr/5.4.0/avrxmega3/short-calls\libgcc.a(_exit.o)
 .text          0x00000000        0x0 c:/program files (x86)/atmel/studio/7.0/toolchain/avr8/avr8-gnu-toolchain/bin/../lib/gcc/avr/5.4.0/avrxmega3/short-calls\libgcc.a(_clear_bss.o)
 .data          0x00000000        0x0 c:/program files (x86)/atmel/studio/7.0/toolchain/avr8/avr8-gnu-toolchain/bin/../lib/gcc/avr/5.4.0/avrxmega3/short-calls\libgcc.a(_clear_bss.o)
 .bss           0x00000000        0x0 c:/program files (x86)/atmel/studio/7.0/toolchain/avr8/avr8-gnu-toolchain/bin/../lib/gcc/avr/5.4.0/avrxmega3/short-calls\libgcc.a(_clear_bss.o)
 .text.libgcc.mul
                0x00000000        0x0 c:/program files (x86)/atmel/studio/7.0/toolchain/avr8/avr8-gnu-toolchain/bin/../lib/gcc/avr/5.4.0/avrxmega3/short-calls\libgcc.a(_clear_bss.o)
 .text.libgcc.div
                0x00000000        0x0 c:/program files (x86)/atmel/studio/7.0/toolchain/avr8/avr8-gnu-toolchain/bin/../lib/gcc/avr/5.4.0/avrxmega3/short-calls\libgcc.a(_clear_bss.o)
 .text.libgcc   0x00000000        0x0 c:/program files (x86)/atmel/studio/7.0/toolchain/avr8/avr8-gnu-toolchain/bin/../lib/gcc/avr/5.4.0/avrxmega3/short-calls\libgcc.a(_clear_bss.o)
 .text.libgcc.prologue
                0x00000000        0x0 c:/program files (x86)/atmel/studio/7.0/toolchain/avr8/avr8-gnu-toolchain/bin/../lib/gcc/avr/5.4.0/avrxmega3/short-calls\libgcc.a(_clear_bss.o)
 .text.libgcc.builtins
                0x00000000        0x0 c:/program files (x86)/atmel/studio/7.0/toolchain/avr8/avr8-gnu-toolchain/bin/../lib/gcc/avr/5.4.0/avrxmega3/short-calls\libgcc.a(_clear_bss.o)
 .text.libgcc.fmul
                0x00000000        0x0 c:/program files (x86)/atmel/studio/7.0/toolchain/avr8/avr8-gnu-toolchain/bin/../lib/gcc/avr/5.4.0/avrxmega3/short-calls\libgcc.a(_clear_bss.o)
 .text.libgcc.fixed
                0x00000000        0x0 c:/program files (x86)/atmel/studio/7.0/toolchain/avr8/avr8-gnu-toolchain/bin/../lib/gcc/avr/5.4.0/avrxmega3/short-calls\libgcc.a(_clear_bss.o)

Memory Configuration

Name             Origin             Length             Attributes
text             0x00000000         0x00100000         xr
data             0x00802000         0x0000ffa0         rw !x
eeprom           0x00810000         0x00010000         rw !x
fuse             0x00820000         0x00000009         rw !x
lock             0x00830000         0x00000400         rw !x
signature        0x00840000         0x00000400         rw !x
user_signatures  0x00850000         0x00000400         rw !x
*default*        0x00000000         0xffffffff

Linker script and memory map

Address of section .data set to 0x803e00
                0x00008000                __RODATA_PM_OFFSET__ = 0x8000
LOAD C:/Program Files (x86)/Atmel/Studio/7.0/Packs/atmel/ATtiny_DFP/1.3.169/gcc/dev/attiny817/avrxmega3/short-calls/crtattiny817.o
LOAD atmel_start.o
LOAD driver_isr.o
LOAD main.o
LOAD src/bod.o
LOAD src/clkctrl.o
LOAD src/cpuint.o
LOAD src/driver_init.o
LOAD src/protected_io.o
LOAD src/rtc.o
LOAD src/slpctrl.o
LOAD src/usart.o
LOAD TWI_BitBang.o
LOAD utils/initTinyBoard.o
START GROUP
LOAD c:/program files (x86)/atmel/studio/7.0/toolchain/avr8/avr8-gnu-toolchain/bin/../lib/gcc/avr/5.4.0/../../../../avr/lib/avrxmega3/short-calls\libm.a
END GROUP
START GROUP
LOAD c:/program files (x86)/atmel/studio/7.0/toolchain/avr8/avr8-gnu-toolchain/bin/../lib/gcc/avr/5.4.0/avrxmega3/short-calls\libgcc.a
LOAD c:/program files (x86)/atmel/studio/7.0/toolchain/avr8/avr8-gnu-toolchain/bin/../lib/gcc/avr/5.4.0/../../../../avr/lib/avrxmega3/short-calls\libm.a
LOAD c:/program files (x86)/atmel/studio/7.0/toolchain/avr8/avr8-gnu-toolchain/bin/../lib/gcc/avr/5.4.0/../../../../avr/lib/avrxmega3/short-calls\libc.a
LOAD C:/Program Files (x86)/Atmel/Studio/7.0/Packs/atmel/ATtiny_DFP/1.3.169/gcc/dev/attiny817/avrxmega3/short-calls\libattiny817.a
END GROUP
                0x00100000                __TEXT_REGION_LENGTH__ = DEFINED (__TEXT_REGION_LENGTH__)?__TEXT_REGION_LENGTH__:0x100000
                0x0000ffa0                __DATA_REGION_LENGTH__ = DEFINED (__DATA_REGION_LENGTH__)?__DATA_REGION_LENGTH__:0xffa0
                0x00010000                __EEPROM_REGION_LENGTH__ = DEFINED (__EEPROM_REGION_LENGTH__)?__EEPROM_REGION_LENGTH__:0x10000
                [0x00000009]                __FUSE_REGION_LENGTH__ = DEFINED (__FUSE_REGION_LENGTH__)?__FUSE_REGION_LENGTH__:0x400
                0x00000400                __LOCK_REGION_LENGTH__ = DEFINED (__LOCK_REGION_LENGTH__)?__LOCK_REGION_LENGTH__:0x400
                0x00000400                __SIGNATURE_REGION_LENGTH__ = DEFINED (__SIGNATURE_REGION_LENGTH__)?__SIGNATURE_REGION_LENGTH__:0x400
                0x00000400                __USER_SIGNATURE_REGION_LENGTH__ = DEFINED (__USER_SIGNATURE_REGION_LENGTH__)?__USER_SIGNATURE_REGION_LENGTH__:0x400
                0x00008000                __RODATA_PM_OFFSET__ = DEFINED (__RODATA_PM_OFFSET__)?__RODATA_PM_OFFSET__:0x8000

.hash
 *(.hash)

.dynsym
 *(.dynsym)

.dynstr
 *(.dynstr)

.gnu.version
 *(.gnu.version)

.gnu.version_d
 *(.gnu.version_d)

.gnu.version_r
 *(.gnu.version_r)

.rel.init
 *(.rel.init)

.rela.init
 *(.rela.init)

.rel.text
 *(.rel.text)
 *(.rel.text.*)
 *(.rel.gnu.linkonce.t*)

.rela.text
 *(.rela.text)
 *(.rela.text.*)
 *(.rela.gnu.linkonce.t*)

.rel.fini
 *(.rel.fini)

.rela.fini
 *(.rela.fini)

.rel.rodata
 *(.rel.rodata)
 *(.rel.rodata.*)
 *(.rel.gnu.linkonce.r*)

.rela.rodata
 *(.rela.rodata)
 *(.rela.rodata.*)
 *(.rela.gnu.linkonce.r*)

.rel.data
 *(.rel.data)
 *(.rel.data.*)
 *(.rel.gnu.linkonce.d*)

.rela.data
 *(.rela.data)
 *(.rela.data.*)
 *(.rela.gnu.linkonce.d*)

.rel.ctors
 *(.rel.ctors)

.rela.ctors
 *(.rela.ctors)

.rel.dtors
 *(.rel.dtors)

.rela.dtors
 *(.rela.dtors)

.rel.got
 *(.rel.got)

.rela.got
 *(.rela.got)

.rel.bss
 *(.rel.bss)

.rela.bss
 *(.rela.bss)

.rel.plt
 *(.rel.plt)

.rela.plt
 *(.rela.plt)

.text           0x00000000      0xb4e
 *(.vectors)
 .vectors       0x00000000       0x34 C:/Program Files (x86)/Atmel/Studio/7.0/Packs/atmel/ATtiny_DFP/1.3.169/gcc/dev/attiny817/avrxmega3/short-calls/crtattiny817.o
                0x00000000                __vector_default
                0x00000000                __vectors
 *(.vectors)
 *(.progmem.gcc*)
 .progmem.gcc_sw_table.hex1ToAscii
                0x00000034       0x20 main.o
                0x00000054                . = ALIGN (0x2)
                0x00000054                __trampolines_start = .
 *(.trampolines)
 .trampolines   0x00000054        0x0 linker stubs
 *(.trampolines*)
                0x00000054                __trampolines_end = .
 *libprintf_flt.a:*(.progmem.data)
 *libc.a:*(.progmem.data)
 *(.progmem*)
                0x00000054                . = ALIGN (0x2)
 *(.jumptables)
 *(.jumptables*)
 *(.lowtext)
 *(.lowtext*)
                0x00000054                __ctors_start = .
 *(.ctors)
                0x00000054                __ctors_end = .
                0x00000054                __dtors_start = .
 *(.dtors)
                0x00000054                __dtors_end = .
 SORT(*)(.ctors)
 SORT(*)(.dtors)
 *(.init0)
 .init0         0x00000054        0x0 C:/Program Files (x86)/Atmel/Studio/7.0/Packs/atmel/ATtiny_DFP/1.3.169/gcc/dev/attiny817/avrxmega3/short-calls/crtattiny817.o
                0x00000054                __init
 *(.init0)
 *(.init1)
 *(.init1)
 *(.init2)
 .init2         0x00000054        0xc C:/Program Files (x86)/Atmel/Studio/7.0/Packs/atmel/ATtiny_DFP/1.3.169/gcc/dev/attiny817/avrxmega3/short-calls/crtattiny817.o
 *(.init2)
 *(.init3)
 *(.init3)
 *(.init4)
 .init4         0x00000060       0x10 c:/program files (x86)/atmel/studio/7.0/toolchain/avr8/avr8-gnu-toolchain/bin/../lib/gcc/avr/5.4.0/avrxmega3/short-calls\libgcc.a(_clear_bss.o)
                0x00000060                __do_clear_bss
 *(.init4)
 *(.init5)
 *(.init5)
 *(.init6)
 *(.init6)
 *(.init7)
 *(.init7)
 *(.init8)
 *(.init8)
 *(.init9)
 .init9         0x00000070        0x4 C:/Program Files (x86)/Atmel/Studio/7.0/Packs/atmel/ATtiny_DFP/1.3.169/gcc/dev/attiny817/avrxmega3/short-calls/crtattiny817.o
 *(.init9)
 *(.text)
 .text          0x00000074        0x2 C:/Program Files (x86)/Atmel/Studio/7.0/Packs/atmel/ATtiny_DFP/1.3.169/gcc/dev/attiny817/avrxmega3/short-calls/crtattiny817.o
                0x00000074                __vector_1
                0x00000074                __vector_24
                0x00000074                __vector_12
                0x00000074                __bad_interrupt
                0x00000074                __vector_3
                0x00000074                __vector_23
                0x00000074                __vector_25
                0x00000074                __vector_11
                0x00000074                __vector_13
                0x00000074                __vector_17
                0x00000074                __vector_19
                0x00000074                __vector_7
                0x00000074                __vector_9
                0x00000074                __vector_2
                0x00000074                __vector_15
                0x00000074                __vector_8
                0x00000074                __vector_14
                0x00000074                __vector_10
                0x00000074                __vector_16
                0x00000074                __vector_18
                0x00000074                __vector_20
                0x00000076                . = ALIGN (0x2)
 *(.text.*)
 .text.atmel_start_init
                0x00000076        0x4 atmel_start.o
                0x00000076                atmel_start_init
 .text.__vector_21
                0x0000007a       0x16 driver_isr.o
                0x0000007a                __vector_21
 .text.getCmdFromBig
                0x00000090       0xae driver_isr.o
                0x00000090                getCmdFromBig
 .text.sendByteToBig
                0x0000013e      0x166 driver_isr.o
                0x0000013e                sendByteToBig
 .text.__vector_5
                0x000002a4       0x66 driver_isr.o
                0x000002a4                __vector_5
 .text.myDelay_ms
                0x0000030a       0x2e main.o
                0x0000030a                myDelay_ms
 .text.archiveClear
                0x00000338       0x82 main.o
                0x00000338                archiveClear
 .text.archiveTestPattern
                0x000003ba       0x82 main.o
                0x000003ba                archiveTestPattern
 .text.redBlink
                0x0000043c       0x28 main.o
                0x0000043c                redBlink
 .text.myDelay_hus
                0x00000464       0x2c main.o
                0x00000464                myDelay_hus
 .text.usart_put_string
                0x00000490       0x22 main.o
                0x00000490                usart_put_string
 .text.hex1ToAscii
                0x000004b2       0x4c main.o
                0x000004b2                hex1ToAscii
 .text.archiveDump
                0x000004fe      0x144 main.o
                0x000004fe                archiveDump
 .text.LCDclear
                0x00000642       0x3e main.o
                0x00000642                LCDclear
 .text.main     0x00000680       0xf8 main.o
                0x00000680                main
 .text.__vector_22
                0x00000778       0x4a main.o
                0x00000778                __vector_22
 .text.__vector_4
                0x000007c2       0x30 main.o
                0x000007c2                __vector_4
 .text.__vector_6
                0x000007f2      0x12c main.o
                0x000007f2                __vector_6
 .text.BOD_init
                0x0000091e        0x4 src/bod.o
                0x0000091e                BOD_init
 .text.CLKCTRL_init
                0x00000922        0x4 src/clkctrl.o
                0x00000922                CLKCTRL_init
 .text.CPUINT_init
                0x00000926        0x4 src/cpuint.o
                0x00000926                CPUINT_init
 .text.mcu_init
                0x0000092a       0x38 src/driver_init.o
                0x0000092a                mcu_init
 .text.USART_0_initialization
                0x00000962       0x14 src/driver_init.o
                0x00000962                USART_0_initialization
 .text.system_init
                0x00000976       0x10 src/driver_init.o
                0x00000976                system_init
 .text.RTC_0_init
                0x00000986       0x22 src/rtc.o
                0x00000986                RTC_0_init
 .text.SLPCTRL_init
                0x000009a8        0x4 src/slpctrl.o
                0x000009a8                SLPCTRL_init
 .text.USART_0_init
                0x000009ac       0x18 src/usart.o
                0x000009ac                USART_0_init
 .text.write_scl
                0x000009c4       0x14 TWI_BitBang.o
                0x000009c4                write_scl
 .text.write_sda
                0x000009d8        0xe TWI_BitBang.o
                0x000009d8                write_sda
 .text.myDelay_twi
                0x000009e6       0x22 TWI_BitBang.o
                0x000009e6                myDelay_twi
 .text.twi_start_cond
                0x00000a08       0x20 TWI_BitBang.o
                0x00000a08                twi_start_cond
 .text.twi_stop_cond
                0x00000a28       0x14 TWI_BitBang.o
                0x00000a28                twi_stop_cond
 .text.i2c_write_byte
                0x00000a3c       0x5c TWI_BitBang.o
                0x00000a3c                i2c_write_byte
 .text.i2c_read_byte
                0x00000a98       0xb2 TWI_BitBang.o
                0x00000a98                i2c_read_byte
                0x00000b4a                . = ALIGN (0x2)
 *(.fini9)
 .fini9         0x00000b4a        0x0 c:/program files (x86)/atmel/studio/7.0/toolchain/avr8/avr8-gnu-toolchain/bin/../lib/gcc/avr/5.4.0/avrxmega3/short-calls\libgcc.a(_exit.o)
                0x00000b4a                _exit
                0x00000b4a                exit
 *(.fini9)
 *(.fini8)
 *(.fini8)
 *(.fini7)
 *(.fini7)
 *(.fini6)
 *(.fini6)
 *(.fini5)
 *(.fini5)
 *(.fini4)
 *(.fini4)
 *(.fini3)
 *(.fini3)
 *(.fini2)
 *(.fini2)
 *(.fini1)
 *(.fini1)
 *(.fini0)
 .fini0         0x00000b4a        0x4 c:/program files (x86)/atmel/studio/7.0/toolchain/avr8/avr8-gnu-toolchain/bin/../lib/gcc/avr/5.4.0/avrxmega3/short-calls\libgcc.a(_exit.o)
 *(.fini0)
                0x00000b4e                _etext = .

.rodata         0x00008b4e       0x18 load address 0x00000b4e
 *(.rodata)
 .rodata        0x00008b4e       0x18 main.o
 *(.rodata*)
 *(.gnu.linkonce.r*)

.data           0x00803e00        0x0 load address 0x00000b66
                [!provide]                PROVIDE (__data_start, .)
 *(.data)
 *(.data*)
 *(.gnu.linkonce.d*)
                0x00803e00                . = ALIGN (0x2)
                0x00803e00                _edata = .
                [!provide]                PROVIDE (__data_end, .)

.bss            0x00803e00       0x1c
                0x00803e00                PROVIDE (__bss_start, .)
 *(.bss)
 *(.bss*)
 .bss.g_motionCtr
                0x00803e00        0x1 driver_isr.o
 .bss.g_archiveAddrHigh
                0x00803e01        0x1 main.o
 .bss.g_archiveAddrLow
                0x00803e02        0x1 main.o
 .bss.g_motionDataCtr
                0x00803e03        0x1 main.o
 .bss.g_motionMinCtr
                0x00803e04        0x1 main.o
 .bss.g_motionData
                0x00803e05        0x8 main.o
 .bss.g_motion8bits
                0x00803e0d        0x1 main.o
 .bss.g_motionMask
                0x00803e0e        0x1 main.o
 .bss.g_motion8ctr
                0x00803e0f        0x1 main.o
 .bss.g_gotMotion
                0x00803e10        0x1 main.o
 .bss.g_rxDataIndex
                0x00803e11        0x1 main.o
 .bss.g_rxData  0x00803e12        0xa main.o
 *(COMMON)
                0x00803e1c                PROVIDE (__bss_end, .)
                0x00000b66                __data_load_start = LOADADDR (.data)
                0x00000b66                __data_load_end = (__data_load_start + SIZEOF (.data))

.noinit         0x00803e1c        0x0
                [!provide]                PROVIDE (__noinit_start, .)
 *(.noinit*)
                [!provide]                PROVIDE (__noinit_end, .)
                0x00803e1c                _end = .
                [!provide]                PROVIDE (__heap_start, .)

.eeprom         0x00810000        0x0
 *(.eeprom*)
                0x00810000                __eeprom_end = .

.fuse
 *(.fuse)
 *(.lfuse)
 *(.hfuse)
 *(.efuse)

.lock
 *(.lock*)

.signature
 *(.signature*)

.user_signatures
 *(.user_signatures*)

.stab
 *(.stab)

.stabstr
 *(.stabstr)

.stab.excl
 *(.stab.excl)

.stab.exclstr
 *(.stab.exclstr)

.stab.index
 *(.stab.index)

.stab.indexstr
 *(.stab.indexstr)

.comment        0x00000000       0x30
 *(.comment)
 .comment       0x00000000       0x30 atmel_start.o
                                 0x31 (size before relaxing)
 .comment       0x00000030       0x31 driver_isr.o
 .comment       0x00000030       0x31 main.o
 .comment       0x00000030       0x31 src/bod.o
 .comment       0x00000030       0x31 src/clkctrl.o
 .comment       0x00000030       0x31 src/cpuint.o
 .comment       0x00000030       0x31 src/driver_init.o
 .comment       0x00000030       0x31 src/rtc.o
 .comment       0x00000030       0x31 src/slpctrl.o
 .comment       0x00000030       0x31 src/usart.o
 .comment       0x00000030       0x31 TWI_BitBang.o

.note.gnu.avr.deviceinfo
                0x00000000       0x3c
 .note.gnu.avr.deviceinfo
                0x00000000       0x3c C:/Program Files (x86)/Atmel/Studio/7.0/Packs/atmel/ATtiny_DFP/1.3.169/gcc/dev/attiny817/avrxmega3/short-calls/crtattiny817.o

.note.gnu.build-id
 *(.note.gnu.build-id)

.debug
 *(.debug)

.line
 *(.line)

.debug_srcinfo
 *(.debug_srcinfo)

.debug_sfnames
 *(.debug_sfnames)

.debug_aranges  0x00000000      0x2d8
 *(.debug_aranges)
 .debug_aranges
                0x00000000       0x20 atmel_start.o
 .debug_aranges
                0x00000020       0x38 driver_isr.o
 .debug_aranges
                0x00000058      0x108 main.o
 .debug_aranges
                0x00000160       0x20 src/bod.o
 .debug_aranges
                0x00000180       0x20 src/clkctrl.o
 .debug_aranges
                0x000001a0       0x20 src/cpuint.o
 .debug_aranges
                0x000001c0       0x30 src/driver_init.o
 .debug_aranges
                0x000001f0       0x20 src/rtc.o
 .debug_aranges
                0x00000210       0x20 src/slpctrl.o
 .debug_aranges
                0x00000230       0x20 src/usart.o
 .debug_aranges
                0x00000250       0x88 TWI_BitBang.o

.debug_pubnames
 *(.debug_pubnames)

.debug_info     0x00000000     0x6478
 *(.debug_info .gnu.linkonce.wi.*)
 .debug_info    0x00000000     0x16bc C:/Program Files (x86)/Atmel/Studio/7.0/Packs/atmel/ATtiny_DFP/1.3.169/gcc/dev/attiny817/avrxmega3/short-calls/crtattiny817.o
 .debug_info    0x000016bc       0x9a atmel_start.o
 .debug_info    0x00001756      0x97a driver_isr.o
 .debug_info    0x000020d0     0x2322 main.o
 .debug_info    0x000043f2       0x8d src/bod.o
 .debug_info    0x0000447f       0x8d src/clkctrl.o
 .debug_info    0x0000450c       0x8d src/cpuint.o
 .debug_info    0x00004599      0x66f src/driver_init.o
 .debug_info    0x00004c08      0x3b6 src/rtc.o
 .debug_info    0x00004fbe       0x8d src/slpctrl.o
 .debug_info    0x0000504b      0x248 src/usart.o
 .debug_info    0x00005293     0x11e5 TWI_BitBang.o

.debug_abbrev   0x00000000     0x243d
 *(.debug_abbrev)
 .debug_abbrev  0x00000000     0x1582 C:/Program Files (x86)/Atmel/Studio/7.0/Packs/atmel/ATtiny_DFP/1.3.169/gcc/dev/attiny817/avrxmega3/short-calls/crtattiny817.o
 .debug_abbrev  0x00001582       0x63 atmel_start.o
 .debug_abbrev  0x000015e5      0x263 driver_isr.o
 .debug_abbrev  0x00001848      0x427 main.o
 .debug_abbrev  0x00001c6f       0x51 src/bod.o
 .debug_abbrev  0x00001cc0       0x51 src/clkctrl.o
 .debug_abbrev  0x00001d11       0x51 src/cpuint.o
 .debug_abbrev  0x00001d62      0x1ba src/driver_init.o
 .debug_abbrev  0x00001f1c       0xd4 src/rtc.o
 .debug_abbrev  0x00001ff0       0x51 src/slpctrl.o
 .debug_abbrev  0x00002041       0xd4 src/usart.o
 .debug_abbrev  0x00002115      0x328 TWI_BitBang.o

.debug_line     0x00000000     0x20a8
 *(.debug_line .debug_line.* .debug_line_end)
 .debug_line    0x00000000      0x136 C:/Program Files (x86)/Atmel/Studio/7.0/Packs/atmel/ATtiny_DFP/1.3.169/gcc/dev/attiny817/avrxmega3/short-calls/crtattiny817.o
 .debug_line    0x00000136       0x60 atmel_start.o
 .debug_line    0x00000196      0x4de driver_isr.o
 .debug_line    0x00000674      0xdca main.o
 .debug_line    0x0000143e       0xa2 src/bod.o
 .debug_line    0x000014e0       0xa6 src/clkctrl.o
 .debug_line    0x00001586       0xa5 src/cpuint.o
 .debug_line    0x0000162b      0x22e src/driver_init.o
 .debug_line    0x00001859      0x126 src/rtc.o
 .debug_line    0x0000197f       0xa6 src/slpctrl.o
 .debug_line    0x00001a25      0x116 src/usart.o
 .debug_line    0x00001b3b      0x56d TWI_BitBang.o

.debug_frame    0x00000000      0x714
 *(.debug_frame)
 .debug_frame   0x00000000       0x24 atmel_start.o
 .debug_frame   0x00000024       0xac driver_isr.o
 .debug_frame   0x000000d0      0x3a8 main.o
 .debug_frame   0x00000478       0x24 src/bod.o
 .debug_frame   0x0000049c       0x24 src/clkctrl.o
 .debug_frame   0x000004c0       0x24 src/cpuint.o
 .debug_frame   0x000004e4       0x44 src/driver_init.o
 .debug_frame   0x00000528       0x24 src/rtc.o
 .debug_frame   0x0000054c       0x24 src/slpctrl.o
 .debug_frame   0x00000570       0x24 src/usart.o
 .debug_frame   0x00000594      0x180 TWI_BitBang.o

.debug_str      0x00000000     0x192e
 *(.debug_str)
 .debug_str     0x00000000      0x9a7 C:/Program Files (x86)/Atmel/Studio/7.0/Packs/atmel/ATtiny_DFP/1.3.169/gcc/dev/attiny817/avrxmega3/short-calls/crtattiny817.o
 .debug_str     0x000009a7      0x198 atmel_start.o
                                0x1cc (size before relaxing)
 .debug_str     0x00000b3f      0x3ae driver_isr.o
                                0x57b (size before relaxing)
 .debug_str     0x00000eed      0x665 main.o
                                0xb76 (size before relaxing)
 .debug_str     0x00001552       0x16 src/bod.o
                                0x1b9 (size before relaxing)
 .debug_str     0x00001568       0x1e src/clkctrl.o
                                0x1c1 (size before relaxing)
 .debug_str     0x00001586       0x1c src/cpuint.o
                                0x1bf (size before relaxing)
 .debug_str     0x000015a2       0x96 src/driver_init.o
                                0x496 (size before relaxing)
 .debug_str     0x00001638      0x19d src/rtc.o
                                0x4cf (size before relaxing)
 .debug_str     0x000017d5       0x11 src/slpctrl.o
                                0x1c1 (size before relaxing)
 .debug_str     0x000017e6       0x59 src/usart.o
                                0x33e (size before relaxing)
 .debug_str     0x0000183f       0xef TWI_BitBang.o
                                0x50e (size before relaxing)

.debug_loc      0x00000000     0x2719
 *(.debug_loc)
 .debug_loc     0x00000000      0x75c driver_isr.o
 .debug_loc     0x0000075c     0x1365 main.o
 .debug_loc     0x00001ac1       0xec src/driver_init.o
 .debug_loc     0x00001bad      0xb6c TWI_BitBang.o

.debug_macinfo
 *(.debug_macinfo)

.debug_weaknames
 *(.debug_weaknames)

.debug_funcnames
 *(.debug_funcnames)

.debug_typenames
 *(.debug_typenames)

.debug_varnames
 *(.debug_varnames)

.debug_pubtypes
 *(.debug_pubtypes)

.debug_ranges   0x00000000      0x228
 *(.debug_ranges)
 .debug_ranges  0x00000000       0x10 atmel_start.o
 .debug_ranges  0x00000010       0x28 driver_isr.o
 .debug_ranges  0x00000038       0xf8 main.o
 .debug_ranges  0x00000130       0x10 src/bod.o
 .debug_ranges  0x00000140       0x10 src/clkctrl.o
 .debug_ranges  0x00000150       0x10 src/cpuint.o
 .debug_ranges  0x00000160       0x20 src/driver_init.o
 .debug_ranges  0x00000180       0x10 src/rtc.o
 .debug_ranges  0x00000190       0x10 src/slpctrl.o
 .debug_ranges  0x000001a0       0x10 src/usart.o
 .debug_ranges  0x000001b0       0x78 TWI_BitBang.o

.debug_macro
 *(.debug_macro)
OUTPUT(ATTiny_BB.elf elf32-avr)
LOAD linker stubs
