Archive member included to satisfy reference by file (symbol)

c:/program files (x86)/atmel/studio/7.0/toolchain/avr8/avr8-gnu-toolchain/bin/../lib/gcc/avr/5.4.0/avrxmega3/short-calls\libgcc.a(_exit.o)
                              C:/Program Files (x86)/Atmel/Studio/7.0/Packs/Atmel/ATtiny_DFP/1.3.172/gcc/dev/attiny817/avrxmega3/short-calls/crtattiny817.o (exit)
c:/program files (x86)/atmel/studio/7.0/toolchain/avr8/avr8-gnu-toolchain/bin/../lib/gcc/avr/5.4.0/avrxmega3/short-calls\libgcc.a(_clear_bss.o)
                              main.o (__do_clear_bss)
C:/Program Files (x86)/Atmel/Studio/7.0/Packs/Atmel/ATtiny_DFP/1.3.172/gcc/dev/attiny817/avrxmega3/short-calls\libattiny817.a(ccp_write.o)
                              main.o (ccp_write_io)

Allocating common symbols
Common symbol       size              file

g_ul_tick_count     0x2               main.o
mState              0x1               main.o
p_rcvData           0x2               main.o
uBloxStatus         0x1               main.o
g_irAvg             0x2               main.o
GPSSearchPtr        0x2               main.o

Discarded input sections

 .data          0x00000000        0x0 C:/Program Files (x86)/Atmel/Studio/7.0/Packs/Atmel/ATtiny_DFP/1.3.172/gcc/dev/attiny817/avrxmega3/short-calls/crtattiny817.o
 .bss           0x00000000        0x0 C:/Program Files (x86)/Atmel/Studio/7.0/Packs/Atmel/ATtiny_DFP/1.3.172/gcc/dev/attiny817/avrxmega3/short-calls/crtattiny817.o
 .text          0x00000000        0x0 atmel_start.o
 .data          0x00000000        0x0 atmel_start.o
 .bss           0x00000000        0x0 atmel_start.o
 .text          0x00000000        0x0 main.o
 .data          0x00000000        0x0 main.o
 .bss           0x00000000        0x0 main.o
 .text.searchRcvBuff
                0x00000000       0x42 main.o
 .text.pirSUdelay
                0x00000000       0x10 main.o
 .text.pirCLKdelay
                0x00000000        0x4 main.o
 .text.sendSPIbuff
                0x00000000       0x3e main.o
 .text.sendSPIbyte
                0x00000000       0x1a main.o
 .text.rcvSPIbuff
                0x00000000       0x1e main.o
 .text.USART_0_putc
                0x00000000       0x12 main.o
 .avr.prop      0x00000000       0x43 main.o
 .text          0x00000000        0x0 src/bod.o
 .data          0x00000000        0x0 src/bod.o
 .bss           0x00000000        0x0 src/bod.o
 .text          0x00000000        0x0 src/clkctrl.o
 .data          0x00000000        0x0 src/clkctrl.o
 .bss           0x00000000        0x0 src/clkctrl.o
 .text          0x00000000        0x0 src/cpuint.o
 .data          0x00000000        0x0 src/cpuint.o
 .bss           0x00000000        0x0 src/cpuint.o
 .text          0x00000000        0x0 src/driver_init.o
 .data          0x00000000        0x0 src/driver_init.o
 .bss           0x00000000        0x0 src/driver_init.o
 .text          0x00000000        0x0 src/protected_io.o
 .data          0x00000000        0x0 src/protected_io.o
 .bss           0x00000000        0x0 src/protected_io.o
 .text.protected_write_io
                0x00000000        0x8 src/protected_io.o
 .debug_line    0x00000000       0x55 src/protected_io.o
 .debug_info    0x00000000       0xab src/protected_io.o
 .debug_abbrev  0x00000000       0x14 src/protected_io.o
 .debug_aranges
                0x00000000       0x20 src/protected_io.o
 .text          0x00000000        0x0 src/rtc.o
 .data          0x00000000        0x0 src/rtc.o
 .bss           0x00000000        0x0 src/rtc.o
 .text          0x00000000        0x0 src/slpctrl.o
 .data          0x00000000        0x0 src/slpctrl.o
 .bss           0x00000000        0x0 src/slpctrl.o
 .text          0x00000000        0x0 src/usart.o
 .data          0x00000000        0x0 src/usart.o
 .bss           0x00000000        0x0 src/usart.o
 .text          0x00000000        0x0 TWI_BitBang.o
 .data          0x00000000        0x0 TWI_BitBang.o
 .bss           0x00000000        0x0 TWI_BitBang.o
 .text.twi_disable
                0x00000000        0xa TWI_BitBang.o
 .text.write_scl
                0x00000000       0x14 TWI_BitBang.o
 .text.write_sda
                0x00000000        0xe TWI_BitBang.o
 .text.twi_init
                0x00000000       0x18 TWI_BitBang.o
 .text.myDelay_twi
                0x00000000       0x22 TWI_BitBang.o
 .text.twi_start_cond
                0x00000000       0x20 TWI_BitBang.o
 .text.twi_stop_cond
                0x00000000       0x14 TWI_BitBang.o
 .text.i2c_write_byte
                0x00000000       0x5c TWI_BitBang.o
 .text.send_slave_address
                0x00000000        0x6 TWI_BitBang.o
 .text.i2cAddressTest
                0x00000000       0x16 TWI_BitBang.o
 .text.i2cAddressTestRd
                0x00000000       0x16 TWI_BitBang.o
 .text.write_data
                0x00000000       0x6c TWI_BitBang.o
 .text.i2c_read_byte
                0x00000000       0xb2 TWI_BitBang.o
 .text.read_bytes
                0x00000000       0x54 TWI_BitBang.o
 .debug_info    0x00000000     0x11ba TWI_BitBang.o
 .debug_abbrev  0x00000000      0x328 TWI_BitBang.o
 .debug_loc     0x00000000      0xb6c TWI_BitBang.o
 .debug_aranges
                0x00000000       0x88 TWI_BitBang.o
 .debug_ranges  0x00000000       0x78 TWI_BitBang.o
 .debug_line    0x00000000      0x567 TWI_BitBang.o
 .debug_str     0x00000000      0x512 TWI_BitBang.o
 .comment       0x00000000       0x31 TWI_BitBang.o
 .debug_frame   0x00000000      0x180 TWI_BitBang.o
 .text          0x00000000        0x0 utils/initTinyBoard.o
 .data          0x00000000        0x0 utils/initTinyBoard.o
 .bss           0x00000000        0x0 utils/initTinyBoard.o
 .debug_info    0x00000000       0x5d utils/initTinyBoard.o
 .debug_abbrev  0x00000000       0x26 utils/initTinyBoard.o
 .debug_aranges
                0x00000000       0x18 utils/initTinyBoard.o
 .debug_line    0x00000000       0x1a utils/initTinyBoard.o
 .debug_str     0x00000000      0x1b9 utils/initTinyBoard.o
 .comment       0x00000000       0x31 utils/initTinyBoard.o
 .text          0x00000000        0x0 c:/program files (x86)/atmel/studio/7.0/toolchain/avr8/avr8-gnu-toolchain/bin/../lib/gcc/avr/5.4.0/avrxmega3/short-calls\libgcc.a(_exit.o)
 .data          0x00000000        0x0 c:/program files (x86)/atmel/studio/7.0/toolchain/avr8/avr8-gnu-toolchain/bin/../lib/gcc/avr/5.4.0/avrxmega3/short-calls\libgcc.a(_exit.o)
 .bss           0x00000000        0x0 c:/program files (x86)/atmel/studio/7.0/toolchain/avr8/avr8-gnu-toolchain/bin/../lib/gcc/avr/5.4.0/avrxmega3/short-calls\libgcc.a(_exit.o)
 .text.libgcc.mul
                0x00000000        0x0 c:/program files (x86)/atmel/studio/7.0/toolchain/avr8/avr8-gnu-toolchain/bin/../lib/gcc/avr/5.4.0/avrxmega3/short-calls\libgcc.a(_exit.o)
 .text.libgcc.div
                0x00000000        0x0 c:/program files (x86)/atmel/studio/7.0/toolchain/avr8/avr8-gnu-toolchain/bin/../lib/gcc/avr/5.4.0/avrxmega3/short-calls\libgcc.a(_exit.o)
 .text.libgcc   0x00000000        0x0 c:/program files (x86)/atmel/studio/7.0/toolchain/avr8/avr8-gnu-toolchain/bin/../lib/gcc/avr/5.4.0/avrxmega3/short-calls\libgcc.a(_exit.o)
 .text.libgcc.prologue
                0x00000000        0x0 c:/program files (x86)/atmel/studio/7.0/toolchain/avr8/avr8-gnu-toolchain/bin/../lib/gcc/avr/5.4.0/avrxmega3/short-calls\libgcc.a(_exit.o)
 .text.libgcc.builtins
                0x00000000        0x0 c:/program files (x86)/atmel/studio/7.0/toolchain/avr8/avr8-gnu-toolchain/bin/../lib/gcc/avr/5.4.0/avrxmega3/short-calls\libgcc.a(_exit.o)
 .text.libgcc.fmul
                0x00000000        0x0 c:/program files (x86)/atmel/studio/7.0/toolchain/avr8/avr8-gnu-toolchain/bin/../lib/gcc/avr/5.4.0/avrxmega3/short-calls\libgcc.a(_exit.o)
 .text.libgcc.fixed
                0x00000000        0x0 c:/program files (x86)/atmel/studio/7.0/toolchain/avr8/avr8-gnu-toolchain/bin/../lib/gcc/avr/5.4.0/avrxmega3/short-calls\libgcc.a(_exit.o)
 .text          0x00000000        0x0 c:/program files (x86)/atmel/studio/7.0/toolchain/avr8/avr8-gnu-toolchain/bin/../lib/gcc/avr/5.4.0/avrxmega3/short-calls\libgcc.a(_clear_bss.o)
 .data          0x00000000        0x0 c:/program files (x86)/atmel/studio/7.0/toolchain/avr8/avr8-gnu-toolchain/bin/../lib/gcc/avr/5.4.0/avrxmega3/short-calls\libgcc.a(_clear_bss.o)
 .bss           0x00000000        0x0 c:/program files (x86)/atmel/studio/7.0/toolchain/avr8/avr8-gnu-toolchain/bin/../lib/gcc/avr/5.4.0/avrxmega3/short-calls\libgcc.a(_clear_bss.o)
 .text.libgcc.mul
                0x00000000        0x0 c:/program files (x86)/atmel/studio/7.0/toolchain/avr8/avr8-gnu-toolchain/bin/../lib/gcc/avr/5.4.0/avrxmega3/short-calls\libgcc.a(_clear_bss.o)
 .text.libgcc.div
                0x00000000        0x0 c:/program files (x86)/atmel/studio/7.0/toolchain/avr8/avr8-gnu-toolchain/bin/../lib/gcc/avr/5.4.0/avrxmega3/short-calls\libgcc.a(_clear_bss.o)
 .text.libgcc   0x00000000        0x0 c:/program files (x86)/atmel/studio/7.0/toolchain/avr8/avr8-gnu-toolchain/bin/../lib/gcc/avr/5.4.0/avrxmega3/short-calls\libgcc.a(_clear_bss.o)
 .text.libgcc.prologue
                0x00000000        0x0 c:/program files (x86)/atmel/studio/7.0/toolchain/avr8/avr8-gnu-toolchain/bin/../lib/gcc/avr/5.4.0/avrxmega3/short-calls\libgcc.a(_clear_bss.o)
 .text.libgcc.builtins
                0x00000000        0x0 c:/program files (x86)/atmel/studio/7.0/toolchain/avr8/avr8-gnu-toolchain/bin/../lib/gcc/avr/5.4.0/avrxmega3/short-calls\libgcc.a(_clear_bss.o)
 .text.libgcc.fmul
                0x00000000        0x0 c:/program files (x86)/atmel/studio/7.0/toolchain/avr8/avr8-gnu-toolchain/bin/../lib/gcc/avr/5.4.0/avrxmega3/short-calls\libgcc.a(_clear_bss.o)
 .text.libgcc.fixed
                0x00000000        0x0 c:/program files (x86)/atmel/studio/7.0/toolchain/avr8/avr8-gnu-toolchain/bin/../lib/gcc/avr/5.4.0/avrxmega3/short-calls\libgcc.a(_clear_bss.o)
 .text          0x00000000        0x0 C:/Program Files (x86)/Atmel/Studio/7.0/Packs/Atmel/ATtiny_DFP/1.3.172/gcc/dev/attiny817/avrxmega3/short-calls\libattiny817.a(ccp_write.o)
 .data          0x00000000        0x0 C:/Program Files (x86)/Atmel/Studio/7.0/Packs/Atmel/ATtiny_DFP/1.3.172/gcc/dev/attiny817/avrxmega3/short-calls\libattiny817.a(ccp_write.o)
 .bss           0x00000000        0x0 C:/Program Files (x86)/Atmel/Studio/7.0/Packs/Atmel/ATtiny_DFP/1.3.172/gcc/dev/attiny817/avrxmega3/short-calls\libattiny817.a(ccp_write.o)

Memory Configuration

Name             Origin             Length             Attributes
text             0x00000000         0x00100000         xr
data             0x00802000         0x0000ffa0         rw !x
eeprom           0x00810000         0x00010000         rw !x
fuse             0x00820000         0x00000009         rw !x
lock             0x00830000         0x00000400         rw !x
signature        0x00840000         0x00000400         rw !x
user_signatures  0x00850000         0x00000400         rw !x
*default*        0x00000000         0xffffffff

Linker script and memory map

Address of section .data set to 0x803e00
                0x00008000                __RODATA_PM_OFFSET__ = 0x8000
LOAD C:/Program Files (x86)/Atmel/Studio/7.0/Packs/Atmel/ATtiny_DFP/1.3.172/gcc/dev/attiny817/avrxmega3/short-calls/crtattiny817.o
LOAD atmel_start.o
LOAD main.o
LOAD src/bod.o
LOAD src/clkctrl.o
LOAD src/cpuint.o
LOAD src/driver_init.o
LOAD src/protected_io.o
LOAD src/rtc.o
LOAD src/slpctrl.o
LOAD src/usart.o
LOAD TWI_BitBang.o
LOAD utils/initTinyBoard.o
START GROUP
LOAD c:/program files (x86)/atmel/studio/7.0/toolchain/avr8/avr8-gnu-toolchain/bin/../lib/gcc/avr/5.4.0/../../../../avr/lib/avrxmega3/short-calls\libm.a
END GROUP
START GROUP
LOAD c:/program files (x86)/atmel/studio/7.0/toolchain/avr8/avr8-gnu-toolchain/bin/../lib/gcc/avr/5.4.0/avrxmega3/short-calls\libgcc.a
LOAD c:/program files (x86)/atmel/studio/7.0/toolchain/avr8/avr8-gnu-toolchain/bin/../lib/gcc/avr/5.4.0/../../../../avr/lib/avrxmega3/short-calls\libm.a
LOAD c:/program files (x86)/atmel/studio/7.0/toolchain/avr8/avr8-gnu-toolchain/bin/../lib/gcc/avr/5.4.0/../../../../avr/lib/avrxmega3/short-calls\libc.a
LOAD C:/Program Files (x86)/Atmel/Studio/7.0/Packs/Atmel/ATtiny_DFP/1.3.172/gcc/dev/attiny817/avrxmega3/short-calls\libattiny817.a
END GROUP
                0x00100000                __TEXT_REGION_LENGTH__ = DEFINED (__TEXT_REGION_LENGTH__)?__TEXT_REGION_LENGTH__:0x100000
                0x0000ffa0                __DATA_REGION_LENGTH__ = DEFINED (__DATA_REGION_LENGTH__)?__DATA_REGION_LENGTH__:0xffa0
                0x00010000                __EEPROM_REGION_LENGTH__ = DEFINED (__EEPROM_REGION_LENGTH__)?__EEPROM_REGION_LENGTH__:0x10000
                [0x00000009]                __FUSE_REGION_LENGTH__ = DEFINED (__FUSE_REGION_LENGTH__)?__FUSE_REGION_LENGTH__:0x400
                0x00000400                __LOCK_REGION_LENGTH__ = DEFINED (__LOCK_REGION_LENGTH__)?__LOCK_REGION_LENGTH__:0x400
                0x00000400                __SIGNATURE_REGION_LENGTH__ = DEFINED (__SIGNATURE_REGION_LENGTH__)?__SIGNATURE_REGION_LENGTH__:0x400
                0x00000400                __USER_SIGNATURE_REGION_LENGTH__ = DEFINED (__USER_SIGNATURE_REGION_LENGTH__)?__USER_SIGNATURE_REGION_LENGTH__:0x400
                0x00008000                __RODATA_PM_OFFSET__ = DEFINED (__RODATA_PM_OFFSET__)?__RODATA_PM_OFFSET__:0x8000

.hash
 *(.hash)

.dynsym
 *(.dynsym)

.dynstr
 *(.dynstr)

.gnu.version
 *(.gnu.version)

.gnu.version_d
 *(.gnu.version_d)

.gnu.version_r
 *(.gnu.version_r)

.rel.init
 *(.rel.init)

.rela.init
 *(.rela.init)

.rel.text
 *(.rel.text)
 *(.rel.text.*)
 *(.rel.gnu.linkonce.t*)

.rela.text
 *(.rela.text)
 *(.rela.text.*)
 *(.rela.gnu.linkonce.t*)

.rel.fini
 *(.rel.fini)

.rela.fini
 *(.rela.fini)

.rel.rodata
 *(.rel.rodata)
 *(.rel.rodata.*)
 *(.rel.gnu.linkonce.r*)

.rela.rodata
 *(.rela.rodata)
 *(.rela.rodata.*)
 *(.rela.gnu.linkonce.r*)

.rel.data
 *(.rel.data)
 *(.rel.data.*)
 *(.rel.gnu.linkonce.d*)

.rela.data
 *(.rela.data)
 *(.rela.data.*)
 *(.rela.gnu.linkonce.d*)

.rel.ctors
 *(.rel.ctors)

.rela.ctors
 *(.rela.ctors)

.rel.dtors
 *(.rel.dtors)

.rela.dtors
 *(.rela.dtors)

.rel.got
 *(.rel.got)

.rela.got
 *(.rela.got)

.rel.bss
 *(.rel.bss)

.rela.bss
 *(.rela.bss)

.rel.plt
 *(.rel.plt)

.rela.plt
 *(.rela.plt)

.text           0x00000000     0x19ee
 *(.vectors)
 .vectors       0x00000000       0x34 C:/Program Files (x86)/Atmel/Studio/7.0/Packs/Atmel/ATtiny_DFP/1.3.172/gcc/dev/attiny817/avrxmega3/short-calls/crtattiny817.o
                0x00000000                __vector_default
                0x00000000                __vectors
 *(.vectors)
 *(.progmem.gcc*)
 .progmem.gcc_sw_table.asciiToHex
                0x00000034       0x26 main.o
 .progmem.gcc_sw_table.hex1ToAscii
                0x0000005a       0x20 main.o
 .progmem.gcc_sw_table.main
                0x0000007a       0x1e main.o
                0x00000098                . = ALIGN (0x2)
                0x00000098                __trampolines_start = .
 *(.trampolines)
 .trampolines   0x00000098        0x0 linker stubs
 *(.trampolines*)
                0x00000098                __trampolines_end = .
 *libprintf_flt.a:*(.progmem.data)
 *libc.a:*(.progmem.data)
 *(.progmem*)
                0x00000098                . = ALIGN (0x2)
 *(.jumptables)
 *(.jumptables*)
 *(.lowtext)
 *(.lowtext*)
                0x00000098                __ctors_start = .
 *(.ctors)
                0x00000098                __ctors_end = .
                0x00000098                __dtors_start = .
 *(.dtors)
                0x00000098                __dtors_end = .
 SORT(*)(.ctors)
 SORT(*)(.dtors)
 *(.init0)
 .init0         0x00000098        0x0 C:/Program Files (x86)/Atmel/Studio/7.0/Packs/Atmel/ATtiny_DFP/1.3.172/gcc/dev/attiny817/avrxmega3/short-calls/crtattiny817.o
                0x00000098                __init
 *(.init0)
 *(.init1)
 *(.init1)
 *(.init2)
 .init2         0x00000098        0xc C:/Program Files (x86)/Atmel/Studio/7.0/Packs/Atmel/ATtiny_DFP/1.3.172/gcc/dev/attiny817/avrxmega3/short-calls/crtattiny817.o
 *(.init2)
 *(.init3)
 *(.init3)
 *(.init4)
 .init4         0x000000a4       0x10 c:/program files (x86)/atmel/studio/7.0/toolchain/avr8/avr8-gnu-toolchain/bin/../lib/gcc/avr/5.4.0/avrxmega3/short-calls\libgcc.a(_clear_bss.o)
                0x000000a4                __do_clear_bss
 *(.init4)
 *(.init5)
 *(.init5)
 *(.init6)
 *(.init6)
 *(.init7)
 *(.init7)
 *(.init8)
 *(.init8)
 *(.init9)
 .init9         0x000000b4        0x4 C:/Program Files (x86)/Atmel/Studio/7.0/Packs/Atmel/ATtiny_DFP/1.3.172/gcc/dev/attiny817/avrxmega3/short-calls/crtattiny817.o
 *(.init9)
 *(.text)
 .text          0x000000b8        0x2 C:/Program Files (x86)/Atmel/Studio/7.0/Packs/Atmel/ATtiny_DFP/1.3.172/gcc/dev/attiny817/avrxmega3/short-calls/crtattiny817.o
                0x000000b8                __vector_1
                0x000000b8                __vector_24
                0x000000b8                __vector_12
                0x000000b8                __bad_interrupt
                0x000000b8                __vector_3
                0x000000b8                __vector_23
                0x000000b8                __vector_25
                0x000000b8                __vector_11
                0x000000b8                __vector_13
                0x000000b8                __vector_17
                0x000000b8                __vector_19
                0x000000b8                __vector_7
                0x000000b8                __vector_9
                0x000000b8                __vector_2
                0x000000b8                __vector_21
                0x000000b8                __vector_15
                0x000000b8                __vector_8
                0x000000b8                __vector_14
                0x000000b8                __vector_10
                0x000000b8                __vector_16
                0x000000b8                __vector_18
                0x000000b8                __vector_20
                0x000000ba                . = ALIGN (0x2)
 *(.text.*)
 .text.atmel_start_init
                0x000000ba        0x4 atmel_start.o
                0x000000ba                atmel_start_init
 .text.searchRcvBuffuBlox
                0x000000be       0x50 main.o
                0x000000be                searchRcvBuffuBlox
 .text.openGPSuBlox
                0x0000010e       0x30 main.o
                0x0000010e                openGPSuBlox
 .text.closeGPS
                0x0000013e       0x10 main.o
                0x0000013e                closeGPS
 .text.asciiToHex
                0x0000014e       0x96 main.o
                0x0000014e                asciiToHex
 .text.myDelay_ms
                0x000001e4       0x2e main.o
                0x000001e4                myDelay_ms
 .text.redBlink
                0x00000212       0x36 main.o
                0x00000212                redBlink
 .text.redBlinkLong
                0x00000248       0x36 main.o
                0x00000248                redBlinkLong
 .text.myDelay_hus
                0x0000027e       0x2c main.o
                0x0000027e                myDelay_hus
 .text.usart_put_string
                0x000002aa       0x22 main.o
                0x000002aa                usart_put_string
 .text.initGPSuBlox
                0x000002cc       0xb2 main.o
                0x000002cc                initGPSuBlox
 .text.hex1ToAscii
                0x0000037e       0x4c main.o
                0x0000037e                hex1ToAscii
 .text.hex2ToAscii
                0x000003ca       0x32 main.o
                0x000003ca                hex2ToAscii
 .text.sendLCDshort
                0x000003fc       0x8c main.o
                0x000003fc                sendLCDshort
 .text.LCDclear
                0x00000488       0x40 main.o
                0x00000488                LCDclear
 .text.LCDbottomLine
                0x000004c8       0x36 main.o
                0x000004c8                LCDbottomLine
 .text.LCDspace
                0x000004fe       0x14 main.o
                0x000004fe                LCDspace
 .text.clrRx    0x00000512       0x36 main.o
                0x00000512                clrRx
 .text.gpsReqDateUblox
                0x00000548      0x244 main.o
                0x00000548                gpsReqDateUblox
 .text.GPSgetDate
                0x0000078c       0x6e main.o
                0x0000078c                GPSgetDate
 .text.gpsReqStatusUblox
                0x000007fa       0xd2 main.o
                0x000007fa                gpsReqStatusUblox
 .text.gpsReqLocUblox
                0x000008cc      0x36c main.o
                0x000008cc                gpsReqLocUblox
 .text.GPSgetTime
                0x00000c38       0x98 main.o
                0x00000c38                GPSgetTime
 .text.chkMagnetFast
                0x00000cd0       0x2c main.o
                0x00000cd0                chkMagnetFast
 .text.chkMagnetSlow
                0x00000cfc       0x4c main.o
                0x00000cfc                chkMagnetSlow
 .text.gTryUblox
                0x00000d48       0x9a main.o
                0x00000d48                gTryUblox
 .text.calcCRC  0x00000de2       0x90 main.o
                0x00000de2                calcCRC
 .text.getByteFromBig
                0x00000e72      0x17e main.o
                0x00000e72                getByteFromBig
 .text.getPacketFromBig
                0x00000ff0       0xea main.o
                0x00000ff0                getPacketFromBig
 .text.sendByteToBig
                0x000010da      0x1a4 main.o
                0x000010da                sendByteToBig
 .text.getGPS   0x0000127e      0x15a main.o
                0x0000127e                getGPS
 .text.main     0x000013d8      0x3c6 main.o
                0x000013d8                main
 .text.__vector_5
                0x0000179e       0x9a main.o
                0x0000179e                __vector_5
 .text.__vector_22
                0x00001838       0x62 main.o
                0x00001838                __vector_22
 .text.__vector_4
                0x0000189a       0x2a main.o
                0x0000189a                __vector_4
 .text.__vector_6
                0x000018c4       0x70 main.o
                0x000018c4                __vector_6
 .text.BOD_init
                0x00001934        0x4 src/bod.o
                0x00001934                BOD_init
 .text.CLKCTRL_init
                0x00001938        0x4 src/clkctrl.o
                0x00001938                CLKCTRL_init
 .text.CPUINT_init
                0x0000193c        0x4 src/cpuint.o
                0x0000193c                CPUINT_init
 .text.mcu_init
                0x00001940       0x38 src/driver_init.o
                0x00001940                mcu_init
 .text.USART_0_initialization
                0x00001978       0x14 src/driver_init.o
                0x00001978                USART_0_initialization
 .text.system_init
                0x0000198c       0x10 src/driver_init.o
                0x0000198c                system_init
 .text.RTC_0_init
                0x0000199c       0x26 src/rtc.o
                0x0000199c                RTC_0_init
 .text.SLPCTRL_init
                0x000019c2        0x4 src/slpctrl.o
                0x000019c2                SLPCTRL_init
 .text.USART_0_init
                0x000019c6       0x18 src/usart.o
                0x000019c6                USART_0_init
 .text.avr-libc
                0x000019de        0xc C:/Program Files (x86)/Atmel/Studio/7.0/Packs/Atmel/ATtiny_DFP/1.3.172/gcc/dev/attiny817/avrxmega3/short-calls\libattiny817.a(ccp_write.o)
                0x000019de                ccp_write_io
                0x000019ea                . = ALIGN (0x2)
 *(.fini9)
 .fini9         0x000019ea        0x0 c:/program files (x86)/atmel/studio/7.0/toolchain/avr8/avr8-gnu-toolchain/bin/../lib/gcc/avr/5.4.0/avrxmega3/short-calls\libgcc.a(_exit.o)
                0x000019ea                _exit
                0x000019ea                exit
 *(.fini9)
 *(.fini8)
 *(.fini8)
 *(.fini7)
 *(.fini7)
 *(.fini6)
 *(.fini6)
 *(.fini5)
 *(.fini5)
 *(.fini4)
 *(.fini4)
 *(.fini3)
 *(.fini3)
 *(.fini2)
 *(.fini2)
 *(.fini1)
 *(.fini1)
 *(.fini0)
 .fini0         0x000019ea        0x4 c:/program files (x86)/atmel/studio/7.0/toolchain/avr8/avr8-gnu-toolchain/bin/../lib/gcc/avr/5.4.0/avrxmega3/short-calls\libgcc.a(_exit.o)
 *(.fini0)
                0x000019ee                _etext = .

.rodata         0x000099ee       0xd0 load address 0x000019ee
 *(.rodata)
 .rodata        0x000099ee       0xb7 main.o
 *(.rodata*)
 .rodata.str1.1
                0x00009aa5       0x19 main.o
                                 0x1b (size before relaxing)
 *(.gnu.linkonce.r*)

.data           0x00803e00        0x0 load address 0x00001abe
                [!provide]                PROVIDE (__data_start, .)
 *(.data)
 *(.data*)
 *(.gnu.linkonce.d*)
                0x00803e00                . = ALIGN (0x2)
                0x00803e00                _edata = .
                [!provide]                PROVIDE (__data_end, .)

.bss            0x00803e00       0xb9
                0x00803e00                PROVIDE (__bss_start, .)
 *(.bss)
 *(.bss*)
 .bss.g_motionMinTotals
                0x00803e00        0x1 main.o
 .bss.g_motionDataCtr
                0x00803e01        0x1 main.o
 .bss.g_motionMinCtr
                0x00803e02        0x1 main.o
 .bss.g_motion8bits
                0x00803e03        0x1 main.o
 .bss.g_motionMask
                0x00803e04        0x1 main.o
 .bss.g_motion8ctr
                0x00803e05        0x1 main.o
 .bss.g_uc_receive_buffer
                0x00803e06       0x78 main.o
 .bss.motParams
                0x00803e7e       0x17 main.o
 .bss.gpsParams
                0x00803e95       0x17 main.o
 .bss.timeToFix
                0x00803eac        0x2 main.o
 .bss.rcvdCmd   0x00803eae        0x1 main.o
                0x00803eae                rcvdCmd
 *(COMMON)
 COMMON         0x00803eaf        0xa main.o
                0x00803eaf                g_ul_tick_count
                0x00803eb1                mState
                0x00803eb2                p_rcvData
                0x00803eb4                uBloxStatus
                0x00803eb5                g_irAvg
                0x00803eb7                GPSSearchPtr
                0x00803eb9                PROVIDE (__bss_end, .)
                0x00001abe                __data_load_start = LOADADDR (.data)
                0x00001abe                __data_load_end = (__data_load_start + SIZEOF (.data))

.noinit         0x00803eb9        0x0
                [!provide]                PROVIDE (__noinit_start, .)
 *(.noinit*)
                [!provide]                PROVIDE (__noinit_end, .)
                0x00803eb9                _end = .
                [!provide]                PROVIDE (__heap_start, .)

.eeprom         0x00810000        0x0
 *(.eeprom*)
                0x00810000                __eeprom_end = .

.fuse
 *(.fuse)
 *(.lfuse)
 *(.hfuse)
 *(.efuse)

.lock
 *(.lock*)

.signature
 *(.signature*)

.user_signatures
 *(.user_signatures*)

.stab
 *(.stab)

.stabstr
 *(.stabstr)

.stab.excl
 *(.stab.excl)

.stab.exclstr
 *(.stab.exclstr)

.stab.index
 *(.stab.index)

.stab.indexstr
 *(.stab.indexstr)

.comment        0x00000000       0x30
 *(.comment)
 .comment       0x00000000       0x30 atmel_start.o
                                 0x31 (size before relaxing)
 .comment       0x00000030       0x31 main.o
 .comment       0x00000030       0x31 src/bod.o
 .comment       0x00000030       0x31 src/clkctrl.o
 .comment       0x00000030       0x31 src/cpuint.o
 .comment       0x00000030       0x31 src/driver_init.o
 .comment       0x00000030       0x31 src/rtc.o
 .comment       0x00000030       0x31 src/slpctrl.o
 .comment       0x00000030       0x31 src/usart.o

.note.gnu.avr.deviceinfo
                0x00000000       0x3c
 .note.gnu.avr.deviceinfo
                0x00000000       0x3c C:/Program Files (x86)/Atmel/Studio/7.0/Packs/Atmel/ATtiny_DFP/1.3.172/gcc/dev/attiny817/avrxmega3/short-calls/crtattiny817.o

.note.gnu.build-id
 *(.note.gnu.build-id)

.debug
 *(.debug)

.line
 *(.line)

.debug_srcinfo
 *(.debug_srcinfo)

.debug_sfnames
 *(.debug_sfnames)

.debug_aranges  0x00000000      0x298
 *(.debug_aranges)
 .debug_aranges
                0x00000000       0x20 atmel_start.o
 .debug_aranges
                0x00000020      0x168 main.o
 .debug_aranges
                0x00000188       0x20 src/bod.o
 .debug_aranges
                0x000001a8       0x20 src/clkctrl.o
 .debug_aranges
                0x000001c8       0x20 src/cpuint.o
 .debug_aranges
                0x000001e8       0x30 src/driver_init.o
 .debug_aranges
                0x00000218       0x20 src/rtc.o
 .debug_aranges
                0x00000238       0x20 src/slpctrl.o
 .debug_aranges
                0x00000258       0x20 src/usart.o
 .debug_aranges
                0x00000278       0x20 C:/Program Files (x86)/Atmel/Studio/7.0/Packs/Atmel/ATtiny_DFP/1.3.172/gcc/dev/attiny817/avrxmega3/short-calls\libattiny817.a(ccp_write.o)

.debug_pubnames
 *(.debug_pubnames)

.debug_info     0x00000000     0x67e2
 *(.debug_info .gnu.linkonce.wi.*)
 .debug_info    0x00000000     0x16bc C:/Program Files (x86)/Atmel/Studio/7.0/Packs/Atmel/ATtiny_DFP/1.3.172/gcc/dev/attiny817/avrxmega3/short-calls/crtattiny817.o
 .debug_info    0x000016bc       0x9a atmel_start.o
 .debug_info    0x00001756     0x40c0 main.o
 .debug_info    0x00005816       0x8d src/bod.o
 .debug_info    0x000058a3       0x8d src/clkctrl.o
 .debug_info    0x00005930       0x8d src/cpuint.o
 .debug_info    0x000059bd      0x66f src/driver_init.o
 .debug_info    0x0000602c      0x422 src/rtc.o
 .debug_info    0x0000644e       0x8d src/slpctrl.o
 .debug_info    0x000064db      0x248 src/usart.o
 .debug_info    0x00006723       0xbf C:/Program Files (x86)/Atmel/Studio/7.0/Packs/Atmel/ATtiny_DFP/1.3.172/gcc/dev/attiny817/avrxmega3/short-calls\libattiny817.a(ccp_write.o)

.debug_abbrev   0x00000000     0x1e91
 *(.debug_abbrev)
 .debug_abbrev  0x00000000     0x1582 C:/Program Files (x86)/Atmel/Studio/7.0/Packs/Atmel/ATtiny_DFP/1.3.172/gcc/dev/attiny817/avrxmega3/short-calls/crtattiny817.o
 .debug_abbrev  0x00001582       0x63 atmel_start.o
 .debug_abbrev  0x000015e5      0x3f2 main.o
 .debug_abbrev  0x000019d7       0x51 src/bod.o
 .debug_abbrev  0x00001a28       0x51 src/clkctrl.o
 .debug_abbrev  0x00001a79       0x51 src/cpuint.o
 .debug_abbrev  0x00001aca      0x1ba src/driver_init.o
 .debug_abbrev  0x00001c84       0xd4 src/rtc.o
 .debug_abbrev  0x00001d58       0x51 src/slpctrl.o
 .debug_abbrev  0x00001da9       0xd4 src/usart.o
 .debug_abbrev  0x00001e7d       0x14 C:/Program Files (x86)/Atmel/Studio/7.0/Packs/Atmel/ATtiny_DFP/1.3.172/gcc/dev/attiny817/avrxmega3/short-calls\libattiny817.a(ccp_write.o)

.debug_line     0x00000000     0x2576
 *(.debug_line .debug_line.* .debug_line_end)
 .debug_line    0x00000000      0x136 C:/Program Files (x86)/Atmel/Studio/7.0/Packs/Atmel/ATtiny_DFP/1.3.172/gcc/dev/attiny817/avrxmega3/short-calls/crtattiny817.o
 .debug_line    0x00000136       0x60 atmel_start.o
 .debug_line    0x00000196     0x1c6d main.o
 .debug_line    0x00001e03       0xa2 src/bod.o
 .debug_line    0x00001ea5       0xa6 src/clkctrl.o
 .debug_line    0x00001f4b       0xa5 src/cpuint.o
 .debug_line    0x00001ff0      0x22e src/driver_init.o
 .debug_line    0x0000221e      0x132 src/rtc.o
 .debug_line    0x00002350       0xa6 src/slpctrl.o
 .debug_line    0x000023f6      0x116 src/usart.o
 .debug_line    0x0000250c       0x6a C:/Program Files (x86)/Atmel/Studio/7.0/Packs/Atmel/ATtiny_DFP/1.3.172/gcc/dev/attiny817/avrxmega3/short-calls\libattiny817.a(ccp_write.o)

.debug_frame    0x00000000      0x628
 *(.debug_frame)
 .debug_frame   0x00000000       0x24 atmel_start.o
 .debug_frame   0x00000024      0x4e8 main.o
 .debug_frame   0x0000050c       0x24 src/bod.o
 .debug_frame   0x00000530       0x24 src/clkctrl.o
 .debug_frame   0x00000554       0x24 src/cpuint.o
 .debug_frame   0x00000578       0x44 src/driver_init.o
 .debug_frame   0x000005bc       0x24 src/rtc.o
 .debug_frame   0x000005e0       0x24 src/slpctrl.o
 .debug_frame   0x00000604       0x24 src/usart.o

.debug_str      0x00000000     0x1db5
 *(.debug_str)
 .debug_str     0x00000000      0x9a7 C:/Program Files (x86)/Atmel/Studio/7.0/Packs/Atmel/ATtiny_DFP/1.3.172/gcc/dev/attiny817/avrxmega3/short-calls/crtattiny817.o
 .debug_str     0x000009a7      0x199 atmel_start.o
                                0x1cd (size before relaxing)
 .debug_str     0x00000b40      0xe70 main.o
                               0x101b (size before relaxing)
 .debug_str     0x000019b0       0x16 src/bod.o
                                0x1ba (size before relaxing)
 .debug_str     0x000019c6       0x1e src/clkctrl.o
                                0x1c2 (size before relaxing)
 .debug_str     0x000019e4       0x1c src/cpuint.o
                                0x1c0 (size before relaxing)
 .debug_str     0x00001a00       0x65 src/driver_init.o
                                0x49a (size before relaxing)
 .debug_str     0x00001a65      0x2e6 src/rtc.o
                                0x61c (size before relaxing)
 .debug_str     0x00001d4b       0x11 src/slpctrl.o
                                0x1c2 (size before relaxing)
 .debug_str     0x00001d5c       0x59 src/usart.o
                                0x33f (size before relaxing)

.debug_loc      0x00000000     0x2fac
 *(.debug_loc)
 .debug_loc     0x00000000     0x2ec0 main.o
 .debug_loc     0x00002ec0       0xec src/driver_init.o

.debug_macinfo
 *(.debug_macinfo)

.debug_weaknames
 *(.debug_weaknames)

.debug_funcnames
 *(.debug_funcnames)

.debug_typenames
 *(.debug_typenames)

.debug_varnames
 *(.debug_varnames)

.debug_pubtypes
 *(.debug_pubtypes)

.debug_ranges   0x00000000      0x218
 *(.debug_ranges)
 .debug_ranges  0x00000000       0x10 atmel_start.o
 .debug_ranges  0x00000010      0x188 main.o
 .debug_ranges  0x00000198       0x10 src/bod.o
 .debug_ranges  0x000001a8       0x10 src/clkctrl.o
 .debug_ranges  0x000001b8       0x10 src/cpuint.o
 .debug_ranges  0x000001c8       0x20 src/driver_init.o
 .debug_ranges  0x000001e8       0x10 src/rtc.o
 .debug_ranges  0x000001f8       0x10 src/slpctrl.o
 .debug_ranges  0x00000208       0x10 src/usart.o

.debug_macro
 *(.debug_macro)
OUTPUT(ATTiny_Collar.elf elf32-avr)
LOAD linker stubs
