Archive member included to satisfy reference by file (symbol)

c:/program files (x86)/atmel/studio/7.0/toolchain/avr8/avr8-gnu-toolchain/bin/../lib/gcc/avr/5.4.0/avrxmega3/short-calls\libgcc.a(_exit.o)
                              C:/Program Files (x86)/Atmel/Studio/7.0/Packs/Atmel/ATtiny_DFP/1.3.172/gcc/dev/attiny817/avrxmega3/short-calls/crtattiny817.o (exit)
c:/program files (x86)/atmel/studio/7.0/toolchain/avr8/avr8-gnu-toolchain/bin/../lib/gcc/avr/5.4.0/avrxmega3/short-calls\libgcc.a(_clear_bss.o)
                              driver_isr.o (__do_clear_bss)

Allocating common symbols
Common symbol       size              file

g_motionArchive     0x10e             driver_isr.o
g_ul_tick_count     0x2               driver_isr.o
g_ulcount           0x2               driver_isr.o
p_rcvData           0x2               driver_isr.o
g_uc_receive_buffer
                    0xa               driver_isr.o
g_irAvg             0x2               driver_isr.o

Discarded input sections

 .data          0x00000000        0x0 C:/Program Files (x86)/Atmel/Studio/7.0/Packs/Atmel/ATtiny_DFP/1.3.172/gcc/dev/attiny817/avrxmega3/short-calls/crtattiny817.o
 .bss           0x00000000        0x0 C:/Program Files (x86)/Atmel/Studio/7.0/Packs/Atmel/ATtiny_DFP/1.3.172/gcc/dev/attiny817/avrxmega3/short-calls/crtattiny817.o
 .text          0x00000000        0x0 atmel_start.o
 .data          0x00000000        0x0 atmel_start.o
 .bss           0x00000000        0x0 atmel_start.o
 .text          0x00000000        0x0 driver_isr.o
 .data          0x00000000        0x0 driver_isr.o
 .bss           0x00000000        0x0 driver_isr.o
 .text          0x00000000        0x0 main.o
 .data          0x00000000        0x0 main.o
 .bss           0x00000000        0x0 main.o
 .text.archiveClear
                0x00000000       0x76 main.o
 .text.archiveTestPattern
                0x00000000       0x82 main.o
 .text.getPIRbit
                0x00000000       0x22 main.o
 .text.getPIRbyte
                0x00000000       0x46 main.o
 .text.sendSPIbuff
                0x00000000       0x3e main.o
 .text.sendSPIbyte
                0x00000000       0x1a main.o
 .text.rcvSPIbuff
                0x00000000       0x1e main.o
 .text.USART_0_putc
                0x00000000       0x12 main.o
 .text.archiveDump
                0x00000000      0x144 main.o
 .text.fillTestArchive
                0x00000000       0x2a main.o
 .rodata.str1.1
                0x00000000       0x36 main.o
 .text.ATBD     0x00000000       0x3e main.o
 .text.ATAC     0x00000000       0x3e main.o
 .text.ATWR     0x00000000       0x3e main.o
 .text.ATCN     0x00000000       0x3e main.o
 .text.ATinit   0x00000000       0x3e main.o
 .text.clrRx    0x00000000       0x30 main.o
 .text.openXBee
                0x00000000       0x3a main.o
 .text.xbeeReset
                0x00000000       0x1a main.o
 .text.ATCommandMode
                0x00000000      0x23e main.o
 .text.xBeeInit
                0x00000000       0x4a main.o
 .text.closeXBee
                0x00000000       0x10 main.o
 .text.configXBee
                0x00000000       0x46 main.o
 .avr.prop      0x00000000       0x16 main.o
 .text          0x00000000        0x0 src/bod.o
 .data          0x00000000        0x0 src/bod.o
 .bss           0x00000000        0x0 src/bod.o
 .text          0x00000000        0x0 src/clkctrl.o
 .data          0x00000000        0x0 src/clkctrl.o
 .bss           0x00000000        0x0 src/clkctrl.o
 .text          0x00000000        0x0 src/cpuint.o
 .data          0x00000000        0x0 src/cpuint.o
 .bss           0x00000000        0x0 src/cpuint.o
 .text          0x00000000        0x0 src/driver_init.o
 .data          0x00000000        0x0 src/driver_init.o
 .bss           0x00000000        0x0 src/driver_init.o
 .text          0x00000000        0x0 src/protected_io.o
 .data          0x00000000        0x0 src/protected_io.o
 .bss           0x00000000        0x0 src/protected_io.o
 .text.protected_write_io
                0x00000000        0x8 src/protected_io.o
 .debug_line    0x00000000       0x55 src/protected_io.o
 .debug_info    0x00000000       0xab src/protected_io.o
 .debug_abbrev  0x00000000       0x14 src/protected_io.o
 .debug_aranges
                0x00000000       0x20 src/protected_io.o
 .text          0x00000000        0x0 src/rtc.o
 .data          0x00000000        0x0 src/rtc.o
 .bss           0x00000000        0x0 src/rtc.o
 .text          0x00000000        0x0 src/slpctrl.o
 .data          0x00000000        0x0 src/slpctrl.o
 .bss           0x00000000        0x0 src/slpctrl.o
 .text          0x00000000        0x0 src/usart.o
 .data          0x00000000        0x0 src/usart.o
 .bss           0x00000000        0x0 src/usart.o
 .text          0x00000000        0x0 TWI_BitBang.o
 .data          0x00000000        0x0 TWI_BitBang.o
 .bss           0x00000000        0x0 TWI_BitBang.o
 .text.twi_disable
                0x00000000        0xa TWI_BitBang.o
 .text.twi_init
                0x00000000       0x1e TWI_BitBang.o
 .text.send_slave_address
                0x00000000        0x6 TWI_BitBang.o
 .text.i2cAddressTest
                0x00000000       0x16 TWI_BitBang.o
 .text.i2cAddressTestRd
                0x00000000       0x16 TWI_BitBang.o
 .text.write_data
                0x00000000       0x6c TWI_BitBang.o
 .text.read_bytes
                0x00000000       0x54 TWI_BitBang.o
 .text          0x00000000        0x0 utils/initTinyBoard.o
 .data          0x00000000        0x0 utils/initTinyBoard.o
 .bss           0x00000000        0x0 utils/initTinyBoard.o
 .debug_info    0x00000000       0x5d utils/initTinyBoard.o
 .debug_abbrev  0x00000000       0x26 utils/initTinyBoard.o
 .debug_aranges
                0x00000000       0x18 utils/initTinyBoard.o
 .debug_line    0x00000000       0x1a utils/initTinyBoard.o
 .debug_str     0x00000000      0x1b6 utils/initTinyBoard.o
 .comment       0x00000000       0x31 utils/initTinyBoard.o
 .text          0x00000000        0x0 c:/program files (x86)/atmel/studio/7.0/toolchain/avr8/avr8-gnu-toolchain/bin/../lib/gcc/avr/5.4.0/avrxmega3/short-calls\libgcc.a(_exit.o)
 .data          0x00000000        0x0 c:/program files (x86)/atmel/studio/7.0/toolchain/avr8/avr8-gnu-toolchain/bin/../lib/gcc/avr/5.4.0/avrxmega3/short-calls\libgcc.a(_exit.o)
 .bss           0x00000000        0x0 c:/program files (x86)/atmel/studio/7.0/toolchain/avr8/avr8-gnu-toolchain/bin/../lib/gcc/avr/5.4.0/avrxmega3/short-calls\libgcc.a(_exit.o)
 .text.libgcc.mul
                0x00000000        0x0 c:/program files (x86)/atmel/studio/7.0/toolchain/avr8/avr8-gnu-toolchain/bin/../lib/gcc/avr/5.4.0/avrxmega3/short-calls\libgcc.a(_exit.o)
 .text.libgcc.div
                0x00000000        0x0 c:/program files (x86)/atmel/studio/7.0/toolchain/avr8/avr8-gnu-toolchain/bin/../lib/gcc/avr/5.4.0/avrxmega3/short-calls\libgcc.a(_exit.o)
 .text.libgcc   0x00000000        0x0 c:/program files (x86)/atmel/studio/7.0/toolchain/avr8/avr8-gnu-toolchain/bin/../lib/gcc/avr/5.4.0/avrxmega3/short-calls\libgcc.a(_exit.o)
 .text.libgcc.prologue
                0x00000000        0x0 c:/program files (x86)/atmel/studio/7.0/toolchain/avr8/avr8-gnu-toolchain/bin/../lib/gcc/avr/5.4.0/avrxmega3/short-calls\libgcc.a(_exit.o)
 .text.libgcc.builtins
                0x00000000        0x0 c:/program files (x86)/atmel/studio/7.0/toolchain/avr8/avr8-gnu-toolchain/bin/../lib/gcc/avr/5.4.0/avrxmega3/short-calls\libgcc.a(_exit.o)
 .text.libgcc.fmul
                0x00000000        0x0 c:/program files (x86)/atmel/studio/7.0/toolchain/avr8/avr8-gnu-toolchain/bin/../lib/gcc/avr/5.4.0/avrxmega3/short-calls\libgcc.a(_exit.o)
 .text.libgcc.fixed
                0x00000000        0x0 c:/program files (x86)/atmel/studio/7.0/toolchain/avr8/avr8-gnu-toolchain/bin/../lib/gcc/avr/5.4.0/avrxmega3/short-calls\libgcc.a(_exit.o)
 .text          0x00000000        0x0 c:/program files (x86)/atmel/studio/7.0/toolchain/avr8/avr8-gnu-toolchain/bin/../lib/gcc/avr/5.4.0/avrxmega3/short-calls\libgcc.a(_clear_bss.o)
 .data          0x00000000        0x0 c:/program files (x86)/atmel/studio/7.0/toolchain/avr8/avr8-gnu-toolchain/bin/../lib/gcc/avr/5.4.0/avrxmega3/short-calls\libgcc.a(_clear_bss.o)
 .bss           0x00000000        0x0 c:/program files (x86)/atmel/studio/7.0/toolchain/avr8/avr8-gnu-toolchain/bin/../lib/gcc/avr/5.4.0/avrxmega3/short-calls\libgcc.a(_clear_bss.o)
 .text.libgcc.mul
                0x00000000        0x0 c:/program files (x86)/atmel/studio/7.0/toolchain/avr8/avr8-gnu-toolchain/bin/../lib/gcc/avr/5.4.0/avrxmega3/short-calls\libgcc.a(_clear_bss.o)
 .text.libgcc.div
                0x00000000        0x0 c:/program files (x86)/atmel/studio/7.0/toolchain/avr8/avr8-gnu-toolchain/bin/../lib/gcc/avr/5.4.0/avrxmega3/short-calls\libgcc.a(_clear_bss.o)
 .text.libgcc   0x00000000        0x0 c:/program files (x86)/atmel/studio/7.0/toolchain/avr8/avr8-gnu-toolchain/bin/../lib/gcc/avr/5.4.0/avrxmega3/short-calls\libgcc.a(_clear_bss.o)
 .text.libgcc.prologue
                0x00000000        0x0 c:/program files (x86)/atmel/studio/7.0/toolchain/avr8/avr8-gnu-toolchain/bin/../lib/gcc/avr/5.4.0/avrxmega3/short-calls\libgcc.a(_clear_bss.o)
 .text.libgcc.builtins
                0x00000000        0x0 c:/program files (x86)/atmel/studio/7.0/toolchain/avr8/avr8-gnu-toolchain/bin/../lib/gcc/avr/5.4.0/avrxmega3/short-calls\libgcc.a(_clear_bss.o)
 .text.libgcc.fmul
                0x00000000        0x0 c:/program files (x86)/atmel/studio/7.0/toolchain/avr8/avr8-gnu-toolchain/bin/../lib/gcc/avr/5.4.0/avrxmega3/short-calls\libgcc.a(_clear_bss.o)
 .text.libgcc.fixed
                0x00000000        0x0 c:/program files (x86)/atmel/studio/7.0/toolchain/avr8/avr8-gnu-toolchain/bin/../lib/gcc/avr/5.4.0/avrxmega3/short-calls\libgcc.a(_clear_bss.o)

Memory Configuration

Name             Origin             Length             Attributes
text             0x00000000         0x00100000         xr
data             0x00802000         0x0000ffa0         rw !x
eeprom           0x00810000         0x00010000         rw !x
fuse             0x00820000         0x00000009         rw !x
lock             0x00830000         0x00000400         rw !x
signature        0x00840000         0x00000400         rw !x
user_signatures  0x00850000         0x00000400         rw !x
*default*        0x00000000         0xffffffff

Linker script and memory map

Address of section .data set to 0x803e00
                0x00008000                __RODATA_PM_OFFSET__ = 0x8000
LOAD C:/Program Files (x86)/Atmel/Studio/7.0/Packs/Atmel/ATtiny_DFP/1.3.172/gcc/dev/attiny817/avrxmega3/short-calls/crtattiny817.o
LOAD atmel_start.o
LOAD driver_isr.o
LOAD main.o
LOAD src/bod.o
LOAD src/clkctrl.o
LOAD src/cpuint.o
LOAD src/driver_init.o
LOAD src/protected_io.o
LOAD src/rtc.o
LOAD src/slpctrl.o
LOAD src/usart.o
LOAD TWI_BitBang.o
LOAD utils/initTinyBoard.o
START GROUP
LOAD c:/program files (x86)/atmel/studio/7.0/toolchain/avr8/avr8-gnu-toolchain/bin/../lib/gcc/avr/5.4.0/../../../../avr/lib/avrxmega3/short-calls\libm.a
END GROUP
START GROUP
LOAD c:/program files (x86)/atmel/studio/7.0/toolchain/avr8/avr8-gnu-toolchain/bin/../lib/gcc/avr/5.4.0/avrxmega3/short-calls\libgcc.a
LOAD c:/program files (x86)/atmel/studio/7.0/toolchain/avr8/avr8-gnu-toolchain/bin/../lib/gcc/avr/5.4.0/../../../../avr/lib/avrxmega3/short-calls\libm.a
LOAD c:/program files (x86)/atmel/studio/7.0/toolchain/avr8/avr8-gnu-toolchain/bin/../lib/gcc/avr/5.4.0/../../../../avr/lib/avrxmega3/short-calls\libc.a
LOAD C:/Program Files (x86)/Atmel/Studio/7.0/Packs/Atmel/ATtiny_DFP/1.3.172/gcc/dev/attiny817/avrxmega3/short-calls\libattiny817.a
END GROUP
                0x00100000                __TEXT_REGION_LENGTH__ = DEFINED (__TEXT_REGION_LENGTH__)?__TEXT_REGION_LENGTH__:0x100000
                0x0000ffa0                __DATA_REGION_LENGTH__ = DEFINED (__DATA_REGION_LENGTH__)?__DATA_REGION_LENGTH__:0xffa0
                0x00010000                __EEPROM_REGION_LENGTH__ = DEFINED (__EEPROM_REGION_LENGTH__)?__EEPROM_REGION_LENGTH__:0x10000
                [0x00000009]                __FUSE_REGION_LENGTH__ = DEFINED (__FUSE_REGION_LENGTH__)?__FUSE_REGION_LENGTH__:0x400
                0x00000400                __LOCK_REGION_LENGTH__ = DEFINED (__LOCK_REGION_LENGTH__)?__LOCK_REGION_LENGTH__:0x400
                0x00000400                __SIGNATURE_REGION_LENGTH__ = DEFINED (__SIGNATURE_REGION_LENGTH__)?__SIGNATURE_REGION_LENGTH__:0x400
                0x00000400                __USER_SIGNATURE_REGION_LENGTH__ = DEFINED (__USER_SIGNATURE_REGION_LENGTH__)?__USER_SIGNATURE_REGION_LENGTH__:0x400
                0x00008000                __RODATA_PM_OFFSET__ = DEFINED (__RODATA_PM_OFFSET__)?__RODATA_PM_OFFSET__:0x8000

.hash
 *(.hash)

.dynsym
 *(.dynsym)

.dynstr
 *(.dynstr)

.gnu.version
 *(.gnu.version)

.gnu.version_d
 *(.gnu.version_d)

.gnu.version_r
 *(.gnu.version_r)

.rel.init
 *(.rel.init)

.rela.init
 *(.rela.init)

.rel.text
 *(.rel.text)
 *(.rel.text.*)
 *(.rel.gnu.linkonce.t*)

.rela.text
 *(.rela.text)
 *(.rela.text.*)
 *(.rela.gnu.linkonce.t*)

.rel.fini
 *(.rel.fini)

.rela.fini
 *(.rela.fini)

.rel.rodata
 *(.rel.rodata)
 *(.rel.rodata.*)
 *(.rel.gnu.linkonce.r*)

.rela.rodata
 *(.rela.rodata)
 *(.rela.rodata.*)
 *(.rela.gnu.linkonce.r*)

.rel.data
 *(.rel.data)
 *(.rel.data.*)
 *(.rel.gnu.linkonce.d*)

.rela.data
 *(.rela.data)
 *(.rela.data.*)
 *(.rela.gnu.linkonce.d*)

.rel.ctors
 *(.rel.ctors)

.rela.ctors
 *(.rela.ctors)

.rel.dtors
 *(.rel.dtors)

.rela.dtors
 *(.rela.dtors)

.rel.got
 *(.rel.got)

.rela.got
 *(.rela.got)

.rel.bss
 *(.rel.bss)

.rela.bss
 *(.rela.bss)

.rel.plt
 *(.rel.plt)

.rela.plt
 *(.rela.plt)

.text           0x00000000      0xfe8
 *(.vectors)
 .vectors       0x00000000       0x34 C:/Program Files (x86)/Atmel/Studio/7.0/Packs/Atmel/ATtiny_DFP/1.3.172/gcc/dev/attiny817/avrxmega3/short-calls/crtattiny817.o
                0x00000000                __vector_default
                0x00000000                __vectors
 *(.vectors)
 *(.progmem.gcc*)
 .progmem.gcc_sw_table.hex1ToAscii
                0x00000034       0x20 main.o
                0x00000054                . = ALIGN (0x2)
                0x00000054                __trampolines_start = .
 *(.trampolines)
 .trampolines   0x00000054        0x0 linker stubs
 *(.trampolines*)
                0x00000054                __trampolines_end = .
 *libprintf_flt.a:*(.progmem.data)
 *libc.a:*(.progmem.data)
 *(.progmem*)
                0x00000054                . = ALIGN (0x2)
 *(.jumptables)
 *(.jumptables*)
 *(.lowtext)
 *(.lowtext*)
                0x00000054                __ctors_start = .
 *(.ctors)
                0x00000054                __ctors_end = .
                0x00000054                __dtors_start = .
 *(.dtors)
                0x00000054                __dtors_end = .
 SORT(*)(.ctors)
 SORT(*)(.dtors)
 *(.init0)
 .init0         0x00000054        0x0 C:/Program Files (x86)/Atmel/Studio/7.0/Packs/Atmel/ATtiny_DFP/1.3.172/gcc/dev/attiny817/avrxmega3/short-calls/crtattiny817.o
                0x00000054                __init
 *(.init0)
 *(.init1)
 *(.init1)
 *(.init2)
 .init2         0x00000054        0xc C:/Program Files (x86)/Atmel/Studio/7.0/Packs/Atmel/ATtiny_DFP/1.3.172/gcc/dev/attiny817/avrxmega3/short-calls/crtattiny817.o
 *(.init2)
 *(.init3)
 *(.init3)
 *(.init4)
 .init4         0x00000060       0x10 c:/program files (x86)/atmel/studio/7.0/toolchain/avr8/avr8-gnu-toolchain/bin/../lib/gcc/avr/5.4.0/avrxmega3/short-calls\libgcc.a(_clear_bss.o)
                0x00000060                __do_clear_bss
 *(.init4)
 *(.init5)
 *(.init5)
 *(.init6)
 *(.init6)
 *(.init7)
 *(.init7)
 *(.init8)
 *(.init8)
 *(.init9)
 .init9         0x00000070        0x4 C:/Program Files (x86)/Atmel/Studio/7.0/Packs/Atmel/ATtiny_DFP/1.3.172/gcc/dev/attiny817/avrxmega3/short-calls/crtattiny817.o
 *(.init9)
 *(.text)
 .text          0x00000074        0x2 C:/Program Files (x86)/Atmel/Studio/7.0/Packs/Atmel/ATtiny_DFP/1.3.172/gcc/dev/attiny817/avrxmega3/short-calls/crtattiny817.o
                0x00000074                __vector_1
                0x00000074                __vector_24
                0x00000074                __vector_12
                0x00000074                __bad_interrupt
                0x00000074                __vector_3
                0x00000074                __vector_23
                0x00000074                __vector_25
                0x00000074                __vector_11
                0x00000074                __vector_13
                0x00000074                __vector_17
                0x00000074                __vector_19
                0x00000074                __vector_7
                0x00000074                __vector_9
                0x00000074                __vector_2
                0x00000074                __vector_15
                0x00000074                __vector_8
                0x00000074                __vector_14
                0x00000074                __vector_10
                0x00000074                __vector_16
                0x00000074                __vector_18
                0x00000074                __vector_20
                0x00000076                . = ALIGN (0x2)
 *(.text.*)
 .text.atmel_start_init
                0x00000076        0x4 atmel_start.o
                0x00000076                atmel_start_init
 .text.__vector_21
                0x0000007a       0x16 driver_isr.o
                0x0000007a                __vector_21
 .text.getCmdFromBig
                0x00000090       0xae driver_isr.o
                0x00000090                getCmdFromBig
 .text.sendByteToBig
                0x0000013e      0x166 driver_isr.o
                0x0000013e                sendByteToBig
 .text.myDelay_ms
                0x000002a4       0x2e main.o
                0x000002a4                myDelay_ms
 .text.redBlink
                0x000002d2       0x28 main.o
                0x000002d2                redBlink
 .text.myDelay_hus
                0x000002fa       0x2c main.o
                0x000002fa                myDelay_hus
 .text.pirSUdelay
                0x00000326       0x10 main.o
                0x00000326                pirSUdelay
 .text.setPIRbit
                0x00000336       0x44 main.o
                0x00000336                setPIRbit
 .text.setPIRconfig
                0x0000037a       0x3c main.o
                0x0000037a                setPIRconfig
 .text.pirCLKdelay
                0x000003b6        0x4 main.o
                0x000003b6                pirCLKdelay
 .text.clearPIRinterrupt
                0x000003ba        0xa main.o
                0x000003ba                clearPIRinterrupt
 .text.usart_put_string
                0x000003c4       0x22 main.o
                0x000003c4                usart_put_string
 .text.hex1ToAscii
                0x000003e6       0x4c main.o
                0x000003e6                hex1ToAscii
 .text.main     0x00000432      0x262 main.o
                0x00000432                main
 .text.LCDclear
                0x00000694       0x3e main.o
                0x00000694                LCDclear
 .text.LCDbottomLine
                0x000006d2       0x36 main.o
                0x000006d2                LCDbottomLine
 .text.si115xParamSet
                0x00000708       0x96 main.o
                0x00000708                si115xParamSet
 .text.initSI1153
                0x0000079e      0x168 main.o
                0x0000079e                initSI1153
 .text.__vector_5
                0x00000906       0xb0 main.o
                0x00000906                __vector_5
 .text.__vector_22
                0x000009b6       0x34 main.o
                0x000009b6                __vector_22
 .text.__vector_4
                0x000009ea       0x2a main.o
                0x000009ea                __vector_4
 .text.__vector_6
                0x00000a14      0x3a4 main.o
                0x00000a14                __vector_6
 .text.BOD_init
                0x00000db8        0x4 src/bod.o
                0x00000db8                BOD_init
 .text.CLKCTRL_init
                0x00000dbc        0x4 src/clkctrl.o
                0x00000dbc                CLKCTRL_init
 .text.CPUINT_init
                0x00000dc0        0x4 src/cpuint.o
                0x00000dc0                CPUINT_init
 .text.mcu_init
                0x00000dc4       0x38 src/driver_init.o
                0x00000dc4                mcu_init
 .text.USART_0_initialization
                0x00000dfc       0x14 src/driver_init.o
                0x00000dfc                USART_0_initialization
 .text.system_init
                0x00000e10       0x10 src/driver_init.o
                0x00000e10                system_init
 .text.RTC_0_init
                0x00000e20       0x22 src/rtc.o
                0x00000e20                RTC_0_init
 .text.SLPCTRL_init
                0x00000e42        0x4 src/slpctrl.o
                0x00000e42                SLPCTRL_init
 .text.USART_0_init
                0x00000e46       0x18 src/usart.o
                0x00000e46                USART_0_init
 .text.write_scl
                0x00000e5e       0x14 TWI_BitBang.o
                0x00000e5e                write_scl
 .text.write_sda
                0x00000e72        0xe TWI_BitBang.o
                0x00000e72                write_sda
 .text.myDelay_twi
                0x00000e80       0x22 TWI_BitBang.o
                0x00000e80                myDelay_twi
 .text.twi_start_cond
                0x00000ea2       0x20 TWI_BitBang.o
                0x00000ea2                twi_start_cond
 .text.twi_stop_cond
                0x00000ec2       0x14 TWI_BitBang.o
                0x00000ec2                twi_stop_cond
 .text.i2c_write_byte
                0x00000ed6       0x5c TWI_BitBang.o
                0x00000ed6                i2c_write_byte
 .text.i2c_read_byte
                0x00000f32       0xb2 TWI_BitBang.o
                0x00000f32                i2c_read_byte
                0x00000fe4                . = ALIGN (0x2)
 *(.fini9)
 .fini9         0x00000fe4        0x0 c:/program files (x86)/atmel/studio/7.0/toolchain/avr8/avr8-gnu-toolchain/bin/../lib/gcc/avr/5.4.0/avrxmega3/short-calls\libgcc.a(_exit.o)
                0x00000fe4                _exit
                0x00000fe4                exit
 *(.fini9)
 *(.fini8)
 *(.fini8)
 *(.fini7)
 *(.fini7)
 *(.fini6)
 *(.fini6)
 *(.fini5)
 *(.fini5)
 *(.fini4)
 *(.fini4)
 *(.fini3)
 *(.fini3)
 *(.fini2)
 *(.fini2)
 *(.fini1)
 *(.fini1)
 *(.fini0)
 .fini0         0x00000fe4        0x4 c:/program files (x86)/atmel/studio/7.0/toolchain/avr8/avr8-gnu-toolchain/bin/../lib/gcc/avr/5.4.0/avrxmega3/short-calls\libgcc.a(_exit.o)
 *(.fini0)
                0x00000fe8                _etext = .

.rodata         0x00008fe8       0x18 load address 0x00000fe8
 *(.rodata)
 .rodata        0x00008fe8       0x18 main.o
 *(.rodata*)
 *(.gnu.linkonce.r*)

.data           0x00803e00        0x0 load address 0x00001000
                [!provide]                PROVIDE (__data_start, .)
 *(.data)
 *(.data*)
 *(.gnu.linkonce.d*)
                0x00803e00                . = ALIGN (0x2)
                0x00803e00                _edata = .
                [!provide]                PROVIDE (__data_end, .)

.bss            0x00803e00      0x130
                0x00803e00                PROVIDE (__bss_start, .)
 *(.bss)
 *(.bss*)
 .bss.g_loopCtr
                0x00803e00        0x1 main.o
 .bss.g_motionMinTotals
                0x00803e01        0x1 main.o
 .bss.g_motionDataCtr
                0x00803e02        0x1 main.o
 .bss.g_motionMinCtr
                0x00803e03        0x1 main.o
 .bss.g_motionData
                0x00803e04        0x8 main.o
 .bss.g_motion8bits
                0x00803e0c        0x1 main.o
 .bss.g_motionMask
                0x00803e0d        0x1 main.o
 .bss.g_motion8ctr
                0x00803e0e        0x1 main.o
 .bss.g_rxDataIndex
                0x00803e0f        0x1 main.o
 *(COMMON)
 COMMON         0x00803e10      0x120 driver_isr.o
                0x00803e10                g_motionArchive
                0x00803f1e                g_ul_tick_count
                0x00803f20                g_ulcount
                0x00803f22                p_rcvData
                0x00803f24                g_uc_receive_buffer
                0x00803f2e                g_irAvg
                0x00803f30                PROVIDE (__bss_end, .)
                0x00001000                __data_load_start = LOADADDR (.data)
                0x00001000                __data_load_end = (__data_load_start + SIZEOF (.data))

.noinit         0x00803f30        0x0
                [!provide]                PROVIDE (__noinit_start, .)
 *(.noinit*)
                [!provide]                PROVIDE (__noinit_end, .)
                0x00803f30                _end = .
                [!provide]                PROVIDE (__heap_start, .)

.eeprom         0x00810000        0x0
 *(.eeprom*)
                0x00810000                __eeprom_end = .

.fuse
 *(.fuse)
 *(.lfuse)
 *(.hfuse)
 *(.efuse)

.lock
 *(.lock*)

.signature
 *(.signature*)

.user_signatures
 *(.user_signatures*)

.stab
 *(.stab)

.stabstr
 *(.stabstr)

.stab.excl
 *(.stab.excl)

.stab.exclstr
 *(.stab.exclstr)

.stab.index
 *(.stab.index)

.stab.indexstr
 *(.stab.indexstr)

.comment        0x00000000       0x30
 *(.comment)
 .comment       0x00000000       0x30 atmel_start.o
                                 0x31 (size before relaxing)
 .comment       0x00000030       0x31 driver_isr.o
 .comment       0x00000030       0x31 main.o
 .comment       0x00000030       0x31 src/bod.o
 .comment       0x00000030       0x31 src/clkctrl.o
 .comment       0x00000030       0x31 src/cpuint.o
 .comment       0x00000030       0x31 src/driver_init.o
 .comment       0x00000030       0x31 src/rtc.o
 .comment       0x00000030       0x31 src/slpctrl.o
 .comment       0x00000030       0x31 src/usart.o
 .comment       0x00000030       0x31 TWI_BitBang.o

.note.gnu.avr.deviceinfo
                0x00000000       0x3c
 .note.gnu.avr.deviceinfo
                0x00000000       0x3c C:/Program Files (x86)/Atmel/Studio/7.0/Packs/Atmel/ATtiny_DFP/1.3.172/gcc/dev/attiny817/avrxmega3/short-calls/crtattiny817.o

.note.gnu.build-id
 *(.note.gnu.build-id)

.debug
 *(.debug)

.line
 *(.line)

.debug_srcinfo
 *(.debug_srcinfo)

.debug_sfnames
 *(.debug_sfnames)

.debug_aranges  0x00000000      0x328
 *(.debug_aranges)
 .debug_aranges
                0x00000000       0x20 atmel_start.o
 .debug_aranges
                0x00000020       0x30 driver_isr.o
 .debug_aranges
                0x00000050      0x160 main.o
 .debug_aranges
                0x000001b0       0x20 src/bod.o
 .debug_aranges
                0x000001d0       0x20 src/clkctrl.o
 .debug_aranges
                0x000001f0       0x20 src/cpuint.o
 .debug_aranges
                0x00000210       0x30 src/driver_init.o
 .debug_aranges
                0x00000240       0x20 src/rtc.o
 .debug_aranges
                0x00000260       0x20 src/slpctrl.o
 .debug_aranges
                0x00000280       0x20 src/usart.o
 .debug_aranges
                0x000002a0       0x88 TWI_BitBang.o

.debug_pubnames
 *(.debug_pubnames)

.debug_info     0x00000000     0x78e5
 *(.debug_info .gnu.linkonce.wi.*)
 .debug_info    0x00000000     0x16bc C:/Program Files (x86)/Atmel/Studio/7.0/Packs/Atmel/ATtiny_DFP/1.3.172/gcc/dev/attiny817/avrxmega3/short-calls/crtattiny817.o
 .debug_info    0x000016bc       0x9a atmel_start.o
 .debug_info    0x00001756      0x95e driver_isr.o
 .debug_info    0x000020b4     0x37ab main.o
 .debug_info    0x0000585f       0x8d src/bod.o
 .debug_info    0x000058ec       0x8d src/clkctrl.o
 .debug_info    0x00005979       0x8d src/cpuint.o
 .debug_info    0x00005a06      0x66f src/driver_init.o
 .debug_info    0x00006075      0x3b6 src/rtc.o
 .debug_info    0x0000642b       0x8d src/slpctrl.o
 .debug_info    0x000064b8      0x248 src/usart.o
 .debug_info    0x00006700     0x11e5 TWI_BitBang.o

.debug_abbrev   0x00000000     0x23b0
 *(.debug_abbrev)
 .debug_abbrev  0x00000000     0x1582 C:/Program Files (x86)/Atmel/Studio/7.0/Packs/Atmel/ATtiny_DFP/1.3.172/gcc/dev/attiny817/avrxmega3/short-calls/crtattiny817.o
 .debug_abbrev  0x00001582       0x63 atmel_start.o
 .debug_abbrev  0x000015e5      0x218 driver_isr.o
 .debug_abbrev  0x000017fd      0x3e5 main.o
 .debug_abbrev  0x00001be2       0x51 src/bod.o
 .debug_abbrev  0x00001c33       0x51 src/clkctrl.o
 .debug_abbrev  0x00001c84       0x51 src/cpuint.o
 .debug_abbrev  0x00001cd5      0x1ba src/driver_init.o
 .debug_abbrev  0x00001e8f       0xd4 src/rtc.o
 .debug_abbrev  0x00001f63       0x51 src/slpctrl.o
 .debug_abbrev  0x00001fb4       0xd4 src/usart.o
 .debug_abbrev  0x00002088      0x328 TWI_BitBang.o

.debug_line     0x00000000     0x2818
 *(.debug_line .debug_line.* .debug_line_end)
 .debug_line    0x00000000      0x136 C:/Program Files (x86)/Atmel/Studio/7.0/Packs/Atmel/ATtiny_DFP/1.3.172/gcc/dev/attiny817/avrxmega3/short-calls/crtattiny817.o
 .debug_line    0x00000136       0x60 atmel_start.o
 .debug_line    0x00000196      0x4a4 driver_isr.o
 .debug_line    0x0000063a     0x1574 main.o
 .debug_line    0x00001bae       0xa2 src/bod.o
 .debug_line    0x00001c50       0xa6 src/clkctrl.o
 .debug_line    0x00001cf6       0xa5 src/cpuint.o
 .debug_line    0x00001d9b      0x22e src/driver_init.o
 .debug_line    0x00001fc9      0x126 src/rtc.o
 .debug_line    0x000020ef       0xa6 src/slpctrl.o
 .debug_line    0x00002195      0x116 src/usart.o
 .debug_line    0x000022ab      0x56d TWI_BitBang.o

.debug_frame    0x00000000      0x888
 *(.debug_frame)
 .debug_frame   0x00000000       0x24 atmel_start.o
 .debug_frame   0x00000024       0x50 driver_isr.o
 .debug_frame   0x00000074      0x578 main.o
 .debug_frame   0x000005ec       0x24 src/bod.o
 .debug_frame   0x00000610       0x24 src/clkctrl.o
 .debug_frame   0x00000634       0x24 src/cpuint.o
 .debug_frame   0x00000658       0x44 src/driver_init.o
 .debug_frame   0x0000069c       0x24 src/rtc.o
 .debug_frame   0x000006c0       0x24 src/slpctrl.o
 .debug_frame   0x000006e4       0x24 src/usart.o
 .debug_frame   0x00000708      0x180 TWI_BitBang.o

.debug_str      0x00000000     0x1a4b
 *(.debug_str)
 .debug_str     0x00000000      0x9a7 C:/Program Files (x86)/Atmel/Studio/7.0/Packs/Atmel/ATtiny_DFP/1.3.172/gcc/dev/attiny817/avrxmega3/short-calls/crtattiny817.o
 .debug_str     0x000009a7      0x199 atmel_start.o
                                0x1cd (size before relaxing)
 .debug_str     0x00000b40      0x3c0 driver_isr.o
                                0x58e (size before relaxing)
 .debug_str     0x00000f00      0x788 main.o
                                0xcf1 (size before relaxing)
 .debug_str     0x00001688       0x16 src/bod.o
                                0x1ba (size before relaxing)
 .debug_str     0x0000169e       0x1e src/clkctrl.o
                                0x1c2 (size before relaxing)
 .debug_str     0x000016bc       0x1c src/cpuint.o
                                0x1c0 (size before relaxing)
 .debug_str     0x000016d8       0x96 src/driver_init.o
                                0x497 (size before relaxing)
 .debug_str     0x0000176e      0x19d src/rtc.o
                                0x4d0 (size before relaxing)
 .debug_str     0x0000190b       0x11 src/slpctrl.o
                                0x1c2 (size before relaxing)
 .debug_str     0x0000191c       0x59 src/usart.o
                                0x33f (size before relaxing)
 .debug_str     0x00001975       0xd6 TWI_BitBang.o
                                0x50f (size before relaxing)

.debug_loc      0x00000000     0x30fa
 *(.debug_loc)
 .debug_loc     0x00000000      0x684 driver_isr.o
 .debug_loc     0x00000684     0x1e1e main.o
 .debug_loc     0x000024a2       0xec src/driver_init.o
 .debug_loc     0x0000258e      0xb6c TWI_BitBang.o

.debug_macinfo
 *(.debug_macinfo)

.debug_weaknames
 *(.debug_weaknames)

.debug_funcnames
 *(.debug_funcnames)

.debug_typenames
 *(.debug_typenames)

.debug_varnames
 *(.debug_varnames)

.debug_pubtypes
 *(.debug_pubtypes)

.debug_ranges   0x00000000      0x278
 *(.debug_ranges)
 .debug_ranges  0x00000000       0x10 atmel_start.o
 .debug_ranges  0x00000010       0x20 driver_isr.o
 .debug_ranges  0x00000030      0x150 main.o
 .debug_ranges  0x00000180       0x10 src/bod.o
 .debug_ranges  0x00000190       0x10 src/clkctrl.o
 .debug_ranges  0x000001a0       0x10 src/cpuint.o
 .debug_ranges  0x000001b0       0x20 src/driver_init.o
 .debug_ranges  0x000001d0       0x10 src/rtc.o
 .debug_ranges  0x000001e0       0x10 src/slpctrl.o
 .debug_ranges  0x000001f0       0x10 src/usart.o
 .debug_ranges  0x00000200       0x78 TWI_BitBang.o

.debug_macro
 *(.debug_macro)
OUTPUT(ATTiny_PIR.elf elf32-avr)
LOAD linker stubs
