Archive member included to satisfy reference by file (symbol)

c:/program files (x86)/atmel/studio/7.0/toolchain/avr8/avr8-gnu-toolchain/bin/../lib/gcc/avr/5.4.0/avrxmega3/short-calls\libgcc.a(_exit.o)
                              C:/Program Files (x86)/Atmel/Studio/7.0/Packs/atmel/ATtiny_DFP/1.3.169/gcc/dev/attiny817/avrxmega3/short-calls/crtattiny817.o (exit)

Discarded input sections

 .data          0x00000000        0x0 C:/Program Files (x86)/Atmel/Studio/7.0/Packs/atmel/ATtiny_DFP/1.3.169/gcc/dev/attiny817/avrxmega3/short-calls/crtattiny817.o
 .bss           0x00000000        0x0 C:/Program Files (x86)/Atmel/Studio/7.0/Packs/atmel/ATtiny_DFP/1.3.169/gcc/dev/attiny817/avrxmega3/short-calls/crtattiny817.o
 .text          0x00000000        0x0 atmel_start.o
 .data          0x00000000        0x0 atmel_start.o
 .bss           0x00000000        0x0 atmel_start.o
 .text          0x00000000        0x0 driver_isr.o
 .data          0x00000000        0x0 driver_isr.o
 .bss           0x00000000        0x0 driver_isr.o
 .text          0x00000000        0x0 main.o
 .data          0x00000000        0x0 main.o
 .bss           0x00000000        0x0 main.o
 .text          0x00000000        0x0 src/bod.o
 .data          0x00000000        0x0 src/bod.o
 .bss           0x00000000        0x0 src/bod.o
 .text          0x00000000        0x0 src/clkctrl.o
 .data          0x00000000        0x0 src/clkctrl.o
 .bss           0x00000000        0x0 src/clkctrl.o
 .text          0x00000000        0x0 src/cpuint.o
 .data          0x00000000        0x0 src/cpuint.o
 .bss           0x00000000        0x0 src/cpuint.o
 .text          0x00000000        0x0 src/driver_init.o
 .data          0x00000000        0x0 src/driver_init.o
 .bss           0x00000000        0x0 src/driver_init.o
 .text          0x00000000        0x0 src/protected_io.o
 .data          0x00000000        0x0 src/protected_io.o
 .bss           0x00000000        0x0 src/protected_io.o
 .text.protected_write_io
                0x00000000        0x8 src/protected_io.o
 .debug_line    0x00000000       0x55 src/protected_io.o
 .debug_info    0x00000000       0xd5 src/protected_io.o
 .debug_abbrev  0x00000000       0x14 src/protected_io.o
 .debug_aranges
                0x00000000       0x20 src/protected_io.o
 .text          0x00000000        0x0 src/rtc.o
 .data          0x00000000        0x0 src/rtc.o
 .bss           0x00000000        0x0 src/rtc.o
 .text          0x00000000        0x0 src/slpctrl.o
 .data          0x00000000        0x0 src/slpctrl.o
 .bss           0x00000000        0x0 src/slpctrl.o
 .text          0x00000000        0x0 c:/program files (x86)/atmel/studio/7.0/toolchain/avr8/avr8-gnu-toolchain/bin/../lib/gcc/avr/5.4.0/avrxmega3/short-calls\libgcc.a(_exit.o)
 .data          0x00000000        0x0 c:/program files (x86)/atmel/studio/7.0/toolchain/avr8/avr8-gnu-toolchain/bin/../lib/gcc/avr/5.4.0/avrxmega3/short-calls\libgcc.a(_exit.o)
 .bss           0x00000000        0x0 c:/program files (x86)/atmel/studio/7.0/toolchain/avr8/avr8-gnu-toolchain/bin/../lib/gcc/avr/5.4.0/avrxmega3/short-calls\libgcc.a(_exit.o)
 .text.libgcc.mul
                0x00000000        0x0 c:/program files (x86)/atmel/studio/7.0/toolchain/avr8/avr8-gnu-toolchain/bin/../lib/gcc/avr/5.4.0/avrxmega3/short-calls\libgcc.a(_exit.o)
 .text.libgcc.div
                0x00000000        0x0 c:/program files (x86)/atmel/studio/7.0/toolchain/avr8/avr8-gnu-toolchain/bin/../lib/gcc/avr/5.4.0/avrxmega3/short-calls\libgcc.a(_exit.o)
 .text.libgcc   0x00000000        0x0 c:/program files (x86)/atmel/studio/7.0/toolchain/avr8/avr8-gnu-toolchain/bin/../lib/gcc/avr/5.4.0/avrxmega3/short-calls\libgcc.a(_exit.o)
 .text.libgcc.prologue
                0x00000000        0x0 c:/program files (x86)/atmel/studio/7.0/toolchain/avr8/avr8-gnu-toolchain/bin/../lib/gcc/avr/5.4.0/avrxmega3/short-calls\libgcc.a(_exit.o)
 .text.libgcc.builtins
                0x00000000        0x0 c:/program files (x86)/atmel/studio/7.0/toolchain/avr8/avr8-gnu-toolchain/bin/../lib/gcc/avr/5.4.0/avrxmega3/short-calls\libgcc.a(_exit.o)
 .text.libgcc.fmul
                0x00000000        0x0 c:/program files (x86)/atmel/studio/7.0/toolchain/avr8/avr8-gnu-toolchain/bin/../lib/gcc/avr/5.4.0/avrxmega3/short-calls\libgcc.a(_exit.o)
 .text.libgcc.fixed
                0x00000000        0x0 c:/program files (x86)/atmel/studio/7.0/toolchain/avr8/avr8-gnu-toolchain/bin/../lib/gcc/avr/5.4.0/avrxmega3/short-calls\libgcc.a(_exit.o)

Memory Configuration

Name             Origin             Length             Attributes
text             0x00000000         0x00100000         xr
data             0x00802000         0x0000ffa0         rw !x
eeprom           0x00810000         0x00010000         rw !x
fuse             0x00820000         0x00000009         rw !x
lock             0x00830000         0x00000400         rw !x
signature        0x00840000         0x00000400         rw !x
user_signatures  0x00850000         0x00000400         rw !x
*default*        0x00000000         0xffffffff

Linker script and memory map

Address of section .data set to 0x803e00
                0x00008000                __RODATA_PM_OFFSET__ = 0x8000
LOAD C:/Program Files (x86)/Atmel/Studio/7.0/Packs/atmel/ATtiny_DFP/1.3.169/gcc/dev/attiny817/avrxmega3/short-calls/crtattiny817.o
LOAD atmel_start.o
LOAD driver_isr.o
LOAD main.o
LOAD src/bod.o
LOAD src/clkctrl.o
LOAD src/cpuint.o
LOAD src/driver_init.o
LOAD src/protected_io.o
LOAD src/rtc.o
LOAD src/slpctrl.o
START GROUP
LOAD c:/program files (x86)/atmel/studio/7.0/toolchain/avr8/avr8-gnu-toolchain/bin/../lib/gcc/avr/5.4.0/../../../../avr/lib/avrxmega3/short-calls\libm.a
END GROUP
START GROUP
LOAD c:/program files (x86)/atmel/studio/7.0/toolchain/avr8/avr8-gnu-toolchain/bin/../lib/gcc/avr/5.4.0/avrxmega3/short-calls\libgcc.a
LOAD c:/program files (x86)/atmel/studio/7.0/toolchain/avr8/avr8-gnu-toolchain/bin/../lib/gcc/avr/5.4.0/../../../../avr/lib/avrxmega3/short-calls\libm.a
LOAD c:/program files (x86)/atmel/studio/7.0/toolchain/avr8/avr8-gnu-toolchain/bin/../lib/gcc/avr/5.4.0/../../../../avr/lib/avrxmega3/short-calls\libc.a
LOAD C:/Program Files (x86)/Atmel/Studio/7.0/Packs/atmel/ATtiny_DFP/1.3.169/gcc/dev/attiny817/avrxmega3/short-calls\libattiny817.a
END GROUP
                0x00100000                __TEXT_REGION_LENGTH__ = DEFINED (__TEXT_REGION_LENGTH__)?__TEXT_REGION_LENGTH__:0x100000
                0x0000ffa0                __DATA_REGION_LENGTH__ = DEFINED (__DATA_REGION_LENGTH__)?__DATA_REGION_LENGTH__:0xffa0
                0x00010000                __EEPROM_REGION_LENGTH__ = DEFINED (__EEPROM_REGION_LENGTH__)?__EEPROM_REGION_LENGTH__:0x10000
                [0x00000009]                __FUSE_REGION_LENGTH__ = DEFINED (__FUSE_REGION_LENGTH__)?__FUSE_REGION_LENGTH__:0x400
                0x00000400                __LOCK_REGION_LENGTH__ = DEFINED (__LOCK_REGION_LENGTH__)?__LOCK_REGION_LENGTH__:0x400
                0x00000400                __SIGNATURE_REGION_LENGTH__ = DEFINED (__SIGNATURE_REGION_LENGTH__)?__SIGNATURE_REGION_LENGTH__:0x400
                0x00000400                __USER_SIGNATURE_REGION_LENGTH__ = DEFINED (__USER_SIGNATURE_REGION_LENGTH__)?__USER_SIGNATURE_REGION_LENGTH__:0x400
                0x00008000                __RODATA_PM_OFFSET__ = DEFINED (__RODATA_PM_OFFSET__)?__RODATA_PM_OFFSET__:0x8000

.hash
 *(.hash)

.dynsym
 *(.dynsym)

.dynstr
 *(.dynstr)

.gnu.version
 *(.gnu.version)

.gnu.version_d
 *(.gnu.version_d)

.gnu.version_r
 *(.gnu.version_r)

.rel.init
 *(.rel.init)

.rela.init
 *(.rela.init)

.rel.text
 *(.rel.text)
 *(.rel.text.*)
 *(.rel.gnu.linkonce.t*)

.rela.text
 *(.rela.text)
 *(.rela.text.*)
 *(.rela.gnu.linkonce.t*)

.rel.fini
 *(.rel.fini)

.rela.fini
 *(.rela.fini)

.rel.rodata
 *(.rel.rodata)
 *(.rel.rodata.*)
 *(.rel.gnu.linkonce.r*)

.rela.rodata
 *(.rela.rodata)
 *(.rela.rodata.*)
 *(.rela.gnu.linkonce.r*)

.rel.data
 *(.rel.data)
 *(.rel.data.*)
 *(.rel.gnu.linkonce.d*)

.rela.data
 *(.rela.data)
 *(.rela.data.*)
 *(.rela.gnu.linkonce.d*)

.rel.ctors
 *(.rel.ctors)

.rela.ctors
 *(.rela.ctors)

.rel.dtors
 *(.rel.dtors)

.rela.dtors
 *(.rela.dtors)

.rel.got
 *(.rel.got)

.rela.got
 *(.rela.got)

.rel.bss
 *(.rel.bss)

.rela.bss
 *(.rela.bss)

.rel.plt
 *(.rel.plt)

.rela.plt
 *(.rela.plt)

.text           0x00000000       0xf4
 *(.vectors)
 .vectors       0x00000000       0x34 C:/Program Files (x86)/Atmel/Studio/7.0/Packs/atmel/ATtiny_DFP/1.3.169/gcc/dev/attiny817/avrxmega3/short-calls/crtattiny817.o
                0x00000000                __vector_default
                0x00000000                __vectors
 *(.vectors)
 *(.progmem.gcc*)
                0x00000034                . = ALIGN (0x2)
                0x00000034                __trampolines_start = .
 *(.trampolines)
 .trampolines   0x00000034        0x0 linker stubs
 *(.trampolines*)
                0x00000034                __trampolines_end = .
 *libprintf_flt.a:*(.progmem.data)
 *libc.a:*(.progmem.data)
 *(.progmem*)
                0x00000034                . = ALIGN (0x2)
 *(.jumptables)
 *(.jumptables*)
 *(.lowtext)
 *(.lowtext*)
                0x00000034                __ctors_start = .
 *(.ctors)
                0x00000034                __ctors_end = .
                0x00000034                __dtors_start = .
 *(.dtors)
                0x00000034                __dtors_end = .
 SORT(*)(.ctors)
 SORT(*)(.dtors)
 *(.init0)
 .init0         0x00000034        0x0 C:/Program Files (x86)/Atmel/Studio/7.0/Packs/atmel/ATtiny_DFP/1.3.169/gcc/dev/attiny817/avrxmega3/short-calls/crtattiny817.o
                0x00000034                __init
 *(.init0)
 *(.init1)
 *(.init1)
 *(.init2)
 .init2         0x00000034        0xc C:/Program Files (x86)/Atmel/Studio/7.0/Packs/atmel/ATtiny_DFP/1.3.169/gcc/dev/attiny817/avrxmega3/short-calls/crtattiny817.o
 *(.init2)
 *(.init3)
 *(.init3)
 *(.init4)
 *(.init4)
 *(.init5)
 *(.init5)
 *(.init6)
 *(.init6)
 *(.init7)
 *(.init7)
 *(.init8)
 *(.init8)
 *(.init9)
 .init9         0x00000040        0x4 C:/Program Files (x86)/Atmel/Studio/7.0/Packs/atmel/ATtiny_DFP/1.3.169/gcc/dev/attiny817/avrxmega3/short-calls/crtattiny817.o
 *(.init9)
 *(.text)
 .text          0x00000044        0x2 C:/Program Files (x86)/Atmel/Studio/7.0/Packs/atmel/ATtiny_DFP/1.3.169/gcc/dev/attiny817/avrxmega3/short-calls/crtattiny817.o
                0x00000044                __vector_22
                0x00000044                __vector_1
                0x00000044                __vector_24
                0x00000044                __vector_12
                0x00000044                __bad_interrupt
                0x00000044                __vector_3
                0x00000044                __vector_23
                0x00000044                __vector_25
                0x00000044                __vector_11
                0x00000044                __vector_13
                0x00000044                __vector_17
                0x00000044                __vector_19
                0x00000044                __vector_7
                0x00000044                __vector_5
                0x00000044                __vector_4
                0x00000044                __vector_9
                0x00000044                __vector_2
                0x00000044                __vector_21
                0x00000044                __vector_15
                0x00000044                __vector_8
                0x00000044                __vector_14
                0x00000044                __vector_10
                0x00000044                __vector_16
                0x00000044                __vector_18
                0x00000044                __vector_20
                0x00000046                . = ALIGN (0x2)
 *(.text.*)
 .text.atmel_start_init
                0x00000046        0x4 atmel_start.o
                0x00000046                atmel_start_init
 .text.__vector_6
                0x0000004a       0x24 driver_isr.o
                0x0000004a                __vector_6
 .text.main     0x0000006e        0x4 main.o
                0x0000006e                main
 .text.BOD_init
                0x00000072        0x4 src/bod.o
                0x00000072                BOD_init
 .text.CLKCTRL_init
                0x00000076        0x4 src/clkctrl.o
                0x00000076                CLKCTRL_init
 .text.CPUINT_init
                0x0000007a        0x6 src/cpuint.o
                0x0000007a                CPUINT_init
 .text.mcu_init
                0x00000080       0x38 src/driver_init.o
                0x00000080                mcu_init
 .text.system_init
                0x000000b8       0x12 src/driver_init.o
                0x000000b8                system_init
 .text.RTC_0_init
                0x000000ca       0x22 src/rtc.o
                0x000000ca                RTC_0_init
 .text.SLPCTRL_init
                0x000000ec        0x4 src/slpctrl.o
                0x000000ec                SLPCTRL_init
                0x000000f0                . = ALIGN (0x2)
 *(.fini9)
 .fini9         0x000000f0        0x0 c:/program files (x86)/atmel/studio/7.0/toolchain/avr8/avr8-gnu-toolchain/bin/../lib/gcc/avr/5.4.0/avrxmega3/short-calls\libgcc.a(_exit.o)
                0x000000f0                _exit
                0x000000f0                exit
 *(.fini9)
 *(.fini8)
 *(.fini8)
 *(.fini7)
 *(.fini7)
 *(.fini6)
 *(.fini6)
 *(.fini5)
 *(.fini5)
 *(.fini4)
 *(.fini4)
 *(.fini3)
 *(.fini3)
 *(.fini2)
 *(.fini2)
 *(.fini1)
 *(.fini1)
 *(.fini0)
 .fini0         0x000000f0        0x4 c:/program files (x86)/atmel/studio/7.0/toolchain/avr8/avr8-gnu-toolchain/bin/../lib/gcc/avr/5.4.0/avrxmega3/short-calls\libgcc.a(_exit.o)
 *(.fini0)
                0x000000f4                _etext = .

.rodata
 *(.rodata)
 *(.rodata*)
 *(.gnu.linkonce.r*)

.data           0x00803e00        0x0 load address 0x000000f4
                [!provide]                PROVIDE (__data_start, .)
 *(.data)
 *(.data*)
 *(.gnu.linkonce.d*)
                0x00803e00                . = ALIGN (0x2)
                0x00803e00                _edata = .
                [!provide]                PROVIDE (__data_end, .)

.bss            0x00803e00        0x0
                [!provide]                PROVIDE (__bss_start, .)
 *(.bss)
 *(.bss*)
 *(COMMON)
                [!provide]                PROVIDE (__bss_end, .)
                0x000000f4                __data_load_start = LOADADDR (.data)
                0x000000f4                __data_load_end = (__data_load_start + SIZEOF (.data))

.noinit         0x00803e00        0x0
                [!provide]                PROVIDE (__noinit_start, .)
 *(.noinit*)
                [!provide]                PROVIDE (__noinit_end, .)
                0x00803e00                _end = .
                [!provide]                PROVIDE (__heap_start, .)

.eeprom         0x00810000        0x0
 *(.eeprom*)
                0x00810000                __eeprom_end = .

.fuse
 *(.fuse)
 *(.lfuse)
 *(.hfuse)
 *(.efuse)

.lock
 *(.lock*)

.signature
 *(.signature*)

.user_signatures
 *(.user_signatures*)

.stab
 *(.stab)

.stabstr
 *(.stabstr)

.stab.excl
 *(.stab.excl)

.stab.exclstr
 *(.stab.exclstr)

.stab.index
 *(.stab.index)

.stab.indexstr
 *(.stab.indexstr)

.comment        0x00000000       0x30
 *(.comment)
 .comment       0x00000000       0x30 atmel_start.o
                                 0x31 (size before relaxing)
 .comment       0x00000030       0x31 driver_isr.o
 .comment       0x00000030       0x31 main.o
 .comment       0x00000030       0x31 src/bod.o
 .comment       0x00000030       0x31 src/clkctrl.o
 .comment       0x00000030       0x31 src/cpuint.o
 .comment       0x00000030       0x31 src/driver_init.o
 .comment       0x00000030       0x31 src/rtc.o
 .comment       0x00000030       0x31 src/slpctrl.o

.note.gnu.avr.deviceinfo
                0x00000000       0x3c
 .note.gnu.avr.deviceinfo
                0x00000000       0x3c C:/Program Files (x86)/Atmel/Studio/7.0/Packs/atmel/ATtiny_DFP/1.3.169/gcc/dev/attiny817/avrxmega3/short-calls/crtattiny817.o

.note.gnu.build-id
 *(.note.gnu.build-id)

.debug
 *(.debug)

.line
 *(.line)

.debug_srcinfo
 *(.debug_srcinfo)

.debug_sfnames
 *(.debug_sfnames)

.debug_aranges  0x00000000      0x128
 *(.debug_aranges)
 .debug_aranges
                0x00000000       0x20 atmel_start.o
 .debug_aranges
                0x00000020       0x20 driver_isr.o
 .debug_aranges
                0x00000040       0x20 main.o
 .debug_aranges
                0x00000060       0x20 src/bod.o
 .debug_aranges
                0x00000080       0x20 src/clkctrl.o
 .debug_aranges
                0x000000a0       0x20 src/cpuint.o
 .debug_aranges
                0x000000c0       0x28 src/driver_init.o
 .debug_aranges
                0x000000e8       0x20 src/rtc.o
 .debug_aranges
                0x00000108       0x20 src/slpctrl.o

.debug_pubnames
 *(.debug_pubnames)

.debug_info     0x00000000     0x2864
 *(.debug_info .gnu.linkonce.wi.*)
 .debug_info    0x00000000     0x16bc C:/Program Files (x86)/Atmel/Studio/7.0/Packs/atmel/ATtiny_DFP/1.3.169/gcc/dev/attiny817/avrxmega3/short-calls/crtattiny817.o
 .debug_info    0x000016bc       0x9a atmel_start.o
 .debug_info    0x00001756      0x581 driver_isr.o
 .debug_info    0x00001cd7       0x9f main.o
 .debug_info    0x00001d76       0x8d src/bod.o
 .debug_info    0x00001e03       0x8d src/clkctrl.o
 .debug_info    0x00001e90       0x8d src/cpuint.o
 .debug_info    0x00001f1d      0x504 src/driver_init.o
 .debug_info    0x00002421      0x3b6 src/rtc.o
 .debug_info    0x000027d7       0x8d src/slpctrl.o

.debug_abbrev   0x00000000     0x1afb
 *(.debug_abbrev)
 .debug_abbrev  0x00000000     0x1582 C:/Program Files (x86)/Atmel/Studio/7.0/Packs/atmel/ATtiny_DFP/1.3.169/gcc/dev/attiny817/avrxmega3/short-calls/crtattiny817.o
 .debug_abbrev  0x00001582       0x63 atmel_start.o
 .debug_abbrev  0x000015e5      0x113 driver_isr.o
 .debug_abbrev  0x000016f8       0x68 main.o
 .debug_abbrev  0x00001760       0x51 src/bod.o
 .debug_abbrev  0x000017b1       0x51 src/clkctrl.o
 .debug_abbrev  0x00001802       0x51 src/cpuint.o
 .debug_abbrev  0x00001853      0x183 src/driver_init.o
 .debug_abbrev  0x000019d6       0xd4 src/rtc.o
 .debug_abbrev  0x00001aaa       0x51 src/slpctrl.o

.debug_line     0x00000000      0x8e9
 *(.debug_line .debug_line.* .debug_line_end)
 .debug_line    0x00000000      0x136 C:/Program Files (x86)/Atmel/Studio/7.0/Packs/atmel/ATtiny_DFP/1.3.169/gcc/dev/attiny817/avrxmega3/short-calls/crtattiny817.o
 .debug_line    0x00000136       0x60 atmel_start.o
 .debug_line    0x00000196      0x142 driver_isr.o
 .debug_line    0x000002d8       0x4e main.o
 .debug_line    0x00000326       0xa2 src/bod.o
 .debug_line    0x000003c8       0xa6 src/clkctrl.o
 .debug_line    0x0000046e       0xab src/cpuint.o
 .debug_line    0x00000519      0x204 src/driver_init.o
 .debug_line    0x0000071d      0x126 src/rtc.o
 .debug_line    0x00000843       0xa6 src/slpctrl.o

.debug_frame    0x00000000      0x164
 *(.debug_frame)
 .debug_frame   0x00000000       0x24 atmel_start.o
 .debug_frame   0x00000024       0x34 driver_isr.o
 .debug_frame   0x00000058       0x24 main.o
 .debug_frame   0x0000007c       0x24 src/bod.o
 .debug_frame   0x000000a0       0x24 src/clkctrl.o
 .debug_frame   0x000000c4       0x24 src/cpuint.o
 .debug_frame   0x000000e8       0x34 src/driver_init.o
 .debug_frame   0x0000011c       0x24 src/rtc.o
 .debug_frame   0x00000140       0x24 src/slpctrl.o

.debug_str      0x00000000     0x1089
 *(.debug_str)
 .debug_str     0x00000000      0x9a7 C:/Program Files (x86)/Atmel/Studio/7.0/Packs/atmel/ATtiny_DFP/1.3.169/gcc/dev/attiny817/avrxmega3/short-calls/crtattiny817.o
 .debug_str     0x000009a7      0x1c3 atmel_start.o
                                0x1f7 (size before relaxing)
 .debug_str     0x00000b6a      0x24e driver_isr.o
                                0x44e (size before relaxing)
 .debug_str     0x00000db8       0x11 main.o
                                0x1e9 (size before relaxing)
 .debug_str     0x00000dc9       0x16 src/bod.o
                                0x1e4 (size before relaxing)
 .debug_str     0x00000ddf       0x1e src/clkctrl.o
                                0x1ec (size before relaxing)
 .debug_str     0x00000dfd       0x1c src/cpuint.o
                                0x1ea (size before relaxing)
 .debug_str     0x00000e19       0xc2 src/driver_init.o
                                0x423 (size before relaxing)
 .debug_str     0x00000edb      0x19d src/rtc.o
                                0x4fa (size before relaxing)
 .debug_str     0x00001078       0x11 src/slpctrl.o
                                0x1ec (size before relaxing)

.debug_loc      0x00000000       0xd6
 *(.debug_loc)
 .debug_loc     0x00000000       0x50 driver_isr.o
 .debug_loc     0x00000050       0x86 src/driver_init.o

.debug_macinfo
 *(.debug_macinfo)

.debug_weaknames
 *(.debug_weaknames)

.debug_funcnames
 *(.debug_funcnames)

.debug_typenames
 *(.debug_typenames)

.debug_varnames
 *(.debug_varnames)

.debug_pubtypes
 *(.debug_pubtypes)

.debug_ranges   0x00000000       0x98
 *(.debug_ranges)
 .debug_ranges  0x00000000       0x10 atmel_start.o
 .debug_ranges  0x00000010       0x10 driver_isr.o
 .debug_ranges  0x00000020       0x10 main.o
 .debug_ranges  0x00000030       0x10 src/bod.o
 .debug_ranges  0x00000040       0x10 src/clkctrl.o
 .debug_ranges  0x00000050       0x10 src/cpuint.o
 .debug_ranges  0x00000060       0x18 src/driver_init.o
 .debug_ranges  0x00000078       0x10 src/rtc.o
 .debug_ranges  0x00000088       0x10 src/slpctrl.o

.debug_macro
 *(.debug_macro)
OUTPUT(Getting started events ATtiny817 assignment1 RTC LED.elf elf32-avr)
LOAD linker stubs
