Archive member included to satisfy reference by file (symbol)

c:/program files (x86)/atmel/studio/7.0/toolchain/avr8/avr8-gnu-toolchain/bin/../lib/gcc/avr/5.4.0/avrxmega3\libgcc.a(_exit.o)
                              C:/Program Files (x86)/Atmel/Studio/7.0/Packs/Atmel/ATtiny_DFP/1.3.229/gcc/dev/attiny1617/avrxmega3/crtattiny1617.o (exit)
c:/program files (x86)/atmel/studio/7.0/toolchain/avr8/avr8-gnu-toolchain/bin/../lib/gcc/avr/5.4.0/avrxmega3\libgcc.a(_tablejump2.o)
                              main.o (__tablejump2__)
c:/program files (x86)/atmel/studio/7.0/toolchain/avr8/avr8-gnu-toolchain/bin/../lib/gcc/avr/5.4.0/avrxmega3\libgcc.a(_clear_bss.o)
                              main.o (__do_clear_bss)
C:/Program Files (x86)/Atmel/Studio/7.0/Packs/Atmel/ATtiny_DFP/1.3.229/gcc/dev/attiny1617/avrxmega3\libattiny1617.a(ccp_write.o)
                              main.o (ccp_write_io)

Allocating common symbols
Common symbol       size              file

p_BIGrcvData        0x2               main.o
g_ul_tick_count     0x2               main.o
g_sensitivityLoByte
                    0x1               main.o
mState              0x1               main.o
p_GPSrcvData        0x2               main.o
g_sensitivityHiBit  0x1               main.o
uBloxStatus         0x1               main.o
GPSSearchPtr        0x2               main.o

Discarded input sections

 .data          0x00000000        0x0 C:/Program Files (x86)/Atmel/Studio/7.0/Packs/Atmel/ATtiny_DFP/1.3.229/gcc/dev/attiny1617/avrxmega3/crtattiny1617.o
 .bss           0x00000000        0x0 C:/Program Files (x86)/Atmel/Studio/7.0/Packs/Atmel/ATtiny_DFP/1.3.229/gcc/dev/attiny1617/avrxmega3/crtattiny1617.o
 .text          0x00000000        0x0 atmel_start.o
 .data          0x00000000        0x0 atmel_start.o
 .bss           0x00000000        0x0 atmel_start.o
 .text          0x00000000        0x0 main.o
 .data          0x00000000        0x0 main.o
 .bss           0x00000000        0x0 main.o
 .text.getBatt  0x00000000       0xb2 main.o
 .text.getLight
                0x00000000        0x2 main.o
 .text.searchRcvBuff
                0x00000000       0x42 main.o
 .text.redBlinkLong
                0x00000000       0x3a main.o
 .text.sendSPIbuff
                0x00000000       0x3e main.o
 .text.sendSPIbyte
                0x00000000       0x1a main.o
 .text.rcvSPIbuff
                0x00000000       0x1e main.o
 .text.USART_0_putc
                0x00000000       0x12 main.o
 .text.LCDbottomLine
                0x00000000       0x3a main.o
 .text.getPIRbit
                0x00000000       0x1c main.o
 .text.getPIRbyte
                0x00000000       0x4a main.o
 .text          0x00000000        0x0 src/bod.o
 .data          0x00000000        0x0 src/bod.o
 .bss           0x00000000        0x0 src/bod.o
 .text          0x00000000        0x0 src/clkctrl.o
 .data          0x00000000        0x0 src/clkctrl.o
 .bss           0x00000000        0x0 src/clkctrl.o
 .text          0x00000000        0x0 src/cpuint.o
 .data          0x00000000        0x0 src/cpuint.o
 .bss           0x00000000        0x0 src/cpuint.o
 .text          0x00000000        0x0 src/driver_init.o
 .data          0x00000000        0x0 src/driver_init.o
 .bss           0x00000000        0x0 src/driver_init.o
 .text          0x00000000        0x0 src/protected_io.o
 .data          0x00000000        0x0 src/protected_io.o
 .bss           0x00000000        0x0 src/protected_io.o
 .text          0x00000000        0x0 src/rtc.o
 .data          0x00000000        0x0 src/rtc.o
 .bss           0x00000000        0x0 src/rtc.o
 .text          0x00000000        0x0 src/slpctrl.o
 .data          0x00000000        0x0 src/slpctrl.o
 .bss           0x00000000        0x0 src/slpctrl.o
 .text          0x00000000        0x0 src/usart.o
 .data          0x00000000        0x0 src/usart.o
 .bss           0x00000000        0x0 src/usart.o
 .text          0x00000000        0x0 TWI_BitBangALS.o
 .data          0x00000000        0x0 TWI_BitBangALS.o
 .bss           0x00000000        0x0 TWI_BitBangALS.o
 .text.twi_disable
                0x00000000        0xc TWI_BitBangALS.o
 .text.write_scl
                0x00000000        0xc TWI_BitBangALS.o
 .text.write_sda
                0x00000000        0xe TWI_BitBangALS.o
 .text.twi_init
                0x00000000       0x10 TWI_BitBangALS.o
 .text.myDelay_twi
                0x00000000       0x22 TWI_BitBangALS.o
 .text.twi_start_cond
                0x00000000       0x1c TWI_BitBangALS.o
 .text.twi_stop_cond
                0x00000000       0x22 TWI_BitBangALS.o
 .text.i2c_write_byte
                0x00000000       0x66 TWI_BitBangALS.o
 .text.send_slave_address
                0x00000000        0x8 TWI_BitBangALS.o
 .text.i2cAddressTestRd
                0x00000000       0x1a TWI_BitBangALS.o
 .text.i2cAddressTest
                0x00000000       0x1a TWI_BitBangALS.o
 .text.i2c_write_data
                0x00000000       0x74 TWI_BitBangALS.o
 .text.i2c_read_byte
                0x00000000       0xba TWI_BitBangALS.o
 .text.i2c_read_data
                0x00000000       0x68 TWI_BitBangALS.o
 .debug_info    0x00000000      0xe71 TWI_BitBangALS.o
 .debug_abbrev  0x00000000      0x2cd TWI_BitBangALS.o
 .debug_loc     0x00000000      0x9b4 TWI_BitBangALS.o
 .debug_aranges
                0x00000000       0x88 TWI_BitBangALS.o
 .debug_ranges  0x00000000       0x78 TWI_BitBangALS.o
 .debug_line    0x00000000      0x563 TWI_BitBangALS.o
 .debug_str     0x00000000      0x4e8 TWI_BitBangALS.o
 .comment       0x00000000       0x31 TWI_BitBangALS.o
 .debug_frame   0x00000000      0x180 TWI_BitBangALS.o
 .text          0x00000000        0x0 utils/initTinyBoard.o
 .data          0x00000000        0x0 utils/initTinyBoard.o
 .bss           0x00000000        0x0 utils/initTinyBoard.o
 .debug_info    0x00000000       0x5d utils/initTinyBoard.o
 .debug_abbrev  0x00000000       0x26 utils/initTinyBoard.o
 .debug_aranges
                0x00000000       0x18 utils/initTinyBoard.o
 .debug_line    0x00000000       0x1a utils/initTinyBoard.o
 .debug_str     0x00000000      0x1ab utils/initTinyBoard.o
 .comment       0x00000000       0x31 utils/initTinyBoard.o
 .text          0x00000000        0x0 c:/program files (x86)/atmel/studio/7.0/toolchain/avr8/avr8-gnu-toolchain/bin/../lib/gcc/avr/5.4.0/avrxmega3\libgcc.a(_exit.o)
 .data          0x00000000        0x0 c:/program files (x86)/atmel/studio/7.0/toolchain/avr8/avr8-gnu-toolchain/bin/../lib/gcc/avr/5.4.0/avrxmega3\libgcc.a(_exit.o)
 .bss           0x00000000        0x0 c:/program files (x86)/atmel/studio/7.0/toolchain/avr8/avr8-gnu-toolchain/bin/../lib/gcc/avr/5.4.0/avrxmega3\libgcc.a(_exit.o)
 .text.libgcc.mul
                0x00000000        0x0 c:/program files (x86)/atmel/studio/7.0/toolchain/avr8/avr8-gnu-toolchain/bin/../lib/gcc/avr/5.4.0/avrxmega3\libgcc.a(_exit.o)
 .text.libgcc.div
                0x00000000        0x0 c:/program files (x86)/atmel/studio/7.0/toolchain/avr8/avr8-gnu-toolchain/bin/../lib/gcc/avr/5.4.0/avrxmega3\libgcc.a(_exit.o)
 .text.libgcc   0x00000000        0x0 c:/program files (x86)/atmel/studio/7.0/toolchain/avr8/avr8-gnu-toolchain/bin/../lib/gcc/avr/5.4.0/avrxmega3\libgcc.a(_exit.o)
 .text.libgcc.prologue
                0x00000000        0x0 c:/program files (x86)/atmel/studio/7.0/toolchain/avr8/avr8-gnu-toolchain/bin/../lib/gcc/avr/5.4.0/avrxmega3\libgcc.a(_exit.o)
 .text.libgcc.builtins
                0x00000000        0x0 c:/program files (x86)/atmel/studio/7.0/toolchain/avr8/avr8-gnu-toolchain/bin/../lib/gcc/avr/5.4.0/avrxmega3\libgcc.a(_exit.o)
 .text.libgcc.fmul
                0x00000000        0x0 c:/program files (x86)/atmel/studio/7.0/toolchain/avr8/avr8-gnu-toolchain/bin/../lib/gcc/avr/5.4.0/avrxmega3\libgcc.a(_exit.o)
 .text.libgcc.fixed
                0x00000000        0x0 c:/program files (x86)/atmel/studio/7.0/toolchain/avr8/avr8-gnu-toolchain/bin/../lib/gcc/avr/5.4.0/avrxmega3\libgcc.a(_exit.o)
 .text          0x00000000        0x0 c:/program files (x86)/atmel/studio/7.0/toolchain/avr8/avr8-gnu-toolchain/bin/../lib/gcc/avr/5.4.0/avrxmega3\libgcc.a(_tablejump2.o)
 .data          0x00000000        0x0 c:/program files (x86)/atmel/studio/7.0/toolchain/avr8/avr8-gnu-toolchain/bin/../lib/gcc/avr/5.4.0/avrxmega3\libgcc.a(_tablejump2.o)
 .bss           0x00000000        0x0 c:/program files (x86)/atmel/studio/7.0/toolchain/avr8/avr8-gnu-toolchain/bin/../lib/gcc/avr/5.4.0/avrxmega3\libgcc.a(_tablejump2.o)
 .text.libgcc.mul
                0x00000000        0x0 c:/program files (x86)/atmel/studio/7.0/toolchain/avr8/avr8-gnu-toolchain/bin/../lib/gcc/avr/5.4.0/avrxmega3\libgcc.a(_tablejump2.o)
 .text.libgcc.div
                0x00000000        0x0 c:/program files (x86)/atmel/studio/7.0/toolchain/avr8/avr8-gnu-toolchain/bin/../lib/gcc/avr/5.4.0/avrxmega3\libgcc.a(_tablejump2.o)
 .text.libgcc.prologue
                0x00000000        0x0 c:/program files (x86)/atmel/studio/7.0/toolchain/avr8/avr8-gnu-toolchain/bin/../lib/gcc/avr/5.4.0/avrxmega3\libgcc.a(_tablejump2.o)
 .text.libgcc.builtins
                0x00000000        0x0 c:/program files (x86)/atmel/studio/7.0/toolchain/avr8/avr8-gnu-toolchain/bin/../lib/gcc/avr/5.4.0/avrxmega3\libgcc.a(_tablejump2.o)
 .text.libgcc.fmul
                0x00000000        0x0 c:/program files (x86)/atmel/studio/7.0/toolchain/avr8/avr8-gnu-toolchain/bin/../lib/gcc/avr/5.4.0/avrxmega3\libgcc.a(_tablejump2.o)
 .text.libgcc.fixed
                0x00000000        0x0 c:/program files (x86)/atmel/studio/7.0/toolchain/avr8/avr8-gnu-toolchain/bin/../lib/gcc/avr/5.4.0/avrxmega3\libgcc.a(_tablejump2.o)
 .text          0x00000000        0x0 c:/program files (x86)/atmel/studio/7.0/toolchain/avr8/avr8-gnu-toolchain/bin/../lib/gcc/avr/5.4.0/avrxmega3\libgcc.a(_clear_bss.o)
 .data          0x00000000        0x0 c:/program files (x86)/atmel/studio/7.0/toolchain/avr8/avr8-gnu-toolchain/bin/../lib/gcc/avr/5.4.0/avrxmega3\libgcc.a(_clear_bss.o)
 .bss           0x00000000        0x0 c:/program files (x86)/atmel/studio/7.0/toolchain/avr8/avr8-gnu-toolchain/bin/../lib/gcc/avr/5.4.0/avrxmega3\libgcc.a(_clear_bss.o)
 .text.libgcc.mul
                0x00000000        0x0 c:/program files (x86)/atmel/studio/7.0/toolchain/avr8/avr8-gnu-toolchain/bin/../lib/gcc/avr/5.4.0/avrxmega3\libgcc.a(_clear_bss.o)
 .text.libgcc.div
                0x00000000        0x0 c:/program files (x86)/atmel/studio/7.0/toolchain/avr8/avr8-gnu-toolchain/bin/../lib/gcc/avr/5.4.0/avrxmega3\libgcc.a(_clear_bss.o)
 .text.libgcc   0x00000000        0x0 c:/program files (x86)/atmel/studio/7.0/toolchain/avr8/avr8-gnu-toolchain/bin/../lib/gcc/avr/5.4.0/avrxmega3\libgcc.a(_clear_bss.o)
 .text.libgcc.prologue
                0x00000000        0x0 c:/program files (x86)/atmel/studio/7.0/toolchain/avr8/avr8-gnu-toolchain/bin/../lib/gcc/avr/5.4.0/avrxmega3\libgcc.a(_clear_bss.o)
 .text.libgcc.builtins
                0x00000000        0x0 c:/program files (x86)/atmel/studio/7.0/toolchain/avr8/avr8-gnu-toolchain/bin/../lib/gcc/avr/5.4.0/avrxmega3\libgcc.a(_clear_bss.o)
 .text.libgcc.fmul
                0x00000000        0x0 c:/program files (x86)/atmel/studio/7.0/toolchain/avr8/avr8-gnu-toolchain/bin/../lib/gcc/avr/5.4.0/avrxmega3\libgcc.a(_clear_bss.o)
 .text.libgcc.fixed
                0x00000000        0x0 c:/program files (x86)/atmel/studio/7.0/toolchain/avr8/avr8-gnu-toolchain/bin/../lib/gcc/avr/5.4.0/avrxmega3\libgcc.a(_clear_bss.o)
 .text          0x00000000        0x0 C:/Program Files (x86)/Atmel/Studio/7.0/Packs/Atmel/ATtiny_DFP/1.3.229/gcc/dev/attiny1617/avrxmega3\libattiny1617.a(ccp_write.o)
 .data          0x00000000        0x0 C:/Program Files (x86)/Atmel/Studio/7.0/Packs/Atmel/ATtiny_DFP/1.3.229/gcc/dev/attiny1617/avrxmega3\libattiny1617.a(ccp_write.o)
 .bss           0x00000000        0x0 C:/Program Files (x86)/Atmel/Studio/7.0/Packs/Atmel/ATtiny_DFP/1.3.229/gcc/dev/attiny1617/avrxmega3\libattiny1617.a(ccp_write.o)

Memory Configuration

Name             Origin             Length             Attributes
text             0x00000000         0x00100000         xr
data             0x00802000         0x0000ffa0         rw !x
eeprom           0x00810000         0x00010000         rw !x
fuse             0x00820000         0x00000009         rw !x
lock             0x00830000         0x00000400         rw !x
signature        0x00840000         0x00000400         rw !x
user_signatures  0x00850000         0x00000400         rw !x
*default*        0x00000000         0xffffffff

Linker script and memory map

Address of section .data set to 0x803800
                0x00008000                __RODATA_PM_OFFSET__ = 0x8000
LOAD C:/Program Files (x86)/Atmel/Studio/7.0/Packs/Atmel/ATtiny_DFP/1.3.229/gcc/dev/attiny1617/avrxmega3/crtattiny1617.o
LOAD atmel_start.o
LOAD main.o
LOAD src/bod.o
LOAD src/clkctrl.o
LOAD src/cpuint.o
LOAD src/driver_init.o
LOAD src/protected_io.o
LOAD src/rtc.o
LOAD src/slpctrl.o
LOAD src/usart.o
LOAD TWI_BitBangALS.o
LOAD utils/initTinyBoard.o
START GROUP
LOAD c:/program files (x86)/atmel/studio/7.0/toolchain/avr8/avr8-gnu-toolchain/bin/../lib/gcc/avr/5.4.0/../../../../avr/lib/avrxmega3\libm.a
END GROUP
START GROUP
LOAD c:/program files (x86)/atmel/studio/7.0/toolchain/avr8/avr8-gnu-toolchain/bin/../lib/gcc/avr/5.4.0/avrxmega3\libgcc.a
LOAD c:/program files (x86)/atmel/studio/7.0/toolchain/avr8/avr8-gnu-toolchain/bin/../lib/gcc/avr/5.4.0/../../../../avr/lib/avrxmega3\libm.a
LOAD c:/program files (x86)/atmel/studio/7.0/toolchain/avr8/avr8-gnu-toolchain/bin/../lib/gcc/avr/5.4.0/../../../../avr/lib/avrxmega3\libc.a
LOAD C:/Program Files (x86)/Atmel/Studio/7.0/Packs/Atmel/ATtiny_DFP/1.3.229/gcc/dev/attiny1617/avrxmega3\libattiny1617.a
END GROUP
                0x00000000                __TEXT_REGION_ORIGIN__ = DEFINED (__TEXT_REGION_ORIGIN__)?__TEXT_REGION_ORIGIN__:0x0
                0x00802000                __DATA_REGION_ORIGIN__ = DEFINED (__DATA_REGION_ORIGIN__)?__DATA_REGION_ORIGIN__:0x802000
                0x00100000                __TEXT_REGION_LENGTH__ = DEFINED (__TEXT_REGION_LENGTH__)?__TEXT_REGION_LENGTH__:0x100000
                0x0000ffa0                __DATA_REGION_LENGTH__ = DEFINED (__DATA_REGION_LENGTH__)?__DATA_REGION_LENGTH__:0xffa0
                0x00010000                __EEPROM_REGION_LENGTH__ = DEFINED (__EEPROM_REGION_LENGTH__)?__EEPROM_REGION_LENGTH__:0x10000
                [0x00000009]                __FUSE_REGION_LENGTH__ = DEFINED (__FUSE_REGION_LENGTH__)?__FUSE_REGION_LENGTH__:0x400
                0x00000400                __LOCK_REGION_LENGTH__ = DEFINED (__LOCK_REGION_LENGTH__)?__LOCK_REGION_LENGTH__:0x400
                0x00000400                __SIGNATURE_REGION_LENGTH__ = DEFINED (__SIGNATURE_REGION_LENGTH__)?__SIGNATURE_REGION_LENGTH__:0x400
                0x00000400                __USER_SIGNATURE_REGION_LENGTH__ = DEFINED (__USER_SIGNATURE_REGION_LENGTH__)?__USER_SIGNATURE_REGION_LENGTH__:0x400
                0x00008000                __RODATA_PM_OFFSET__ = DEFINED (__RODATA_PM_OFFSET__)?__RODATA_PM_OFFSET__:0x8000

.hash
 *(.hash)

.dynsym
 *(.dynsym)

.dynstr
 *(.dynstr)

.gnu.version
 *(.gnu.version)

.gnu.version_d
 *(.gnu.version_d)

.gnu.version_r
 *(.gnu.version_r)

.rel.init
 *(.rel.init)

.rela.init
 *(.rela.init)

.rel.text
 *(.rel.text)
 *(.rel.text.*)
 *(.rel.gnu.linkonce.t*)

.rela.text
 *(.rela.text)
 *(.rela.text.*)
 *(.rela.gnu.linkonce.t*)

.rel.fini
 *(.rel.fini)

.rela.fini
 *(.rela.fini)

.rel.rodata
 *(.rel.rodata)
 *(.rel.rodata.*)
 *(.rel.gnu.linkonce.r*)

.rela.rodata
 *(.rela.rodata)
 *(.rela.rodata.*)
 *(.rela.gnu.linkonce.r*)

.rel.data
 *(.rel.data)
 *(.rel.data.*)
 *(.rel.gnu.linkonce.d*)

.rela.data
 *(.rela.data)
 *(.rela.data.*)
 *(.rela.gnu.linkonce.d*)

.rel.ctors
 *(.rel.ctors)

.rela.ctors
 *(.rela.ctors)

.rel.dtors
 *(.rel.dtors)

.rela.dtors
 *(.rela.dtors)

.rel.got
 *(.rel.got)

.rela.got
 *(.rela.got)

.rel.bss
 *(.rel.bss)

.rela.bss
 *(.rela.bss)

.rel.plt
 *(.rel.plt)

.rela.plt
 *(.rela.plt)

.text           0x00000000     0x233c
 *(.vectors)
 .vectors       0x00000000       0x7c C:/Program Files (x86)/Atmel/Studio/7.0/Packs/Atmel/ATtiny_DFP/1.3.229/gcc/dev/attiny1617/avrxmega3/crtattiny1617.o
                0x00000000                __vector_default
                0x00000000                __vectors
 *(.vectors)
 *(.progmem.gcc*)
 .progmem.gcc_sw_table.asciiToHex
                0x0000007c       0x26 main.o
 .progmem.gcc_sw_table.asciiHexToHex
                0x000000a2       0x5a main.o
 .progmem.gcc_sw_table.hex1ToAscii
                0x000000fc       0x20 main.o
 .progmem.gcc_sw_table.main
                0x0000011c       0x10 main.o
                0x0000012c                . = ALIGN (0x2)
                0x0000012c                __trampolines_start = .
 *(.trampolines)
 .trampolines   0x0000012c        0x0 linker stubs
 *(.trampolines*)
                0x0000012c                __trampolines_end = .
 *libprintf_flt.a:*(.progmem.data)
 *libc.a:*(.progmem.data)
 *(.progmem*)
                0x0000012c                . = ALIGN (0x2)
 *(.jumptables)
 *(.jumptables*)
 *(.lowtext)
 *(.lowtext*)
                0x0000012c                __ctors_start = .
 *(.ctors)
                0x0000012c                __ctors_end = .
                0x0000012c                __dtors_start = .
 *(.dtors)
                0x0000012c                __dtors_end = .
 SORT(*)(.ctors)
 SORT(*)(.dtors)
 *(.init0)
 .init0         0x0000012c        0x0 C:/Program Files (x86)/Atmel/Studio/7.0/Packs/Atmel/ATtiny_DFP/1.3.229/gcc/dev/attiny1617/avrxmega3/crtattiny1617.o
                0x0000012c                __init
 *(.init0)
 *(.init1)
 *(.init1)
 *(.init2)
 .init2         0x0000012c        0xc C:/Program Files (x86)/Atmel/Studio/7.0/Packs/Atmel/ATtiny_DFP/1.3.229/gcc/dev/attiny1617/avrxmega3/crtattiny1617.o
 *(.init2)
 *(.init3)
 *(.init3)
 *(.init4)
 .init4         0x00000138       0x10 c:/program files (x86)/atmel/studio/7.0/toolchain/avr8/avr8-gnu-toolchain/bin/../lib/gcc/avr/5.4.0/avrxmega3\libgcc.a(_clear_bss.o)
                0x00000138                __do_clear_bss
 *(.init4)
 *(.init5)
 *(.init5)
 *(.init6)
 *(.init6)
 *(.init7)
 *(.init7)
 *(.init8)
 *(.init8)
 *(.init9)
 .init9         0x00000148        0x8 C:/Program Files (x86)/Atmel/Studio/7.0/Packs/Atmel/ATtiny_DFP/1.3.229/gcc/dev/attiny1617/avrxmega3/crtattiny1617.o
 *(.init9)
 *(.text)
 .text          0x00000150        0x4 C:/Program Files (x86)/Atmel/Studio/7.0/Packs/Atmel/ATtiny_DFP/1.3.229/gcc/dev/attiny1617/avrxmega3/crtattiny1617.o
                0x00000150                __vector_22
                0x00000150                __vector_28
                0x00000150                __vector_1
                0x00000150                __vector_24
                0x00000150                __vector_12
                0x00000150                __bad_interrupt
                0x00000150                __vector_6
                0x00000150                __vector_23
                0x00000150                __vector_30
                0x00000150                __vector_25
                0x00000150                __vector_11
                0x00000150                __vector_17
                0x00000150                __vector_19
                0x00000150                __vector_9
                0x00000150                __vector_2
                0x00000150                __vector_21
                0x00000150                __vector_15
                0x00000150                __vector_29
                0x00000150                __vector_8
                0x00000150                __vector_26
                0x00000150                __vector_14
                0x00000150                __vector_10
                0x00000150                __vector_16
                0x00000150                __vector_18
                0x00000150                __vector_20
                0x00000154                . = ALIGN (0x2)
 *(.text.*)
 .text.atmel_start_init
                0x00000154        0x6 atmel_start.o
                0x00000154                atmel_start_init
 .text.searchRcvBuffuBlox
                0x0000015a       0x50 main.o
                0x0000015a                searchRcvBuffuBlox
 .text.asciiToHex
                0x000001aa       0x96 main.o
                0x000001aa                asciiToHex
 .text.asciiHexToHex
                0x00000240       0xe4 main.o
                0x00000240                asciiHexToHex
 .text.delay_ms
                0x00000324       0x2e main.o
                0x00000324                delay_ms
 .text.redBlink
                0x00000352       0x3a main.o
                0x00000352                redBlink
 .text.myDelay_hus
                0x0000038c       0x2c main.o
                0x0000038c                myDelay_hus
 .text.usart_put_string
                0x000003b8       0x22 main.o
                0x000003b8                usart_put_string
 .text.initGPSuBlox
                0x000003da       0xbe main.o
                0x000003da                initGPSuBlox
 .text.hex1ToAscii
                0x00000498       0x4e main.o
                0x00000498                hex1ToAscii
 .text.hex2ToAscii
                0x000004e6       0x36 main.o
                0x000004e6                hex2ToAscii
 .text.LCDshort
                0x0000051c       0x86 main.o
                0x0000051c                LCDshort
 .text.LCDclear
                0x000005a2       0x46 main.o
                0x000005a2                LCDclear
 .text.LCDspace
                0x000005e8       0x18 main.o
                0x000005e8                LCDspace
 .text.clrRx    0x00000600       0x36 main.o
                0x00000600                clrRx
 .text.gpsReqDateUblox
                0x00000636      0x2c0 main.o
                0x00000636                gpsReqDateUblox
 .text.GPSgetDate
                0x000008f6       0x66 main.o
                0x000008f6                GPSgetDate
 .text.gpsReqStatusUblox
                0x0000095c      0x17e main.o
                0x0000095c                gpsReqStatusUblox
 .text.gpsReqLocUblox
                0x00000ada      0x4a4 main.o
                0x00000ada                gpsReqLocUblox
 .text.GPSgetTime
                0x00000f7e       0xac main.o
                0x00000f7e                GPSgetTime
 .text.calcCRC  0x0000102a       0x90 main.o
                0x0000102a                calcCRC
 .text.getByteFromBig
                0x000010ba      0x142 main.o
                0x000010ba                getByteFromBig
 .text.sendByteToBig
                0x000011fc      0x1a2 main.o
                0x000011fc                sendByteToBig
 .text.send25BytesToBig
                0x0000139e       0x7c main.o
                0x0000139e                send25BytesToBig
 .text.getPacketFromBig
                0x0000141a      0x31a main.o
                0x0000141a                getPacketFromBig
 .text.USART0_ON
                0x00001734       0x52 main.o
                0x00001734                USART0_ON
 .text.openGPSuBlox
                0x00001786       0x24 main.o
                0x00001786                openGPSuBlox
 .text.USART0_OFF
                0x000017aa        0xe main.o
                0x000017aa                USART0_OFF
 .text.closeGPS
                0x000017b8       0x18 main.o
                0x000017b8                closeGPS
 .text.gTryUblox
                0x000017d0       0xe0 main.o
                0x000017d0                gTryUblox
 .text.sleepPins
                0x000018b0      0x140 main.o
                0x000018b0                sleepPins
 .text.getGPS   0x000019f0       0xe0 main.o
                0x000019f0                getGPS
 .text.pirSUdelay
                0x00001ad0       0x10 main.o
                0x00001ad0                pirSUdelay
 .text.setPIRbitDN
                0x00001ae0       0x46 main.o
                0x00001ae0                setPIRbitDN
 .text.setPIRconfigDN
                0x00001b26       0x44 main.o
                0x00001b26                setPIRconfigDN
 .text.setPIRbitENT
                0x00001b6a       0x46 main.o
                0x00001b6a                setPIRbitENT
 .text.setPIRconfigENT
                0x00001bb0       0x44 main.o
                0x00001bb0                setPIRconfigENT
 .text.pirENDdelay
                0x00001bf4       0x10 main.o
                0x00001bf4                pirENDdelay
 .text.clearBothPIRinterrupts
                0x00001c04       0x12 main.o
                0x00001c04                clearBothPIRinterrupts
 .text.main     0x00001c16      0x2b8 main.o
                0x00001c16                main
 .text.__vector_13
                0x00001ece       0x24 main.o
                0x00001ece                __vector_13
 .text.__vector_5
                0x00001ef2       0x94 main.o
                0x00001ef2                __vector_5
 .text.__vector_27
                0x00001f86       0x74 main.o
                0x00001f86                __vector_27
 .text.__vector_4
                0x00001ffa       0x3e main.o
                0x00001ffa                __vector_4
 .text.__vector_3
                0x00002038       0x5e main.o
                0x00002038                __vector_3
 .text.__vector_7
                0x00002096      0x1c2 main.o
                0x00002096                __vector_7
 .text.BOD_init
                0x00002258        0x4 src/bod.o
                0x00002258                BOD_init
 .text.CLKCTRL_init
                0x0000225c       0x28 src/clkctrl.o
                0x0000225c                CLKCTRL_init
 .text.CPUINT_init
                0x00002284        0x4 src/cpuint.o
                0x00002284                CPUINT_init
 .text.mcu_init
                0x00002288       0x26 src/driver_init.o
                0x00002288                mcu_init
 .text.USART_0_initialization
                0x000022ae       0x16 src/driver_init.o
                0x000022ae                USART_0_initialization
 .text.system_init
                0x000022c4       0x1e src/driver_init.o
                0x000022c4                system_init
 .text.protected_write_io
                0x000022e2        0x8 src/protected_io.o
                0x000022e2                protected_write_io
 .text.RTC_0_init
                0x000022ea       0x1a src/rtc.o
                0x000022ea                RTC_0_init
 .text.SLPCTRL_init
                0x00002304        0x4 src/slpctrl.o
                0x00002304                SLPCTRL_init
 .text.USART_0_init
                0x00002308       0x18 src/usart.o
                0x00002308                USART_0_init
 .text.libgcc   0x00002320        0xc c:/program files (x86)/atmel/studio/7.0/toolchain/avr8/avr8-gnu-toolchain/bin/../lib/gcc/avr/5.4.0/avrxmega3\libgcc.a(_tablejump2.o)
                0x00002320                __tablejump2__
 .text.avr-libc
                0x0000232c        0xc C:/Program Files (x86)/Atmel/Studio/7.0/Packs/Atmel/ATtiny_DFP/1.3.229/gcc/dev/attiny1617/avrxmega3\libattiny1617.a(ccp_write.o)
                0x0000232c                ccp_write_io
                0x00002338                . = ALIGN (0x2)
 *(.fini9)
 .fini9         0x00002338        0x0 c:/program files (x86)/atmel/studio/7.0/toolchain/avr8/avr8-gnu-toolchain/bin/../lib/gcc/avr/5.4.0/avrxmega3\libgcc.a(_exit.o)
                0x00002338                _exit
                0x00002338                exit
 *(.fini9)
 *(.fini8)
 *(.fini8)
 *(.fini7)
 *(.fini7)
 *(.fini6)
 *(.fini6)
 *(.fini5)
 *(.fini5)
 *(.fini4)
 *(.fini4)
 *(.fini3)
 *(.fini3)
 *(.fini2)
 *(.fini2)
 *(.fini1)
 *(.fini1)
 *(.fini0)
 .fini0         0x00002338        0x4 c:/program files (x86)/atmel/studio/7.0/toolchain/avr8/avr8-gnu-toolchain/bin/../lib/gcc/avr/5.4.0/avrxmega3\libgcc.a(_exit.o)
 *(.fini0)
                0x0000233c                _etext = .

.rodata         0x0000a33c      0x118 load address 0x0000233c
 *(.rodata)
 .rodata        0x0000a33c       0xb7 main.o
 *(.rodata*)
 .rodata.str1.1
                0x0000a3f3       0x61 main.o
                                 0x63 (size before relaxing)
 *(.gnu.linkonce.r*)

.data           0x00803800        0x0 load address 0x00002454
                [!provide]                PROVIDE (__data_start, .)
 *(.data)
 *(.data*)
 *(.gnu.linkonce.d*)
                0x00803800                . = ALIGN (0x2)
                0x00803800                _edata = .
                [!provide]                PROVIDE (__data_end, .)

.bss            0x00803800      0x107
                0x00803800                PROVIDE (__bss_start, .)
 *(.bss)
 *(.bss*)
 .bss.g_durCtr  0x00803800        0x1 main.o
 .bss.g_holdForBigFlag
                0x00803801        0x1 main.o
 .bss.g_motionPatternMaskENT
                0x00803802        0x1 main.o
 .bss.g_motionPatternIndexENT
                0x00803803        0x1 main.o
 .bss.g_motionMinTotalENT
                0x00803804        0x1 main.o
 .bss.g_durIndexENT
                0x00803805        0x1 main.o
 .bss.g_motSecCtrENT
                0x00803806        0x1 main.o
 .bss.g_tripFlagENT
                0x00803807        0x1 main.o
 .bss.g_numTripZeroCtrENT
                0x00803808        0x1 main.o
 .bss.g_gotMotionENT
                0x00803809        0x1 main.o
 .bss.g_motionMinTotalDN
                0x0080380a        0x1 main.o
 .bss.g_gotMotionDN
                0x0080380b        0x1 main.o
 .bss.g_GPSrcv_buffer
                0x0080380c       0xb6 main.o
 .bss.motParams
                0x008038c2       0x1c main.o
 .bss.gpsParams
                0x008038de       0x19 main.o
 .bss.timeToFix
                0x008038f7        0x2 main.o
 .bss.endOfLineFlag
                0x008038f9        0x1 main.o
 .bss.g_rcvdCmd
                0x008038fa        0x1 main.o
                0x008038fa                g_rcvdCmd
 *(COMMON)
 COMMON         0x008038fb        0xc main.o
                0x008038fb                p_BIGrcvData
                0x008038fd                g_ul_tick_count
                0x008038ff                g_sensitivityLoByte
                0x00803900                mState
                0x00803901                p_GPSrcvData
                0x00803903                g_sensitivityHiBit
                0x00803904                uBloxStatus
                0x00803905                GPSSearchPtr
                0x00803907                PROVIDE (__bss_end, .)
                0x00002454                __data_load_start = LOADADDR (.data)
                0x00002454                __data_load_end = (__data_load_start + SIZEOF (.data))

.noinit         0x00803907        0x0
                [!provide]                PROVIDE (__noinit_start, .)
 *(.noinit*)
                [!provide]                PROVIDE (__noinit_end, .)
                0x00803907                _end = .
                [!provide]                PROVIDE (__heap_start, .)

.eeprom         0x00810000        0x0
 *(.eeprom*)
                0x00810000                __eeprom_end = .

.fuse
 *(.fuse)
 *(.lfuse)
 *(.hfuse)
 *(.efuse)

.lock
 *(.lock*)

.signature
 *(.signature*)

.user_signatures
 *(.user_signatures*)

.stab
 *(.stab)

.stabstr
 *(.stabstr)

.stab.excl
 *(.stab.excl)

.stab.exclstr
 *(.stab.exclstr)

.stab.index
 *(.stab.index)

.stab.indexstr
 *(.stab.indexstr)

.comment        0x00000000       0x60
 *(.comment)
 .comment       0x00000000       0x30 atmel_start.o
                                 0x31 (size before relaxing)
 .comment       0x00000030       0x30 main.o
                                 0x31 (size before relaxing)
 .comment       0x00000060       0x31 src/bod.o
 .comment       0x00000060       0x31 src/clkctrl.o
 .comment       0x00000060       0x31 src/cpuint.o
 .comment       0x00000060       0x31 src/driver_init.o
 .comment       0x00000060       0x31 src/rtc.o
 .comment       0x00000060       0x31 src/slpctrl.o
 .comment       0x00000060       0x31 src/usart.o

.note.gnu.avr.deviceinfo
                0x00000000       0x40
 .note.gnu.avr.deviceinfo
                0x00000000       0x40 C:/Program Files (x86)/Atmel/Studio/7.0/Packs/Atmel/ATtiny_DFP/1.3.229/gcc/dev/attiny1617/avrxmega3/crtattiny1617.o

.note.gnu.build-id
 *(.note.gnu.build-id)

.debug
 *(.debug)

.line
 *(.line)

.debug_srcinfo
 *(.debug_srcinfo)

.debug_sfnames
 *(.debug_sfnames)

.debug_aranges  0x00000000      0x328
 *(.debug_aranges)
 .debug_aranges
                0x00000000       0x20 atmel_start.o
 .debug_aranges
                0x00000020      0x1d8 main.o
 .debug_aranges
                0x000001f8       0x20 src/bod.o
 .debug_aranges
                0x00000218       0x20 src/clkctrl.o
 .debug_aranges
                0x00000238       0x20 src/cpuint.o
 .debug_aranges
                0x00000258       0x30 src/driver_init.o
 .debug_aranges
                0x00000288       0x20 src/protected_io.o
 .debug_aranges
                0x000002a8       0x20 src/rtc.o
 .debug_aranges
                0x000002c8       0x20 src/slpctrl.o
 .debug_aranges
                0x000002e8       0x20 src/usart.o
 .debug_aranges
                0x00000308       0x20 C:/Program Files (x86)/Atmel/Studio/7.0/Packs/Atmel/ATtiny_DFP/1.3.229/gcc/dev/attiny1617/avrxmega3\libattiny1617.a(ccp_write.o)

.debug_pubnames
 *(.debug_pubnames)

.debug_info     0x00000000     0x8991
 *(.debug_info .gnu.linkonce.wi.*)
 .debug_info    0x00000000     0x19ed C:/Program Files (x86)/Atmel/Studio/7.0/Packs/Atmel/ATtiny_DFP/1.3.229/gcc/dev/attiny1617/avrxmega3/crtattiny1617.o
 .debug_info    0x000019ed       0x9a atmel_start.o
 .debug_info    0x00001a87     0x5bd8 main.o
 .debug_info    0x0000765f       0x8d src/bod.o
 .debug_info    0x000076ec      0x3f0 src/clkctrl.o
 .debug_info    0x00007adc       0x8d src/cpuint.o
 .debug_info    0x00007b69      0x656 src/driver_init.o
 .debug_info    0x000081bf       0xae src/protected_io.o
 .debug_info    0x0000826d      0x3b0 src/rtc.o
 .debug_info    0x0000861d       0x8d src/slpctrl.o
 .debug_info    0x000086aa      0x248 src/usart.o
 .debug_info    0x000088f2       0x9f C:/Program Files (x86)/Atmel/Studio/7.0/Packs/Atmel/ATtiny_DFP/1.3.229/gcc/dev/attiny1617/avrxmega3\libattiny1617.a(ccp_write.o)

.debug_abbrev   0x00000000     0x22c0
 *(.debug_abbrev)
 .debug_abbrev  0x00000000     0x1888 C:/Program Files (x86)/Atmel/Studio/7.0/Packs/Atmel/ATtiny_DFP/1.3.229/gcc/dev/attiny1617/avrxmega3/crtattiny1617.o
 .debug_abbrev  0x00001888       0x63 atmel_start.o
 .debug_abbrev  0x000018eb      0x433 main.o
 .debug_abbrev  0x00001d1e       0x51 src/bod.o
 .debug_abbrev  0x00001d6f      0x116 src/clkctrl.o
 .debug_abbrev  0x00001e85       0x51 src/cpuint.o
 .debug_abbrev  0x00001ed6      0x1c9 src/driver_init.o
 .debug_abbrev  0x0000209f       0x14 src/protected_io.o
 .debug_abbrev  0x000020b3       0xd4 src/rtc.o
 .debug_abbrev  0x00002187       0x51 src/slpctrl.o
 .debug_abbrev  0x000021d8       0xd4 src/usart.o
 .debug_abbrev  0x000022ac       0x14 C:/Program Files (x86)/Atmel/Studio/7.0/Packs/Atmel/ATtiny_DFP/1.3.229/gcc/dev/attiny1617/avrxmega3\libattiny1617.a(ccp_write.o)

.debug_line     0x00000000     0x30cc
 *(.debug_line .debug_line.* .debug_line_end)
 .debug_line    0x00000000      0x151 C:/Program Files (x86)/Atmel/Studio/7.0/Packs/Atmel/ATtiny_DFP/1.3.229/gcc/dev/attiny1617/avrxmega3/crtattiny1617.o
 .debug_line    0x00000151       0x60 atmel_start.o
 .debug_line    0x000001b1     0x26e8 main.o
 .debug_line    0x00002899       0xa2 src/bod.o
 .debug_line    0x0000293b      0x137 src/clkctrl.o
 .debug_line    0x00002a72       0xa5 src/cpuint.o
 .debug_line    0x00002b17      0x21b src/driver_init.o
 .debug_line    0x00002d32       0x55 src/protected_io.o
 .debug_line    0x00002d87      0x121 src/rtc.o
 .debug_line    0x00002ea8       0xa6 src/slpctrl.o
 .debug_line    0x00002f4e      0x117 src/usart.o
 .debug_line    0x00003065       0x67 C:/Program Files (x86)/Atmel/Studio/7.0/Packs/Atmel/ATtiny_DFP/1.3.229/gcc/dev/attiny1617/avrxmega3\libattiny1617.a(ccp_write.o)

.debug_frame    0x00000000      0x80c
 *(.debug_frame)
 .debug_frame   0x00000000       0x24 atmel_start.o
 .debug_frame   0x00000024      0x6cc main.o
 .debug_frame   0x000006f0       0x24 src/bod.o
 .debug_frame   0x00000714       0x24 src/clkctrl.o
 .debug_frame   0x00000738       0x24 src/cpuint.o
 .debug_frame   0x0000075c       0x44 src/driver_init.o
 .debug_frame   0x000007a0       0x24 src/rtc.o
 .debug_frame   0x000007c4       0x24 src/slpctrl.o
 .debug_frame   0x000007e8       0x24 src/usart.o

.debug_str      0x00000000     0x21dc
 *(.debug_str)
 .debug_str     0x00000000      0xacf C:/Program Files (x86)/Atmel/Studio/7.0/Packs/Atmel/ATtiny_DFP/1.3.229/gcc/dev/attiny1617/avrxmega3/crtattiny1617.o
 .debug_str     0x00000acf      0x18e atmel_start.o
                                0x1c2 (size before relaxing)
 .debug_str     0x00000c5d     0x1202 main.o
                               0x140c (size before relaxing)
 .debug_str     0x00001e5f       0x16 src/bod.o
                                0x1af (size before relaxing)
 .debug_str     0x00001e75       0xd9 src/clkctrl.o
                                0x455 (size before relaxing)
 .debug_str     0x00001f4e       0x1c src/cpuint.o
                                0x1b5 (size before relaxing)
 .debug_str     0x00001f6a       0x43 src/driver_init.o
                                0x48c (size before relaxing)
 .debug_str     0x00001fad      0x1c5 src/rtc.o
                                0x47b (size before relaxing)
 .debug_str     0x00002172       0x11 src/slpctrl.o
                                0x1b7 (size before relaxing)
 .debug_str     0x00002183       0x59 src/usart.o
                                0x331 (size before relaxing)

.debug_loc      0x00000000     0x4567
 *(.debug_loc)
 .debug_loc     0x00000000     0x4415 main.o
 .debug_loc     0x00004415       0x7b src/clkctrl.o
 .debug_loc     0x00004490       0xd7 src/driver_init.o

.debug_macinfo
 *(.debug_macinfo)

.debug_weaknames
 *(.debug_weaknames)

.debug_funcnames
 *(.debug_funcnames)

.debug_typenames
 *(.debug_typenames)

.debug_varnames
 *(.debug_varnames)

.debug_pubtypes
 *(.debug_pubtypes)

.debug_ranges   0x00000000      0x348
 *(.debug_ranges)
 .debug_ranges  0x00000000       0x10 atmel_start.o
 .debug_ranges  0x00000010      0x2b8 main.o
 .debug_ranges  0x000002c8       0x10 src/bod.o
 .debug_ranges  0x000002d8       0x10 src/clkctrl.o
 .debug_ranges  0x000002e8       0x10 src/cpuint.o
 .debug_ranges  0x000002f8       0x20 src/driver_init.o
 .debug_ranges  0x00000318       0x10 src/rtc.o
 .debug_ranges  0x00000328       0x10 src/slpctrl.o
 .debug_ranges  0x00000338       0x10 src/usart.o

.debug_macro
 *(.debug_macro)
OUTPUT(WDS_TINY_2020.elf elf32-avr)
LOAD linker stubs
